Archive member included because of file (symbol)

.\CortexM0\ARM_GCC_484\Debug\BLE Lab 1 PRoC.a(cyfitter_cfg.o)
                              .\CortexM0\ARM_GCC_484\Debug\Cm0Start.o (cyfitter_cfg)
.\CortexM0\ARM_GCC_484\Debug\BLE Lab 1 PRoC.a(BLE_1.o)
                              .\CortexM0\ARM_GCC_484\Debug\main.o (CyBle_Start)
.\CortexM0\ARM_GCC_484\Debug\BLE Lab 1 PRoC.a(BLE_1_gatt.o)
                              .\CortexM0\ARM_GCC_484\Debug\BLE Lab 1 PRoC.a(BLE_1.o) (cyBle_state)
.\CortexM0\ARM_GCC_484\Debug\BLE Lab 1 PRoC.a(BLE_1_ias.o)
                              .\CortexM0\ARM_GCC_484\Debug\BLE Lab 1 PRoC.a(BLE_1.o) (CyBle_IasInit)
.\CortexM0\ARM_GCC_484\Debug\BLE Lab 1 PRoC.a(BLE_1_eventHandler.o)
                              .\CortexM0\ARM_GCC_484\Debug\BLE Lab 1 PRoC.a(BLE_1.o) (cyBle_eventHandlerFlag)
.\CortexM0\ARM_GCC_484\Debug\BLE Lab 1 PRoC.a(CyLib.o)
                              .\CortexM0\ARM_GCC_484\Debug\BLE Lab 1 PRoC.a(cyfitter_cfg.o) (CyDelayUs)
.\CortexM0\ARM_GCC_484\Debug\BLE Lab 1 PRoC.a(PWM.o)
                              .\CortexM0\ARM_GCC_484\Debug\main.o (PWM_Start)
.\CortexM0\ARM_GCC_484\Debug\BLE Lab 1 PRoC.a(CyBootAsmGnu.o)
                              .\CortexM0\ARM_GCC_484\Debug\BLE Lab 1 PRoC.a(CyLib.o) (CyDelayCycles)
C:\Program Files (x86)\Cypress\PSoC Creator\3.1\PSoC Creator\psoc\content\cycomponentlibrary\CyComponentLibrary.cylib\BLE_v1_20\Library\gccCyBLEStack_BLE_SOC_PERIPHERAL.a(CyBle.o)
                              .\CortexM0\ARM_GCC_484\Debug\main.o (CyBle_ProcessEvents)
C:\Program Files (x86)\Cypress\PSoC Creator\3.1\PSoC Creator\psoc\content\cycomponentlibrary\CyComponentLibrary.cylib\BLE_v1_20\Library\gccCyBLEStack_BLE_SOC_PERIPHERAL.a(CyBleStackMgrIP_Interface.o)
                              C:\Program Files (x86)\Cypress\PSoC Creator\3.1\PSoC Creator\psoc\content\cycomponentlibrary\CyComponentLibrary.cylib\BLE_v1_20\Library\gccCyBLEStack_BLE_SOC_PERIPHERAL.a(CyBle.o) (CyBleStackMgr_BleGetConfigData)
C:\Program Files (x86)\Cypress\PSoC Creator\3.1\PSoC Creator\psoc\content\cycomponentlibrary\CyComponentLibrary.cylib\BLE_v1_20\Library\gccCyBLEStack_BLE_SOC_PERIPHERAL.a(BT_os.o)
                              C:\Program Files (x86)\Cypress\PSoC Creator\3.1\PSoC Creator\psoc\content\cycomponentlibrary\CyComponentLibrary.cylib\BLE_v1_20\Library\gccCyBLEStack_BLE_SOC_PERIPHERAL.a(CyBleStackMgrIP_Interface.o) (bt_stack_init_os)
C:\Program Files (x86)\Cypress\PSoC Creator\3.1\PSoC Creator\psoc\content\cycomponentlibrary\CyComponentLibrary.cylib\BLE_v1_20\Library\gccCyBLEStack_BLE_SOC_PERIPHERAL.a(CyBleStackMgr_StackTaskHandler.o)
                              C:\Program Files (x86)\Cypress\PSoC Creator\3.1\PSoC Creator\psoc\content\cycomponentlibrary\CyComponentLibrary.cylib\BLE_v1_20\Library\gccCyBLEStack_BLE_SOC_PERIPHERAL.a(CyBleStackMgrIP_Interface.o) (CyBle_CreateBleStackTask)
C:\Program Files (x86)\Cypress\PSoC Creator\3.1\PSoC Creator\psoc\content\cycomponentlibrary\CyComponentLibrary.cylib\BLE_v1_20\Library\gccCyBLEStack_BLE_SOC_PERIPHERAL.a(transport_sf.o)
                              C:\Program Files (x86)\Cypress\PSoC Creator\3.1\PSoC Creator\psoc\content\cycomponentlibrary\CyComponentLibrary.cylib\BLE_v1_20\Library\gccCyBLEStack_BLE_SOC_PERIPHERAL.a(CyBleStackMgr_StackTaskHandler.o) (hci_soft_transport_notify_data_received)
C:\Program Files (x86)\Cypress\PSoC Creator\3.1\PSoC Creator\psoc\content\cycomponentlibrary\CyComponentLibrary.cylib\BLE_v1_20\Library\gccCyBLEStack_BLE_SOC_PERIPHERAL.a(CyBleStackMgr_PSoCHal.o)
                              C:\Program Files (x86)\Cypress\PSoC Creator\3.1\PSoC Creator\psoc\content\cycomponentlibrary\CyComponentLibrary.cylib\BLE_v1_20\Library\gccCyBLEStack_BLE_SOC_PERIPHERAL.a(CyBleStackMgrIP_Interface.o) (CyBleStackMgr_HalInit)
C:\Program Files (x86)\Cypress\PSoC Creator\3.1\PSoC Creator\psoc\content\cycomponentlibrary\CyComponentLibrary.cylib\BLE_v1_20\Library\gccCyBLEStack_BLE_SOC_PERIPHERAL.a(CyBleStackMgr_BleSSDriver.o)
                              C:\Program Files (x86)\Cypress\PSoC Creator\3.1\PSoC Creator\psoc\content\cycomponentlibrary\CyComponentLibrary.cylib\BLE_v1_20\Library\gccCyBLEStack_BLE_SOC_PERIPHERAL.a(CyBleStackMgrIP_Interface.o) (CyBleStackMgr_BleSSInit)
C:\Program Files (x86)\Cypress\PSoC Creator\3.1\PSoC Creator\psoc\content\cycomponentlibrary\CyComponentLibrary.cylib\BLE_v1_20\Library\gccCyBLEStack_BLE_SOC_PERIPHERAL.a(config_bin.o)
                              C:\Program Files (x86)\Cypress\PSoC Creator\3.1\PSoC Creator\psoc\content\cycomponentlibrary\CyComponentLibrary.cylib\BLE_v1_20\Library\gccCyBLEStack_BLE_SOC_PERIPHERAL.a(CyBleStackMgr_PSoCHal.o) (bt_cfg_pdata)
C:\Program Files (x86)\Cypress\PSoC Creator\3.1\PSoC Creator\psoc\content\cycomponentlibrary\CyComponentLibrary.cylib\BLE_v1_20\Library\gccCyBLEStack_BLE_SOC_PERIPHERAL.a(mint_os.o)
[...]
Memory Configuration

Name             Origin             Length             Attributes
rom              0x00000000         0x00020000         xr
ram              0x20000000         0x00004000         xrw
*default*        0x00000000         0xffffffff

Linker script and memory map

LOAD c:/program files (x86)/cypress/psoc creator/3.1/psoc creator/import/gnu_cs/arm/4.8.4/bin/../lib/gcc/arm-none-eabi/4.8.4/armv6-m/crti.o
LOAD c:/program files (x86)/cypress/psoc creator/3.1/psoc creator/import/gnu_cs/arm/4.8.4/bin/../lib/gcc/arm-none-eabi/4.8.4/armv6-m/crtbegin.o
LOAD c:/program files (x86)/cypress/psoc creator/3.1/psoc creator/import/gnu_cs/arm/4.8.4/bin/../lib/gcc/arm-none-eabi/4.8.4/../../../../arm-none-eabi/lib/armv6-m/crt0.o
START GROUP
LOAD .\CortexM0\ARM_GCC_484\Debug\main.o
LOAD .\CortexM0\ARM_GCC_484\Debug\cymetadata.o
LOAD .\CortexM0\ARM_GCC_484\Debug\Cm0Start.o
LOAD .\CortexM0\ARM_GCC_484\Debug\BLE Lab 1 PRoC.a
LOAD C:\Program Files (x86)\Cypress\PSoC Creator\3.1\PSoC Creator\psoc\content\cycomponentlibrary\CyComponentLibrary.cylib\BLE_v1_20\Library\gccCyBLEStack_BLE_SOC_PERIPHERAL.a
LOAD C:\Program Files (x86)\Cypress\PSoC Creator\3.1\PSoC Creator\psoc\content\cycomponentlibrary\CyComponentLibrary.cylib\CortexM0\ARM_GCC_484\Debug\CyComponentLibrary.a
END GROUP
START GROUP
LOAD c:/program files (x86)/cypress/psoc creator/3.1/psoc creator/import/gnu_cs/arm/4.8.4/bin/../lib/gcc/arm-none-eabi/4.8.4/armv6-m\libgcc.a
LOAD c:/program files (x86)/cypress/psoc creator/3.1/psoc creator/import/gnu_cs/arm/4.8.4/bin/../lib/gcc/arm-none-eabi/4.8.4/../../../../arm-none-eabi/lib/armv6-m\libg_s.a
LOAD c:/program files (x86)/cypress/psoc creator/3.1/psoc creator/import/gnu_cs/arm/4.8.4/bin/../lib/gcc/arm-none-eabi/4.8.4/../../../../arm-none-eabi/lib/armv6-m\libc_s.a
END GROUP
START GROUP
LOAD c:/program files (x86)/cypress/psoc creator/3.1/psoc creator/import/gnu_cs/arm/4.8.4/bin/../lib/gcc/arm-none-eabi/4.8.4/armv6-m\libgcc.a
LOAD c:/program files (x86)/cypress/psoc creator/3.1/psoc creator/import/gnu_cs/arm/4.8.4/bin/../lib/gcc/arm-none-eabi/4.8.4/../../../../arm-none-eabi/lib/armv6-m\libc_s.a
END GROUP
LOAD c:/program files (x86)/cypress/psoc creator/3.1/psoc creator/import/gnu_cs/arm/4.8.4/bin/../lib/gcc/arm-none-eabi/4.8.4/armv6-m/crtend.o
LOAD c:/program files (x86)/cypress/psoc creator/3.1/psoc creator/import/gnu_cs/arm/4.8.4/bin/../lib/gcc/arm-none-eabi/4.8.4/armv6-m/crtn.o
START GROUP
LOAD c:/program files (x86)/cypress/psoc creator/3.1/psoc creator/import/gnu_cs/arm/4.8.4/bin/../lib/gcc/arm-none-eabi/4.8.4/armv6-m\libgcc.a
LOAD c:/program files (x86)/cypress/psoc creator/3.1/psoc creator/import/gnu_cs/arm/4.8.4/bin/../lib/gcc/arm-none-eabi/4.8.4/../../../../arm-none-eabi/lib/armv6-m\libc.a
LOAD c:/program files (x86)/cypress/psoc creator/3.1/psoc creator/import/gnu_cs/arm/4.8.4/bin/../lib/gcc/arm-none-eabi/4.8.4/../../../../arm-none-eabi/lib/armv6-m\libnosys.a
END GROUP
                0x00000000                CY_APPL_ORIGIN = 0x0
                0x00000080                CY_FLASH_ROW_SIZE = 0x80
                0x00000001                CY_APPL_NUM = 0x1
                0x00000040                CY_METADATA_SIZE = 0x40
                0x200024b0                PROVIDE (__cy_heap_start, _end)
                0x00000001                PROVIDE (__cy_region_num, ((__cy_regions_end - __cy_regions) / 0x10))
                0x20004000                PROVIDE (__cy_stack, (ORIGIN (ram) + 0x4000))
                0x20003800                PROVIDE (__cy_heap_end, (__cy_stack - 0x800))

.cybootloader   0x00000000        0x0
 *(.cybootloader)
                0x00000000                appl1_start = CY_APPL_ORIGIN?CY_APPL_ORIGIN:ALIGN (CY_FLASH_ROW_SIZE)
                0x0000ff80                appl2_start = (appl1_start + ALIGN ((((0x20000 - appl1_start) - (0x2 * CY_FLASH_ROW_SIZE)) / 0x2), CY_FLASH_ROW_SIZE))
                0x00000000                appl_start = (CY_APPL_NUM == 0x1)?appl1_start:appl2_start

.text           0x00000000     0x14f0
 CREATE_OBJECT_SYMBOLS
                0x00000000                PROVIDE (__cy_interrupt_vector, RomVectors)
 *(.romvectors)
 .romvectors    0x00000000       0x10 .\CortexM0\ARM_GCC_484\Debug\Cm0Start.o
                0x00000000                RomVectors
                0x00000001                ASSERT ((. != __cy_interrupt_vector), No interrupt vector)
                0x00000001                ASSERT (CY_APPL_ORIGIN?(SIZEOF (.cybootloader) <= CY_APPL_ORIGIN):0x1, Wrong image location)
                0x00000010                PROVIDE (__cy_reset, Reset)
 *(.text.Reset)
 .text.Reset    0x00000010        0x8 .\CortexM0\ARM_GCC_484\Debug\Cm0Start.o
                0x00000010                Reset
                0x00000001                ASSERT ((. != __cy_reset), No reset code)
 *(.psocinit)
 .psocinit      0x00000018      0x2a8 .\CortexM0\ARM_GCC_484\Debug\BLE Lab 1 PRoC.a(cyfitter_cfg.o)
                0x00000194                cyfitter_cfg
                0x000002c0                . = MAX (., 0x100)
 *(.text .text.* .gnu.linkonce.t.*)
 .text          0x000002c0       0x60 c:/program files (x86)/cypress/psoc creator/3.1/psoc creator/import/gnu_cs/arm/4.8.4/bin/../lib/gcc/arm-none-eabi/4.8.4/armv6-m/crtbegin.o
 .text.main     0x00000320       0x28 .\CortexM0\ARM_GCC_484\Debug\main.o
                0x00000320                main
 .text.StackEventHandler
                0x00000348       0x24 .\CortexM0\ARM_GCC_484\Debug\main.o
                0x00000348                StackEventHandler
 .text.IasEventHandler
                0x0000036c       0x34 .\CortexM0\ARM_GCC_484\Debug\main.o
                0x0000036c                IasEventHandler
 .text.HandleAlertLEDs
                0x000003a0       0x3c .\CortexM0\ARM_GCC_484\Debug\main.o
                0x000003a0                HandleAlertLEDs
 .text.IntDefaultHandler
                0x000003dc        0x8 .\CortexM0\ARM_GCC_484\Debug\Cm0Start.o
                0x000003dc                IntDefaultHandler
 .text.Start_c  0x000003e4       0x98 .\CortexM0\ARM_GCC_484\Debug\Cm0Start.o
                0x000003e4                Start_c
 .text.initialize_psoc
                0x0000047c       0x70 .\CortexM0\ARM_GCC_484\Debug\Cm0Start.o
                0x0000047c                initialize_psoc
 .text.CYMEMZERO
                0x000004ec       0x20 .\CortexM0\ARM_GCC_484\Debug\BLE Lab 1 PRoC.a(cyfitter_cfg.o)
 .text.cfg_write_bytes32
                0x0000050c       0x80 .\CortexM0\ARM_GCC_484\Debug\BLE Lab 1 PRoC.a(cyfitter_cfg.o)
 .text.AnalogSetDefault
                0x0000058c       0x28 .\CortexM0\ARM_GCC_484\Debug\BLE Lab 1 PRoC.a(cyfitter_cfg.o)
 .text.CyBle_Init
                0x000005b4       0x2c .\CortexM0\ARM_GCC_484\Debug\BLE Lab 1 PRoC.a(BLE_1.o)
                0x000005b4                CyBle_Init
 .text.CyBle_ServiceInit
                0x000005e0        0xc .\CortexM0\ARM_GCC_484\Debug\BLE Lab 1 PRoC.a(BLE_1.o)
                0x000005e0                CyBle_ServiceInit
 .text.CyBle_Start
                0x000005ec       0x90 .\CortexM0\ARM_GCC_484\Debug\BLE Lab 1 PRoC.a(BLE_1.o)
                0x000005ec                CyBle_Start
 .text.CyBle_GappStartAdvertisement
                0x0000067c       0xc4 .\CortexM0\ARM_GCC_484\Debug\BLE Lab 1 PRoC.a(BLE_1.o)
                0x0000067c                CyBle_GappStartAdvertisement
 .text.CyBle_ChangeAdDeviceAddress
                0x00000740       0x60 .\CortexM0\ARM_GCC_484\Debug\BLE Lab 1 PRoC.a(BLE_1.o)
                0x00000740                CyBle_ChangeAdDeviceAddress
 .text.CyBle_Get16ByPtr
                0x000007a0       0x24 .\CortexM0\ARM_GCC_484\Debug\BLE Lab 1 PRoC.a(BLE_1.o)
                0x000007a0                CyBle_Get16ByPtr
 .text.CyBle_GattsWriteEventHandler
                0x000007c4       0xa0 .\CortexM0\ARM_GCC_484\Debug\BLE Lab 1 PRoC.a(BLE_1_gatt.o)
                0x000007c4                CyBle_GattsWriteEventHandler
 .text.CyBle_IasInit
                0x00000864        0x8 .\CortexM0\ARM_GCC_484\Debug\BLE Lab 1 PRoC.a(BLE_1_ias.o)
                0x00000864                CyBle_IasInit
 .text.CyBle_IasRegisterAttrCallback
                0x0000086c       0x18 .\CortexM0\ARM_GCC_484\Debug\BLE Lab 1 PRoC.a(BLE_1_ias.o)
                0x0000086c                CyBle_IasRegisterAttrCallback
 .text.CyBle_IassDisconnectEventHandler
                0x00000884       0x38 .\CortexM0\ARM_GCC_484\Debug\BLE Lab 1 PRoC.a(BLE_1_ias.o)
                0x00000884                CyBle_IassDisconnectEventHandler
 .text.CyBle_IassWriteCmdEventHandler
                0x000008bc       0x90 .\CortexM0\ARM_GCC_484\Debug\BLE Lab 1 PRoC.a(BLE_1_ias.o)
                0x000008bc                CyBle_IassWriteCmdEventHandler
 .text.CyBle_IassGetCharacteristicValue
                0x0000094c       0x78 .\CortexM0\ARM_GCC_484\Debug\BLE Lab 1 PRoC.a(BLE_1_ias.o)
                0x0000094c                CyBle_IassGetCharacteristicValue
 .text.CyBle_WriteReqHandler
                0x000009c4       0x70 .\CortexM0\ARM_GCC_484\Debug\BLE Lab 1 PRoC.a(BLE_1_eventHandler.o)
 .text.CyBle_ValueConfirmation
                0x00000a34       0x10 .\CortexM0\ARM_GCC_484\Debug\BLE Lab 1 PRoC.a(BLE_1_eventHandler.o)
 .text.CyBle_GattDisconnectEventHandler
                0x00000a44       0x1c .\CortexM0\ARM_GCC_484\Debug\BLE Lab 1 PRoC.a(BLE_1_eventHandler.o)
 .text.CyBle_TimeOutEventHandler
                0x00000a60       0x10 .\CortexM0\ARM_GCC_484\Debug\BLE Lab 1 PRoC.a(BLE_1_eventHandler.o)
 .text.CyBle_GattConnectReqHandler
                0x00000a70        0x8 .\CortexM0\ARM_GCC_484\Debug\BLE Lab 1 PRoC.a(BLE_1_eventHandler.o)
 .text.CyBle_IsDeviceAddressValid
                0x00000a78       0x60 .\CortexM0\ARM_GCC_484\Debug\BLE Lab 1 PRoC.a(BLE_1_eventHandler.o)
 .text.CyBle_L2Cap_ConnParamUpdateRspEventHandler
                0x00000ad8       0x14 .\CortexM0\ARM_GCC_484\Debug\BLE Lab 1 PRoC.a(BLE_1_eventHandler.o)
 .text.CyBle_GapConnUpdateCompleteEventHandler
                0x00000aec       0x10 .\CortexM0\ARM_GCC_484\Debug\BLE Lab 1 PRoC.a(BLE_1_eventHandler.o)
 .text.CyBle_EventHandler
                0x00000afc      0x2d4 .\CortexM0\ARM_GCC_484\Debug\BLE Lab 1 PRoC.a(BLE_1_eventHandler.o)
                0x00000afc                CyBle_EventHandler
 .text.CySysClkWcoSetHighPowerMode
                0x00000dd0       0x3c .\CortexM0\ARM_GCC_484\Debug\BLE Lab 1 PRoC.a(CyLib.o)
 .text.CySysClkWcoSetLowPowerMode
                0x00000e0c       0x48 .\CortexM0\ARM_GCC_484\Debug\BLE Lab 1 PRoC.a(CyLib.o)
 .text.CySysClkEcoStart
                0x00000e54       0x74 .\CortexM0\ARM_GCC_484\Debug\BLE Lab 1 PRoC.a(CyLib.o)
                0x00000e54                CySysClkEcoStart
 .text.CySysClkEcoReadStatus
                0x00000ec8       0x18 .\CortexM0\ARM_GCC_484\Debug\BLE Lab 1 PRoC.a(CyLib.o)
                0x00000ec8                CySysClkEcoReadStatus
 .text.CySysClkWcoStart
                0x00000ee0       0x20 .\CortexM0\ARM_GCC_484\Debug\BLE Lab 1 PRoC.a(CyLib.o)
                0x00000ee0                CySysClkWcoStart
 .text.CySysClkWcoSetPowerMode
                0x00000f00       0x40 .\CortexM0\ARM_GCC_484\Debug\BLE Lab 1 PRoC.a(CyLib.o)
                0x00000f00                CySysClkWcoSetPowerMode
 .text.CyHalt   0x00000f40       0x14 .\CortexM0\ARM_GCC_484\Debug\BLE Lab 1 PRoC.a(CyLib.o)
                0x00000f40                CyHalt
 .text.CyDelay  0x00000f54       0x48 .\CortexM0\ARM_GCC_484\Debug\BLE Lab 1 PRoC.a(CyLib.o)
                0x00000f54                CyDelay
 .text.CyDelayUs
                0x00000f9c       0x28 .\CortexM0\ARM_GCC_484\Debug\BLE Lab 1 PRoC.a(CyLib.o)
                0x00000f9c                CyDelayUs
 .text.PWM_Start
                0x00000fc4       0x24 .\CortexM0\ARM_GCC_484\Debug\BLE Lab 1 PRoC.a(PWM.o)
                0x00000fc4                PWM_Start
 .text.PWM_Init
                0x00000fe8       0x80 .\CortexM0\ARM_GCC_484\Debug\BLE Lab 1 PRoC.a(PWM.o)
                0x00000fe8                PWM_Init
 .text.PWM_Enable
                0x00001068       0x20 .\CortexM0\ARM_GCC_484\Debug\BLE Lab 1 PRoC.a(PWM.o)
                0x00001068                PWM_Enable
 .text.PWM_WriteCounter
                0x00001088       0x20 .\CortexM0\ARM_GCC_484\Debug\BLE Lab 1 PRoC.a(PWM.o)
                0x00001088                PWM_WriteCounter
 .text.PWM_ClearFIFO
                0x000010a8       0x1c .\CortexM0\ARM_GCC_484\Debug\BLE Lab 1 PRoC.a(PWM.o)
                0x000010a8                PWM_ClearFIFO
 .text.PWM_WritePeriod
                0x000010c4       0x20 .\CortexM0\ARM_GCC_484\Debug\BLE Lab 1 PRoC.a(PWM.o)
                0x000010c4                PWM_WritePeriod
 .text.PWM_WriteCompare
                0x000010e4       0x20 .\CortexM0\ARM_GCC_484\Debug\BLE Lab 1 PRoC.a(PWM.o)
                0x000010e4                PWM_WriteCompare
 .text.PWM_SetInterruptMode
                0x00001104       0x20 .\CortexM0\ARM_GCC_484\Debug\BLE Lab 1 PRoC.a(PWM.o)
                0x00001104                PWM_SetInterruptMode
 .text.PWM_ReadStatusRegister
                0x00001124       0x14 .\CortexM0\ARM_GCC_484\Debug\BLE Lab 1 PRoC.a(PWM.o)
                0x00001124                PWM_ReadStatusRegister
 .text.PWM_ReadCapture
                0x00001138       0x14 .\CortexM0\ARM_GCC_484\Debug\BLE Lab 1 PRoC.a(PWM.o)
                0x00001138                PWM_ReadCapture
 *fill*         0x0000114c        0x4 
 .text          0x00001150       0x20 .\CortexM0\ARM_GCC_484\Debug\BLE Lab 1 PRoC.a(CyBootAsmGnu.o)
                0x00001150                CyDelayCycles
                0x00001162                CyEnterCriticalSection
                0x0000116a                CyExitCriticalSection
 .text.CyBLE_Bless_LlRegWrite
                0x00001170       0x1c .\CortexM0\ARM_GCC_484\Debug\BLE Lab 1 PRoC.a(BLE_1_HAL_PVT.o)
                0x00001170                CyBLE_Bless_LlRegWrite
 .text.CyBLE_Bless_RfRegWrite
                0x0000118c       0x1c .\CortexM0\ARM_GCC_484\Debug\BLE Lab 1 PRoC.a(BLE_1_HAL_PVT.o)
                0x0000118c                CyBLE_Bless_RfRegWrite
 .text.CyBleHal_DelayUs
                0x000011a8       0x1c .\CortexM0\ARM_GCC_484\Debug\BLE Lab 1 PRoC.a(BLE_1_HAL_PVT.o)
                0x000011a8                CyBleHal_DelayUs
 .text.CyBleHal_EnableGlobalInterrupts
                0x000011c4        0xc .\CortexM0\ARM_GCC_484\Debug\BLE Lab 1 PRoC.a(BLE_1_HAL_PVT.o)
                0x000011c4                CyBleHal_EnableGlobalInterrupts
 .text.CyBleHal_DisableGlobalInterrupts
                0x000011d0        0xc .\CortexM0\ARM_GCC_484\Debug\BLE Lab 1 PRoC.a(BLE_1_HAL_PVT.o)
                0x000011d0                CyBleHal_DisableGlobalInterrupts
 .text.CyBle_HalInit
                0x000011dc       0x20 .\CortexM0\ARM_GCC_484\Debug\BLE Lab 1 PRoC.a(BLE_1_HAL_PVT.o)
                0x000011dc                CyBle_HalInit
 .text.CYBLE_BlessStart
                0x000011fc       0x14 .\CortexM0\ARM_GCC_484\Debug\BLE Lab 1 PRoC.a(BLE_1_HAL_PVT.o)
                0x000011fc                CYBLE_BlessStart
 .text.BLE_1_bless_isr_StartEx
                0x00001210       0x24 .\CortexM0\ARM_GCC_484\Debug\BLE Lab 1 PRoC.a(BLE_1_bless_isr.o)
                0x00001210                BLE_1_bless_isr_StartEx
 .text.BLE_1_bless_isr_SetVector
                0x00001234       0x18 .\CortexM0\ARM_GCC_484\Debug\BLE Lab 1 PRoC.a(BLE_1_bless_isr.o)
                0x00001234                BLE_1_bless_isr_SetVector
 .text.BLE_1_bless_isr_SetPriority
                0x0000124c       0x50 .\CortexM0\ARM_GCC_484\Debug\BLE Lab 1 PRoC.a(BLE_1_bless_isr.o)
                0x0000124c                BLE_1_bless_isr_SetPriority
 .text.BLE_1_bless_isr_Enable
                0x0000129c       0x14 .\CortexM0\ARM_GCC_484\Debug\BLE Lab 1 PRoC.a(BLE_1_bless_isr.o)
                0x0000129c                BLE_1_bless_isr_Enable
 .text.BLE_1_bless_isr_Disable
                0x000012b0       0x14 .\CortexM0\ARM_GCC_484\Debug\BLE Lab 1 PRoC.a(BLE_1_bless_isr.o)
                0x000012b0                BLE_1_bless_isr_Disable
 .text.CySysPmSleep
                0x000012c4       0x34 .\CortexM0\ARM_GCC_484\Debug\BLE Lab 1 PRoC.a(cyPm.o)
                0x000012c4                CySysPmSleep
 .text.CyBLE_Bless_Interrupt
                0x000012f8        0xc .\CortexM0\ARM_GCC_484\Debug\BLE Lab 1 PRoC.a(BLE_1_HAL_INT.o)
                0x000012f8                CyBLE_Bless_Interrupt
 .text          0x00001304       0x9c c:/program files (x86)/cypress/psoc creator/3.1/psoc creator/import/gnu_cs/arm/4.8.4/bin/../lib/gcc/arm-none-eabi/4.8.4/armv6-m\libgcc.a(_udivsi3.o)
                0x00001304                __aeabi_uidiv
                0x00001304                __udivsi3
                0x0000138c                __aeabi_uidivmod
 .text          0x000013a0       0xc0 c:/program files (x86)/cypress/psoc creator/3.1/psoc creator/import/gnu_cs/arm/4.8.4/bin/../lib/gcc/arm-none-eabi/4.8.4/armv6-m\libgcc.a(_divsi3.o)
                0x000013a0                __divsi3
                0x000013a0                __aeabi_idiv
                0x0000144c                __aeabi_idivmod
 .text          0x00001460        0x4 c:/program files (x86)/cypress/psoc creator/3.1/psoc creator/import/gnu_cs/arm/4.8.4/bin/../lib/gcc/arm-none-eabi/4.8.4/armv6-m\libgcc.a(_dvmd_tls.o)
                0x00001460                __aeabi_idiv0
                0x00001460                __aeabi_ldiv0
 .text.__libc_init_array
                0x00001464       0x4c c:/program files (x86)/cypress/psoc creator/3.1/psoc creator/import/gnu_cs/arm/4.8.4/bin/../lib/gcc/arm-none-eabi/4.8.4/../../../../arm-none-eabi/lib/armv6-m\libg_s.a(lib_a-init.o)
                0x00001464                __libc_init_array
 .text.memcmp   0x000014b0       0x1e c:/program files (x86)/cypress/psoc creator/3.1/psoc creator/import/gnu_cs/arm/4.8.4/bin/../lib/gcc/arm-none-eabi/4.8.4/../../../../arm-none-eabi/lib/armv6-m\libg_s.a(lib_a-memcmp.o)
                0x000014b0                memcmp
 .text.memcpy   0x000014ce       0x12 c:/program files (x86)/cypress/psoc creator/3.1/psoc creator/import/gnu_cs/arm/4.8.4/bin/../lib/gcc/arm-none-eabi/4.8.4/../../../../arm-none-eabi/lib/armv6-m\libg_s.a(lib_a-memcpy-stub.o)
                0x000014ce                memcpy
 .text.memset   0x000014e0       0x10 c:/program files (x86)/cypress/psoc creator/3.1/psoc creator/import/gnu_cs/arm/4.8.4/bin/../lib/gcc/arm-none-eabi/4.8.4/../../../../arm-none-eabi/lib/armv6-m\libg_s.a(lib_a-memset.o)
                0x000014e0                memset
 *(.plt)
 *(.gnu.warning)
 *(.glue_7t)
 .glue_7t       0x00000000        0x0 linker stubs
 *(.glue_7)
 .glue_7        0x00000000        0x0 linker stubs
 *(.vfp11_veneer)
 .vfp11_veneer  0x00000000        0x0 linker stubs
 *(.bootloader)
 *(.ARM.extab* .gnu.linkonce.armextab.*)
 *(.gcc_except_table)

.v4_bx          0x000014f0        0x0
 .v4_bx         0x00000000        0x0 linker stubs

.iplt           0x000014f0        0x0
 .iplt          0x00000000        0x0 c:/program files (x86)/cypress/psoc creator/3.1/psoc creator/import/gnu_cs/arm/4.8.4/bin/../lib/gcc/arm-none-eabi/4.8.4/armv6-m/crtbegin.o

i.CyBle_ExitLPM
                0x000014f0        0x8
 i.CyBle_ExitLPM
                0x000014f0        0x8 C:\Program Files (x86)\Cypress\PSoC Creator\3.1\PSoC Creator\psoc\content\cycomponentlibrary\CyComponentLibrary.cylib\BLE_v1_20\Library\gccCyBLEStack_BLE_SOC_PERIPHERAL.a(CyBle.o)
                0x000014f0                CyBle_ExitLPM

i.CyBle_ProcessEvents
                0x000014f8        0x8
 i.CyBle_ProcessEvents
                0x000014f8        0x8 C:\Program Files (x86)\Cypress\PSoC Creator\3.1\PSoC Creator\psoc\content\cycomponentlibrary\CyComponentLibrary.cylib\BLE_v1_20\Library\gccCyBLEStack_BLE_SOC_PERIPHERAL.a(CyBle.o)
                0x000014f8                CyBle_ProcessEvents

i.CyBle_SetDeviceAddress
                0x00001500       0x24
 i.CyBle_SetDeviceAddress
                0x00001500       0x24 C:\Program Files (x86)\Cypress\PSoC Creator\3.1\PSoC Creator\psoc\content\cycomponentlibrary\CyComponentLibrary.cylib\BLE_v1_20\Library\gccCyBLEStack_BLE_SOC_PERIPHERAL.a(CyBle.o)
                0x00001500                CyBle_SetDeviceAddress

i.CyBle_StackInit
                0x00001524       0x84
 i.CyBle_StackInit
                0x00001524       0x84 C:\Program Files (x86)\Cypress\PSoC Creator\3.1\PSoC Creator\psoc\content\cycomponentlibrary\CyComponentLibrary.cylib\BLE_v1_20\Library\gccCyBLEStack_BLE_SOC_PERIPHERAL.a(CyBle.o)
                0x00001524                CyBle_StackInit

i.CyBleStackMgr_BleGetConfigData
                0x000015a8        0x4
 i.CyBleStackMgr_BleGetConfigData
                0x000015a8        0x4 C:\Program Files (x86)\Cypress\PSoC Creator\3.1\PSoC Creator\psoc\content\cycomponentlibrary\CyComponentLibrary.cylib\BLE_v1_20\Library\gccCyBLEStack_BLE_SOC_PERIPHERAL.a(CyBleStackMgrIP_Interface.o)
                0x000015a8                CyBleStackMgr_BleGetConfigData

i.CyBleStackMgr_BleSetConfigData
                0x000015ac        0x4
 i.CyBleStackMgr_BleSetConfigData
                0x000015ac        0x4 C:\Program Files (x86)\Cypress\PSoC Creator\3.1\PSoC Creator\psoc\content\cycomponentlibrary\CyComponentLibrary.cylib\BLE_v1_20\Library\gccCyBLEStack_BLE_SOC_PERIPHERAL.a(CyBleStackMgrIP_Interface.o)
                0x000015ac                CyBleStackMgr_BleSetConfigData

i.CyBleStackMgr_Init
                0x000015b0      0x104
 i.CyBleStackMgr_Init
                0x000015b0      0x104 C:\Program Files (x86)\Cypress\PSoC Creator\3.1\PSoC Creator\psoc\content\cycomponentlibrary\CyComponentLibrary.cylib\BLE_v1_20\Library\gccCyBLEStack_BLE_SOC_PERIPHERAL.a(CyBleStackMgrIP_Interface.o)
                0x000015b0                CyBleStackMgr_Init

i.CyBleStackMgr_ProcessBleEvents
                0x000016b4       0x14
 i.CyBleStackMgr_ProcessBleEvents
                0x000016b4       0x14 C:\Program Files (x86)\Cypress\PSoC Creator\3.1\PSoC Creator\psoc\content\cycomponentlibrary\CyComponentLibrary.cylib\BLE_v1_20\Library\gccCyBLEStack_BLE_SOC_PERIPHERAL.a(CyBleStackMgrIP_Interface.o)
                0x000016b4                CyBleStackMgr_ProcessBleEvents

i.ble_stack_idle_task_callback
                0x000016c8        0x2
 i.ble_stack_idle_task_callback
                0x000016c8        0x2 C:\Program Files (x86)\Cypress\PSoC Creator\3.1\PSoC Creator\psoc\content\cycomponentlibrary\CyComponentLibrary.cylib\BLE_v1_20\Library\gccCyBLEStack_BLE_SOC_PERIPHERAL.a(CyBleStackMgrIP_Interface.o)
                0x000016c8                ble_stack_idle_task_callback

i.BT_OSFreeBuf  0x000016cc       0x18
 i.BT_OSFreeBuf
                0x000016cc       0x18 C:\Program Files (x86)\Cypress\PSoC Creator\3.1\PSoC Creator\psoc\content\cycomponentlibrary\CyComponentLibrary.cylib\BLE_v1_20\Library\gccCyBLEStack_BLE_SOC_PERIPHERAL.a(BT_os.o)
                0x000016cc                BT_OSFreeBuf

i.BT_OSGetBuF   0x000016e4       0x1c
 i.BT_OSGetBuF  0x000016e4       0x1c C:\Program Files (x86)\Cypress\PSoC Creator\3.1\PSoC Creator\psoc\content\cycomponentlibrary\CyComponentLibrary.cylib\BLE_v1_20\Library\gccCyBLEStack_BLE_SOC_PERIPHERAL.a(BT_os.o)
                0x000016e4                BT_OSGetBuF

i.BT_OSMemCreate
                0x00001700       0x1c
 i.BT_OSMemCreate
                0x00001700       0x1c C:\Program Files (x86)\Cypress\PSoC Creator\3.1\PSoC Creator\psoc\content\cycomponentlibrary\CyComponentLibrary.cylib\BLE_v1_20\Library\gccCyBLEStack_BLE_SOC_PERIPHERAL.a(BT_os.o)
                0x00001700                BT_OSMemCreate

i.BT_alloc_mem_ext
                0x0000171c       0x34
 i.BT_alloc_mem_ext
                0x0000171c       0x34 C:\Program Files (x86)\Cypress\PSoC Creator\3.1\PSoC Creator\psoc\content\cycomponentlibrary\CyComponentLibrary.cylib\BLE_v1_20\Library\gccCyBLEStack_BLE_SOC_PERIPHERAL.a(BT_os.o)
                0x0000171c                BT_alloc_mem_ext

i.BT_free_mem   0x00001750        0xc
 i.BT_free_mem  0x00001750        0xc C:\Program Files (x86)\Cypress\PSoC Creator\3.1\PSoC Creator\psoc\content\cycomponentlibrary\CyComponentLibrary.cylib\BLE_v1_20\Library\gccCyBLEStack_BLE_SOC_PERIPHERAL.a(BT_os.o)
                0x00001750                BT_free_mem

i.bt_stack_init_os
                0x0000175c       0x34
 i.bt_stack_init_os
                0x0000175c       0x34 C:\Program Files (x86)\Cypress\PSoC Creator\3.1\PSoC Creator\psoc\content\cycomponentlibrary\CyComponentLibrary.cylib\BLE_v1_20\Library\gccCyBLEStack_BLE_SOC_PERIPHERAL.a(BT_os.o)
                0x0000175c                bt_stack_init_os

i.CyBle_CheckBleStackTaskStatus
                0x00001790        0x4
 i.CyBle_CheckBleStackTaskStatus
                0x00001790        0x4 C:\Program Files (x86)\Cypress\PSoC Creator\3.1\PSoC Creator\psoc\content\cycomponentlibrary\CyComponentLibrary.cylib\BLE_v1_20\Library\gccCyBLEStack_BLE_SOC_PERIPHERAL.a(CyBleStackMgr_StackTaskHandler.o)
                0x00001790                CyBle_CheckBleStackTaskStatus

i.CyBle_CreateBleStackTask
                0x00001794       0x2c
 i.CyBle_CreateBleStackTask
                0x00001794       0x2c C:\Program Files (x86)\Cypress\PSoC Creator\3.1\PSoC Creator\psoc\content\cycomponentlibrary\CyComponentLibrary.cylib\BLE_v1_20\Library\gccCyBLEStack_BLE_SOC_PERIPHERAL.a(CyBleStackMgr_StackTaskHandler.o)
                0x00001794                CyBle_CreateBleStackTask

i.CyBle_SignalBleStackTask
                0x000017c0       0x50
 i.CyBle_SignalBleStackTask
                0x000017c0       0x50 C:\Program Files (x86)\Cypress\PSoC Creator\3.1\PSoC Creator\psoc\content\cycomponentlibrary\CyComponentLibrary.cylib\BLE_v1_20\Library\gccCyBLEStack_BLE_SOC_PERIPHERAL.a(CyBleStackMgr_StackTaskHandler.o)
                0x000017c0                CyBle_SignalBleStackTask

i.CyBle_StackTaskHandler
                0x00001810       0x5c
 i.CyBle_StackTaskHandler
                0x00001810       0x5c C:\Program Files (x86)\Cypress\PSoC Creator\3.1\PSoC Creator\psoc\content\cycomponentlibrary\CyComponentLibrary.cylib\BLE_v1_20\Library\gccCyBLEStack_BLE_SOC_PERIPHERAL.a(CyBleStackMgr_StackTaskHandler.o)
                0x00001810                CyBle_StackTaskHandler

i.__ARM_common_switch8
                0x0000186c       0x1a
 i.__ARM_common_switch8
                0x0000186c       0x1a C:\Program Files (x86)\Cypress\PSoC Creator\3.1\PSoC Creator\psoc\content\cycomponentlibrary\CyComponentLibrary.cylib\BLE_v1_20\Library\gccCyBLEStack_BLE_SOC_PERIPHERAL.a(CyBleStackMgr_StackTaskHandler.o)
                0x0000186c                __ARM_common_switch8

i.hci_soft_transport_notify_data_received
                0x00001888        0xc
 i.hci_soft_transport_notify_data_received
                0x00001888        0xc C:\Program Files (x86)\Cypress\PSoC Creator\3.1\PSoC Creator\psoc\content\cycomponentlibrary\CyComponentLibrary.cylib\BLE_v1_20\Library\gccCyBLEStack_BLE_SOC_PERIPHERAL.a(transport_sf.o)
                0x00001888                hci_soft_transport_notify_data_received

i.hci_soft_transport_rx_data
                0x00001894       0x40
 i.hci_soft_transport_rx_data
                0x00001894       0x40 C:\Program Files (x86)\Cypress\PSoC Creator\3.1\PSoC Creator\psoc\content\cycomponentlibrary\CyComponentLibrary.cylib\BLE_v1_20\Library\gccCyBLEStack_BLE_SOC_PERIPHERAL.a(transport_sf.o)
                0x00001894                hci_soft_transport_rx_data

i.hci_transport_bt_init
                0x000018d4        0x2
 i.hci_transport_bt_init
                0x000018d4        0x2 C:\Program Files (x86)\Cypress\PSoC Creator\3.1\PSoC Creator\psoc\content\cycomponentlibrary\CyComponentLibrary.cylib\BLE_v1_20\Library\gccCyBLEStack_BLE_SOC_PERIPHERAL.a(transport_sf.o)
                0x000018d4                hci_transport_bt_init

i.hci_transport_init
                0x000018d8       0x10
 i.hci_transport_init
                0x000018d8       0x10 C:\Program Files (x86)\Cypress\PSoC Creator\3.1\PSoC Creator\psoc\content\cycomponentlibrary\CyComponentLibrary.cylib\BLE_v1_20\Library\gccCyBLEStack_BLE_SOC_PERIPHERAL.a(transport_sf.o)
                0x000018d8                hci_transport_init

i.hci_transport_write_data
                0x000018e8       0xd4
 i.hci_transport_write_data
                0x000018e8       0xd4 C:\Program Files (x86)\Cypress\PSoC Creator\3.1\PSoC Creator\psoc\content\cycomponentlibrary\CyComponentLibrary.cylib\BLE_v1_20\Library\gccCyBLEStack_BLE_SOC_PERIPHERAL.a(transport_sf.o)
                0x000018e8                hci_transport_write_data

i.pf_hci_soft_transport_write
                0x000019bc       0x44
 i.pf_hci_soft_transport_write
                0x000019bc       0x44 C:\Program Files (x86)\Cypress\PSoC Creator\3.1\PSoC Creator\psoc\content\cycomponentlibrary\CyComponentLibrary.cylib\BLE_v1_20\Library\gccCyBLEStack_BLE_SOC_PERIPHERAL.a(transport_sf.o)
                0x000019bc                pf_hci_soft_transport_write

i.pf_soft_hci_transport_init
                0x00001a00        0xc
 i.pf_soft_hci_transport_init
                0x00001a00        0xc C:\Program Files (x86)\Cypress\PSoC Creator\3.1\PSoC Creator\psoc\content\cycomponentlibrary\CyComponentLibrary.cylib\BLE_v1_20\Library\gccCyBLEStack_BLE_SOC_PERIPHERAL.a(transport_sf.o)
                0x00001a00                pf_soft_hci_transport_init

i.CyBleStackMgr_GetTime
                0x00001a0c       0x14
 i.CyBleStackMgr_GetTime
                0x00001a0c       0x14 C:\Program Files (x86)\Cypress\PSoC Creator\3.1\PSoC Creator\psoc\content\cycomponentlibrary\CyComponentLibrary.cylib\BLE_v1_20\Library\gccCyBLEStack_BLE_SOC_PERIPHERAL.a(CyBleStackMgr_PSoCHal.o)
                0x00001a0c                CyBleStackMgr_GetTime

i.CyBleStackMgr_HalInit
                0x00001a20       0x24
 i.CyBleStackMgr_HalInit
                0x00001a20       0x24 C:\Program Files (x86)\Cypress\PSoC Creator\3.1\PSoC Creator\psoc\content\cycomponentlibrary\CyComponentLibrary.cylib\BLE_v1_20\Library\gccCyBLEStack_BLE_SOC_PERIPHERAL.a(CyBleStackMgr_PSoCHal.o)
                0x00001a20                CyBleStackMgr_HalInit

i.CyBleStackMgr_HalIntrEnable
                0x00001a44        0x8
 i.CyBleStackMgr_HalIntrEnable
                0x00001a44        0x8 C:\Program Files (x86)\Cypress\PSoC Creator\3.1\PSoC Creator\psoc\content\cycomponentlibrary\CyComponentLibrary.cylib\BLE_v1_20\Library\gccCyBLEStack_BLE_SOC_PERIPHERAL.a(CyBleStackMgr_PSoCHal.o)
                0x00001a44                CyBleStackMgr_HalIntrEnable

i.CyBleStackMgr_HandleLinkLayerTick
                0x00001a4c       0x5c
 i.CyBleStackMgr_HandleLinkLayerTick
                0x00001a4c       0x5c C:\Program Files (x86)\Cypress\PSoC Creator\3.1\PSoC Creator\psoc\content\cycomponentlibrary\CyComponentLibrary.cylib\BLE_v1_20\Library\gccCyBLEStack_BLE_SOC_PERIPHERAL.a(CyBleStackMgr_PSoCHal.o)
                0x00001a4c                CyBleStackMgr_HandleLinkLayerTick

i.CyBleStackMgr_HciPortInit
                0x00001aa8        0xc
 i.CyBleStackMgr_HciPortInit
                0x00001aa8        0xc C:\Program Files (x86)\Cypress\PSoC Creator\3.1\PSoC Creator\psoc\content\cycomponentlibrary\CyComponentLibrary.cylib\BLE_v1_20\Library\gccCyBLEStack_BLE_SOC_PERIPHERAL.a(CyBleStackMgr_PSoCHal.o)
                0x00001aa8                CyBleStackMgr_HciPortInit

i.CyBleStackMgr_HciPortReset
                0x00001ab4        0x2
 i.CyBleStackMgr_HciPortReset
                0x00001ab4        0x2 C:\Program Files (x86)\Cypress\PSoC Creator\3.1\PSoC Creator\psoc\content\cycomponentlibrary\CyComponentLibrary.cylib\BLE_v1_20\Library\gccCyBLEStack_BLE_SOC_PERIPHERAL.a(CyBleStackMgr_PSoCHal.o)
                0x00001ab4                CyBleStackMgr_HciPortReset

i.CyBleStackMgr_HciPortWrite
                0x00001ab6        0x8
 i.CyBleStackMgr_HciPortWrite
                0x00001ab6        0x8 C:\Program Files (x86)\Cypress\PSoC Creator\3.1\PSoC Creator\psoc\content\cycomponentlibrary\CyComponentLibrary.cylib\BLE_v1_20\Library\gccCyBLEStack_BLE_SOC_PERIPHERAL.a(CyBleStackMgr_PSoCHal.o)
                0x00001ab6                CyBleStackMgr_HciPortWrite

i.CyBleStackMgr_ResetLinkLayerTimerEntity
                0x00001ac0       0x14
 i.CyBleStackMgr_ResetLinkLayerTimerEntity
                0x00001ac0       0x14 C:\Program Files (x86)\Cypress\PSoC Creator\3.1\PSoC Creator\psoc\content\cycomponentlibrary\CyComponentLibrary.cylib\BLE_v1_20\Library\gccCyBLEStack_BLE_SOC_PERIPHERAL.a(CyBleStackMgr_PSoCHal.o)
                0x00001ac0                CyBleStackMgr_ResetLinkLayerTimerEntity

i.CyBleStackMgr_TimerStart
                0x00001ad4       0x2c
 i.CyBleStackMgr_TimerStart
                0x00001ad4       0x2c C:\Program Files (x86)\Cypress\PSoC Creator\3.1\PSoC Creator\psoc\content\cycomponentlibrary\CyComponentLibrary.cylib\BLE_v1_20\Library\gccCyBLEStack_BLE_SOC_PERIPHERAL.a(CyBleStackMgr_PSoCHal.o)
                0x00001ad4                CyBleStackMgr_TimerStart

i.CyBleStackMgr_TimerStop
                0x00001b00       0x18
 i.CyBleStackMgr_TimerStop
                0x00001b00       0x18 C:\Program Files (x86)\Cypress\PSoC Creator\3.1\PSoC Creator\psoc\content\cycomponentlibrary\CyComponentLibrary.cylib\BLE_v1_20\Library\gccCyBLEStack_BLE_SOC_PERIPHERAL.a(CyBleStackMgr_PSoCHal.o)
                0x00001b00                CyBleStackMgr_TimerStop

i.CyBleStackMgr_isTimerRunning
                0x00001b18       0x10
 i.CyBleStackMgr_isTimerRunning
                0x00001b18       0x10 C:\Program Files (x86)\Cypress\PSoC Creator\3.1\PSoC Creator\psoc\content\cycomponentlibrary\CyComponentLibrary.cylib\BLE_v1_20\Library\gccCyBLEStack_BLE_SOC_PERIPHERAL.a(CyBleStackMgr_PSoCHal.o)
                0x00001b18                CyBleStackMgr_isTimerRunning

i.CyBleAtlantisRadioInit
                0x00001b28      0x1ac
 i.CyBleAtlantisRadioInit
                0x00001b28      0x1ac C:\Program Files (x86)\Cypress\PSoC Creator\3.1\PSoC Creator\psoc\content\cycomponentlibrary\CyComponentLibrary.cylib\BLE_v1_20\Library\gccCyBLEStack_BLE_SOC_PERIPHERAL.a(CyBleStackMgr_BleSSDriver.o)

i.CyBleStackMgr_BleSSFifoRead
                0x00001cd4       0x38
 i.CyBleStackMgr_BleSSFifoRead
                0x00001cd4       0x38 C:\Program Files (x86)\Cypress\PSoC Creator\3.1\PSoC Creator\psoc\content\cycomponentlibrary\CyComponentLibrary.cylib\BLE_v1_20\Library\gccCyBLEStack_BLE_SOC_PERIPHERAL.a(CyBleStackMgr_BleSSDriver.o)
                0x00001cd4                CyBleStackMgr_BleSSFifoRead

i.CyBleStackMgr_BleSSFifoWrite
                0x00001d0c       0x30
 i.CyBleStackMgr_BleSSFifoWrite
                0x00001d0c       0x30 C:\Program Files (x86)\Cypress\PSoC Creator\3.1\PSoC Creator\psoc\content\cycomponentlibrary\CyComponentLibrary.cylib\BLE_v1_20\Library\gccCyBLEStack_BLE_SOC_PERIPHERAL.a(CyBleStackMgr_BleSSDriver.o)
                0x00001d0c                CyBleStackMgr_BleSSFifoWrite

i.CyBleStackMgr_BleSSInit
                0x00001d3c       0x50
 i.CyBleStackMgr_BleSSInit
                0x00001d3c       0x50 C:\Program Files (x86)\Cypress\PSoC Creator\3.1\PSoC Creator\psoc\content\cycomponentlibrary\CyComponentLibrary.cylib\BLE_v1_20\Library\gccCyBLEStack_BLE_SOC_PERIPHERAL.a(CyBleStackMgr_BleSSDriver.o)
                0x00001d3c                CyBleStackMgr_BleSSInit

i.CyBleStackMgr_BleSSMemRead
                0x00001d8c       0x26
 i.CyBleStackMgr_BleSSMemRead
                0x00001d8c       0x26 C:\Program Files (x86)\Cypress\PSoC Creator\3.1\PSoC Creator\psoc\content\cycomponentlibrary\CyComponentLibrary.cylib\BLE_v1_20\Library\gccCyBLEStack_BLE_SOC_PERIPHERAL.a(CyBleStackMgr_BleSSDriver.o)
                0x00001d8c                CyBleStackMgr_BleSSMemRead

i.CyBleStackMgr_BleSSMemWrite
                0x00001db4       0x34
 i.CyBleStackMgr_BleSSMemWrite
                0x00001db4       0x34 C:\Program Files (x86)\Cypress\PSoC Creator\3.1\PSoC Creator\psoc\content\cycomponentlibrary\CyComponentLibrary.cylib\BLE_v1_20\Library\gccCyBLEStack_BLE_SOC_PERIPHERAL.a(CyBleStackMgr_BleSSDriver.o)
                0x00001db4                CyBleStackMgr_BleSSMemWrite

i.CyBleStackMgr_BleSSRegRead
                0x00001de8        0xc
 i.CyBleStackMgr_BleSSRegRead
                0x00001de8        0xc C:\Program Files (x86)\Cypress\PSoC Creator\3.1\PSoC Creator\psoc\content\cycomponentlibrary\CyComponentLibrary.cylib\BLE_v1_20\Library\gccCyBLEStack_BLE_SOC_PERIPHERAL.a(CyBleStackMgr_BleSSDriver.o)
                0x00001de8                CyBleStackMgr_BleSSRegRead

i.CyBleStackMgr_BleSSRegWrite
                0x00001df4        0xc
 i.CyBleStackMgr_BleSSRegWrite
                0x00001df4        0xc C:\Program Files (x86)\Cypress\PSoC Creator\3.1\PSoC Creator\psoc\content\cycomponentlibrary\CyComponentLibrary.cylib\BLE_v1_20\Library\gccCyBLEStack_BLE_SOC_PERIPHERAL.a(CyBleStackMgr_BleSSDriver.o)
                0x00001df4                CyBleStackMgr_BleSSRegWrite

i.CyBleStackMgr_BleSSReset
                0x00001e00       0x38
 i.CyBleStackMgr_BleSSReset
                0x00001e00       0x38 C:\Program Files (x86)\Cypress\PSoC Creator\3.1\PSoC Creator\psoc\content\cycomponentlibrary\CyComponentLibrary.cylib\BLE_v1_20\Library\gccCyBLEStack_BLE_SOC_PERIPHERAL.a(CyBleStackMgr_BleSSDriver.o)
                0x00001e00                CyBleStackMgr_BleSSReset

i.CyBleStackMgr_GenericIface
                0x00001e38       0x3c
 i.CyBleStackMgr_GenericIface
                0x00001e38       0x3c C:\Program Files (x86)\Cypress\PSoC Creator\3.1\PSoC Creator\psoc\content\cycomponentlibrary\CyComponentLibrary.cylib\BLE_v1_20\Library\gccCyBLEStack_BLE_SOC_PERIPHERAL.a(CyBleStackMgr_BleSSDriver.o)
                0x00001e38                CyBleStackMgr_GenericIface

i.CyBleStackMgr_HandleBleSSIntr
                0x00001e74       0x90
 i.CyBleStackMgr_HandleBleSSIntr
                0x00001e74       0x90 C:\Program Files (x86)\Cypress\PSoC Creator\3.1\PSoC Creator\psoc\content\cycomponentlibrary\CyComponentLibrary.cylib\BLE_v1_20\Library\gccCyBLEStack_BLE_SOC_PERIPHERAL.a(CyBleStackMgr_BleSSDriver.o)
                0x00001e74                CyBleStackMgr_HandleBleSSIntr

i.CyBleStackMgr_SetClockParam
                0x00001f04       0xb4
 i.CyBleStackMgr_SetClockParam
                0x00001f04       0xb4 C:\Program Files (x86)\Cypress\PSoC Creator\3.1\PSoC Creator\psoc\content\cycomponentlibrary\CyComponentLibrary.cylib\BLE_v1_20\Library\gccCyBLEStack_BLE_SOC_PERIPHERAL.a(CyBleStackMgr_BleSSDriver.o)

i.CyBle_ExitDsmMode
                0x00001fb8       0x2c
 i.CyBle_ExitDsmMode
                0x00001fb8       0x2c C:\Program Files (x86)\Cypress\PSoC Creator\3.1\PSoC Creator\psoc\content\cycomponentlibrary\CyComponentLibrary.cylib\BLE_v1_20\Library\gccCyBLEStack_BLE_SOC_PERIPHERAL.a(CyBleStackMgr_BleSSDriver.o)
                0x00001fb8                CyBle_ExitDsmMode

i.CyBle_GetBleSsOperationalMode
                0x00001fe4        0xc
 i.CyBle_GetBleSsOperationalMode
                0x00001fe4        0xc C:\Program Files (x86)\Cypress\PSoC Creator\3.1\PSoC Creator\psoc\content\cycomponentlibrary\CyComponentLibrary.cylib\BLE_v1_20\Library\gccCyBLEStack_BLE_SOC_PERIPHERAL.a(CyBleStackMgr_BleSSDriver.o)
                0x00001fe4                CyBle_GetBleSsOperationalMode

i.CyBle_GetLpMode
                0x00001ff0       0x26
 i.CyBle_GetLpMode
                0x00001ff0       0x26 C:\Program Files (x86)\Cypress\PSoC Creator\3.1\PSoC Creator\psoc\content\cycomponentlibrary\CyComponentLibrary.cylib\BLE_v1_20\Library\gccCyBLEStack_BLE_SOC_PERIPHERAL.a(CyBleStackMgr_BleSSDriver.o)
                0x00001ff0                CyBle_GetLpMode

i.CyBle_GetTxGainMode
                0x00002018       0x2c
 i.CyBle_GetTxGainMode
                0x00002018       0x2c C:\Program Files (x86)\Cypress\PSoC Creator\3.1\PSoC Creator\psoc\content\cycomponentlibrary\CyComponentLibrary.cylib\BLE_v1_20\Library\gccCyBLEStack_BLE_SOC_PERIPHERAL.a(CyBleStackMgr_BleSSDriver.o)
                0x00002018                CyBle_GetTxGainMode

i.CyBle_SetBleSsOperationalMode
                0x00002044       0x20
 i.CyBle_SetBleSsOperationalMode
                0x00002044       0x20 C:\Program Files (x86)\Cypress\PSoC Creator\3.1\PSoC Creator\psoc\content\cycomponentlibrary\CyComponentLibrary.cylib\BLE_v1_20\Library\gccCyBLEStack_BLE_SOC_PERIPHERAL.a(CyBleStackMgr_BleSSDriver.o)
                0x00002044                CyBle_SetBleSsOperationalMode

i.CyBle_SetEventCloseState
                0x00002064        0xc
 i.CyBle_SetEventCloseState
                0x00002064        0xc C:\Program Files (x86)\Cypress\PSoC Creator\3.1\PSoC Creator\psoc\content\cycomponentlibrary\CyComponentLibrary.cylib\BLE_v1_20\Library\gccCyBLEStack_BLE_SOC_PERIPHERAL.a(CyBleStackMgr_BleSSDriver.o)
                0x00002064                CyBle_SetEventCloseState

i.CyBle_SetRxGainMode
                0x00002070       0x20
 i.CyBle_SetRxGainMode
                0x00002070       0x20 C:\Program Files (x86)\Cypress\PSoC Creator\3.1\PSoC Creator\psoc\content\cycomponentlibrary\CyComponentLibrary.cylib\BLE_v1_20\Library\gccCyBLEStack_BLE_SOC_PERIPHERAL.a(CyBleStackMgr_BleSSDriver.o)
                0x00002070                CyBle_SetRxGainMode

i.CyBle_SetTxGainMode
                0x00002090       0x38
 i.CyBle_SetTxGainMode
                0x00002090       0x38 C:\Program Files (x86)\Cypress\PSoC Creator\3.1\PSoC Creator\psoc\content\cycomponentlibrary\CyComponentLibrary.cylib\BLE_v1_20\Library\gccCyBLEStack_BLE_SOC_PERIPHERAL.a(CyBleStackMgr_BleSSDriver.o)
                0x00002090                CyBle_SetTxGainMode

i.pf_rf_get_abs_rssi
                0x000020c8       0x24
 i.pf_rf_get_abs_rssi
                0x000020c8       0x24 C:\Program Files (x86)\Cypress\PSoC Creator\3.1\PSoC Creator\psoc\content\cycomponentlibrary\CyComponentLibrary.cylib\BLE_v1_20\Library\gccCyBLEStack_BLE_SOC_PERIPHERAL.a(CyBleStackMgr_BleSSDriver.o)
                0x000020c8                pf_rf_get_abs_rssi

i.OS_init       0x000020ec       0x64
 i.OS_init      0x000020ec       0x64 C:\Program Files (x86)\Cypress\PSoC Creator\3.1\PSoC Creator\psoc\content\cycomponentlibrary\CyComponentLibrary.cylib\BLE_v1_20\Library\gccCyBLEStack_BLE_SOC_PERIPHERAL.a(mint_os.o)
                0x000020ec                OS_init

i.mintos_malloc
                0x00002150       0x34
 i.mintos_malloc
                0x00002150       0x34 C:\Program Files (x86)\Cypress\PSoC Creator\3.1\PSoC Creator\psoc\content\cycomponentlibrary\CyComponentLibrary.cylib\BLE_v1_20\Library\gccCyBLEStack_BLE_SOC_PERIPHERAL.a(mint_os.o)
                0x00002150                mintos_malloc

i.OS_create_queue
                0x00002184       0x64
 i.OS_create_queue
                0x00002184       0x64 C:\Program Files (x86)\Cypress\PSoC Creator\3.1\PSoC Creator\psoc\content\cycomponentlibrary\CyComponentLibrary.cylib\BLE_v1_20\Library\gccCyBLEStack_BLE_SOC_PERIPHERAL.a(mint_os_queue.o)
                0x00002184                OS_create_queue

i.OS_enqueue_item
                0x000021e8       0x8c
 i.OS_enqueue_item
                0x000021e8       0x8c C:\Program Files (x86)\Cypress\PSoC Creator\3.1\PSoC Creator\psoc\content\cycomponentlibrary\CyComponentLibrary.cylib\BLE_v1_20\Library\gccCyBLEStack_BLE_SOC_PERIPHERAL.a(mint_os_queue.o)
                0x000021e8                OS_enqueue_item

i.OS_queue_get_num_of_items
                0x00002274       0x28
 i.OS_queue_get_num_of_items
                0x00002274       0x28 C:\Program Files (x86)\Cypress\PSoC Creator\3.1\PSoC Creator\psoc\content\cycomponentlibrary\CyComponentLibrary.cylib\BLE_v1_20\Library\gccCyBLEStack_BLE_SOC_PERIPHERAL.a(mint_os_queue.o)
                0x00002274                OS_queue_get_num_of_items

i.OS_queue_mgmt_init
                0x0000229c       0x40
 i.OS_queue_mgmt_init
                0x0000229c       0x40 C:\Program Files (x86)\Cypress\PSoC Creator\3.1\PSoC Creator\psoc\content\cycomponentlibrary\CyComponentLibrary.cylib\BLE_v1_20\Library\gccCyBLEStack_BLE_SOC_PERIPHERAL.a(mint_os_queue.o)
                0x0000229c                OS_queue_mgmt_init

i.OS_remove_item
                0x000022dc       0xa0
 i.OS_remove_item
                0x000022dc       0xa0 C:\Program Files (x86)\Cypress\PSoC Creator\3.1\PSoC Creator\psoc\content\cycomponentlibrary\CyComponentLibrary.cylib\BLE_v1_20\Library\gccCyBLEStack_BLE_SOC_PERIPHERAL.a(mint_os_queue.o)
                0x000022dc                OS_remove_item

i.OS_create_task
                0x0000237c       0x88
 i.OS_create_task
                0x0000237c       0x88 C:\Program Files (x86)\Cypress\PSoC Creator\3.1\PSoC Creator\psoc\content\cycomponentlibrary\CyComponentLibrary.cylib\BLE_v1_20\Library\gccCyBLEStack_BLE_SOC_PERIPHERAL.a(mint_os_task.o)
                0x0000237c                OS_create_task

i.OS_isr_send_signal_to_task
                0x00002404        0xc
 i.OS_isr_send_signal_to_task
                0x00002404        0xc C:\Program Files (x86)\Cypress\PSoC Creator\3.1\PSoC Creator\psoc\content\cycomponentlibrary\CyComponentLibrary.cylib\BLE_v1_20\Library\gccCyBLEStack_BLE_SOC_PERIPHERAL.a(mint_os_task.o)
                0x00002404                OS_isr_send_signal_to_task

i.OS_scheduler  0x00002410       0x64
 i.OS_scheduler
                0x00002410       0x64 C:\Program Files (x86)\Cypress\PSoC Creator\3.1\PSoC Creator\psoc\content\cycomponentlibrary\CyComponentLibrary.cylib\BLE_v1_20\Library\gccCyBLEStack_BLE_SOC_PERIPHERAL.a(mint_os_task.o)
                0x00002410                OS_scheduler

i.OS_send_signal_to_task
                0x00002474        0xc
 i.OS_send_signal_to_task
                0x00002474        0xc C:\Program Files (x86)\Cypress\PSoC Creator\3.1\PSoC Creator\psoc\content\cycomponentlibrary\CyComponentLibrary.cylib\BLE_v1_20\Library\gccCyBLEStack_BLE_SOC_PERIPHERAL.a(mint_os_task.o)
                0x00002474                OS_send_signal_to_task

i.OS_send_signal_to_task_context
                0x00002480       0x3c
 i.OS_send_signal_to_task_context
                0x00002480       0x3c C:\Program Files (x86)\Cypress\PSoC Creator\3.1\PSoC Creator\psoc\content\cycomponentlibrary\CyComponentLibrary.cylib\BLE_v1_20\Library\gccCyBLEStack_BLE_SOC_PERIPHERAL.a(mint_os_task.o)

i.OS_task_mgmt_init
                0x000024bc       0x50
 i.OS_task_mgmt_init
                0x000024bc       0x50 C:\Program Files (x86)\Cypress\PSoC Creator\3.1\PSoC Creator\psoc\content\cycomponentlibrary\CyComponentLibrary.cylib\BLE_v1_20\Library\gccCyBLEStack_BLE_SOC_PERIPHERAL.a(mint_os_task.o)
                0x000024bc                OS_task_mgmt_init

i.mint_buf_mgmt_allocate_buffer
                0x0000250c       0x4c
 i.mint_buf_mgmt_allocate_buffer
                0x0000250c       0x4c C:\Program Files (x86)\Cypress\PSoC Creator\3.1\PSoC Creator\psoc\content\cycomponentlibrary\CyComponentLibrary.cylib\BLE_v1_20\Library\gccCyBLEStack_BLE_SOC_PERIPHERAL.a(mint_buf_mgmt.o)
                0x0000250c                mint_buf_mgmt_allocate_buffer

i.mint_buf_mgmt_create_pool
                0x00002558       0xd8
 i.mint_buf_mgmt_create_pool
                0x00002558       0xd8 C:\Program Files (x86)\Cypress\PSoC Creator\3.1\PSoC Creator\psoc\content\cycomponentlibrary\CyComponentLibrary.cylib\BLE_v1_20\Library\gccCyBLEStack_BLE_SOC_PERIPHERAL.a(mint_buf_mgmt.o)
                0x00002558                mint_buf_mgmt_create_pool

i.mint_buf_mgmt_free_buffer
                0x00002630       0xa4
 i.mint_buf_mgmt_free_buffer
                0x00002630       0xa4 C:\Program Files (x86)\Cypress\PSoC Creator\3.1\PSoC Creator\psoc\content\cycomponentlibrary\CyComponentLibrary.cylib\BLE_v1_20\Library\gccCyBLEStack_BLE_SOC_PERIPHERAL.a(mint_buf_mgmt.o)
                0x00002630                mint_buf_mgmt_free_buffer

i.mint_buf_mgmt_get_free_heap
                0x000026d4       0x1c
 i.mint_buf_mgmt_get_free_heap
                0x000026d4       0x1c C:\Program Files (x86)\Cypress\PSoC Creator\3.1\PSoC Creator\psoc\content\cycomponentlibrary\CyComponentLibrary.cylib\BLE_v1_20\Library\gccCyBLEStack_BLE_SOC_PERIPHERAL.a(mint_buf_mgmt.o)
                0x000026d4                mint_buf_mgmt_get_free_heap

i.mint_buf_mgmt_init
                0x000026f0       0x44
 i.mint_buf_mgmt_init
                0x000026f0       0x44 C:\Program Files (x86)\Cypress\PSoC Creator\3.1\PSoC Creator\psoc\content\cycomponentlibrary\CyComponentLibrary.cylib\BLE_v1_20\Library\gccCyBLEStack_BLE_SOC_PERIPHERAL.a(mint_buf_mgmt.o)
                0x000026f0                mint_buf_mgmt_init

i.mint_buf_mgmt_malloc
                0x00002734       0x2c
 i.mint_buf_mgmt_malloc
                0x00002734       0x2c C:\Program Files (x86)\Cypress\PSoC Creator\3.1\PSoC Creator\psoc\content\cycomponentlibrary\CyComponentLibrary.cylib\BLE_v1_20\Library\gccCyBLEStack_BLE_SOC_PERIPHERAL.a(mint_buf_mgmt.o)
                0x00002734                mint_buf_mgmt_malloc

i.mint_buf_mgmt_reset_pool
                0x00002760       0x70
 i.mint_buf_mgmt_reset_pool
                0x00002760       0x70 C:\Program Files (x86)\Cypress\PSoC Creator\3.1\PSoC Creator\psoc\content\cycomponentlibrary\CyComponentLibrary.cylib\BLE_v1_20\Library\gccCyBLEStack_BLE_SOC_PERIPHERAL.a(mint_buf_mgmt.o)
                0x00002760                mint_buf_mgmt_reset_pool

i.mint_buf_mgmt_stack_init
                0x000027d0       0x24
 i.mint_buf_mgmt_stack_init
                0x000027d0       0x24 C:\Program Files (x86)\Cypress\PSoC Creator\3.1\PSoC Creator\psoc\content\cycomponentlibrary\CyComponentLibrary.cylib\BLE_v1_20\Library\gccCyBLEStack_BLE_SOC_PERIPHERAL.a(mint_buf_mgmt.o)
                0x000027d0                mint_buf_mgmt_stack_init

i.mint_buf_mgmt_stack_pop
                0x000027f4       0x36
 i.mint_buf_mgmt_stack_pop
                0x000027f4       0x36 C:\Program Files (x86)\Cypress\PSoC Creator\3.1\PSoC Creator\psoc\content\cycomponentlibrary\CyComponentLibrary.cylib\BLE_v1_20\Library\gccCyBLEStack_BLE_SOC_PERIPHERAL.a(mint_buf_mgmt.o)
                0x000027f4                mint_buf_mgmt_stack_pop

i.mint_buf_mgmt_stack_push
                0x0000282a       0x36
 i.mint_buf_mgmt_stack_push
                0x0000282a       0x36 C:\Program Files (x86)\Cypress\PSoC Creator\3.1\PSoC Creator\psoc\content\cycomponentlibrary\CyComponentLibrary.cylib\BLE_v1_20\Library\gccCyBLEStack_BLE_SOC_PERIPHERAL.a(mint_buf_mgmt.o)
                0x0000282a                mint_buf_mgmt_stack_push

i.mint_buf_mgmt_stack_reset
                0x00002860       0x1e
 i.mint_buf_mgmt_stack_reset
                0x00002860       0x1e C:\Program Files (x86)\Cypress\PSoC Creator\3.1\PSoC Creator\psoc\content\cycomponentlibrary\CyComponentLibrary.cylib\BLE_v1_20\Library\gccCyBLEStack_BLE_SOC_PERIPHERAL.a(mint_buf_mgmt.o)
                0x00002860                mint_buf_mgmt_stack_reset

i.mint_buf_mgmt_stack_search_item
                0x0000287e       0x30
 i.mint_buf_mgmt_stack_search_item
                0x0000287e       0x30 C:\Program Files (x86)\Cypress\PSoC Creator\3.1\PSoC Creator\psoc\content\cycomponentlibrary\CyComponentLibrary.cylib\BLE_v1_20\Library\gccCyBLEStack_BLE_SOC_PERIPHERAL.a(mint_buf_mgmt.o)
                0x0000287e                mint_buf_mgmt_stack_search_item

i.mint_buf_mgmt_pl_init
                0x000028b0       0x2c
 i.mint_buf_mgmt_pl_init
                0x000028b0       0x2c C:\Program Files (x86)\Cypress\PSoC Creator\3.1\PSoC Creator\psoc\content\cycomponentlibrary\CyComponentLibrary.cylib\BLE_v1_20\Library\gccCyBLEStack_BLE_SOC_PERIPHERAL.a(mint_buf_mgmt_pl.o)
                0x000028b0                mint_buf_mgmt_pl_init

i.CyBleControllerIP_GetPingState
                0x000028dc        0xc
 i.CyBleControllerIP_GetPingState
                0x000028dc        0xc C:\Program Files (x86)\Cypress\PSoC Creator\3.1\PSoC Creator\psoc\content\cycomponentlibrary\CyComponentLibrary.cylib\BLE_v1_20\Library\gccCyBLEStack_BLE_SOC_PERIPHERAL.a(CyBleControllerIP_Interface.o)
                0x000028dc                CyBleControllerIP_GetPingState

i.CyBleController_AddDeviceToWhiteList
                0x000028e8       0x40
 i.CyBleController_AddDeviceToWhiteList
                0x000028e8       0x40 C:\Program Files (x86)\Cypress\PSoC Creator\3.1\PSoC Creator\psoc\content\cycomponentlibrary\CyComponentLibrary.cylib\BLE_v1_20\Library\gccCyBLEStack_BLE_SOC_PERIPHERAL.a(CyBleControllerIP_Interface.o)
                0x000028e8                CyBleController_AddDeviceToWhiteList

i.CyBleController_ExitLowPowerMode
                0x00002928       0x10
 i.CyBleController_ExitLowPowerMode
                0x00002928       0x10 C:\Program Files (x86)\Cypress\PSoC Creator\3.1\PSoC Creator\psoc\content\cycomponentlibrary\CyComponentLibrary.cylib\BLE_v1_20\Library\gccCyBLEStack_BLE_SOC_PERIPHERAL.a(CyBleControllerIP_Interface.o)
                0x00002928                CyBleController_ExitLowPowerMode

i.CyBleController_Init
                0x00002938       0x3c
 i.CyBleController_Init
                0x00002938       0x3c C:\Program Files (x86)\Cypress\PSoC Creator\3.1\PSoC Creator\psoc\content\cycomponentlibrary\CyComponentLibrary.cylib\BLE_v1_20\Library\gccCyBLEStack_BLE_SOC_PERIPHERAL.a(CyBleControllerIP_Interface.o)
                0x00002938                CyBleController_Init

i.CyBleController_SetDeviceAddress
                0x00002974       0x2e
 i.CyBleController_SetDeviceAddress
                0x00002974       0x2e C:\Program Files (x86)\Cypress\PSoC Creator\3.1\PSoC Creator\psoc\content\cycomponentlibrary\CyComponentLibrary.cylib\BLE_v1_20\Library\gccCyBLEStack_BLE_SOC_PERIPHERAL.a(CyBleControllerIP_Interface.o)
                0x00002974                CyBleController_SetDeviceAddress

i.CyBle_GetTxPowerLevel
                0x000029a2       0x4e
 i.CyBle_GetTxPowerLevel
                0x000029a2       0x4e C:\Program Files (x86)\Cypress\PSoC Creator\3.1\PSoC Creator\psoc\content\cycomponentlibrary\CyComponentLibrary.cylib\BLE_v1_20\Library\gccCyBLEStack_BLE_SOC_PERIPHERAL.a(CyBleControllerIP_Interface.o)
                0x000029a2                CyBle_GetTxPowerLevel

i.CyBle_SetTxPowerLevel
                0x000029f0       0x56
 i.CyBle_SetTxPowerLevel
                0x000029f0       0x56 C:\Program Files (x86)\Cypress\PSoC Creator\3.1\PSoC Creator\psoc\content\cycomponentlibrary\CyComponentLibrary.cylib\BLE_v1_20\Library\gccCyBLEStack_BLE_SOC_PERIPHERAL.a(CyBleControllerIP_Interface.o)
                0x000029f0                CyBle_SetTxPowerLevel

i.ll_check_and_mark_packet_ready_for_transmission
                0x00002a48       0x28
 i.ll_check_and_mark_packet_ready_for_transmission
                0x00002a48       0x28 C:\Program Files (x86)\Cypress\PSoC Creator\3.1\PSoC Creator\psoc\content\cycomponentlibrary\CyComponentLibrary.cylib\BLE_v1_20\Library\gccCyBLEStack_BLE_SOC_PERIPHERAL.a(ll.o)
                0x00002a48                ll_check_and_mark_packet_ready_for_transmission

i.ll_cleanup_pending_data_pdu
                0x00002a70       0x38
 i.ll_cleanup_pending_data_pdu
                0x00002a70       0x38 C:\Program Files (x86)\Cypress\PSoC Creator\3.1\PSoC Creator\psoc\content\cycomponentlibrary\CyComponentLibrary.cylib\BLE_v1_20\Library\gccCyBLEStack_BLE_SOC_PERIPHERAL.a(ll.o)
                0x00002a70                ll_cleanup_pending_data_pdu

i.ll_exit_low_power_mode
                0x00002aa8       0xac
 i.ll_exit_low_power_mode
                0x00002aa8       0xac C:\Program Files (x86)\Cypress\PSoC Creator\3.1\PSoC Creator\psoc\content\cycomponentlibrary\CyComponentLibrary.cylib\BLE_v1_20\Library\gccCyBLEStack_BLE_SOC_PERIPHERAL.a(ll.o)
                0x00002aa8                ll_exit_low_power_mode

i.ll_get_ack_status
                0x00002b54       0x3c
 i.ll_get_ack_status
                0x00002b54       0x3c C:\Program Files (x86)\Cypress\PSoC Creator\3.1\PSoC Creator\psoc\content\cycomponentlibrary\CyComponentLibrary.cylib\BLE_v1_20\Library\gccCyBLEStack_BLE_SOC_PERIPHERAL.a(ll.o)
                0x00002b54                ll_get_ack_status

i.ll_get_adv_ch_tx_power
                0x00002b90       0x20
 i.ll_get_adv_ch_tx_power
                0x00002b90       0x20 C:\Program Files (x86)\Cypress\PSoC Creator\3.1\PSoC Creator\psoc\content\cycomponentlibrary\CyComponentLibrary.cylib\BLE_v1_20\Library\gccCyBLEStack_BLE_SOC_PERIPHERAL.a(ll.o)
                0x00002b90                ll_get_adv_ch_tx_power

i.ll_get_data_channel_map
                0x00002bb0       0x24
 i.ll_get_data_channel_map
                0x00002bb0       0x24 C:\Program Files (x86)\Cypress\PSoC Creator\3.1\PSoC Creator\psoc\content\cycomponentlibrary\CyComponentLibrary.cylib\BLE_v1_20\Library\gccCyBLEStack_BLE_SOC_PERIPHERAL.a(ll.o)
                0x00002bb0                ll_get_data_channel_map

i.ll_get_max_white_list_size
                0x00002bd4        0xc
 i.ll_get_max_white_list_size
                0x00002bd4        0xc C:\Program Files (x86)\Cypress\PSoC Creator\3.1\PSoC Creator\psoc\content\cycomponentlibrary\CyComponentLibrary.cylib\BLE_v1_20\Library\gccCyBLEStack_BLE_SOC_PERIPHERAL.a(ll.o)
                0x00002bd4                ll_get_max_white_list_size

i.ll_get_my_role
                0x00002be0        0xc
 i.ll_get_my_role
                0x00002be0        0xc C:\Program Files (x86)\Cypress\PSoC Creator\3.1\PSoC Creator\psoc\content\cycomponentlibrary\CyComponentLibrary.cylib\BLE_v1_20\Library\gccCyBLEStack_BLE_SOC_PERIPHERAL.a(ll.o)
                0x00002be0                ll_get_my_role

i.ll_get_next_available_fifo_for_data_pdu
                0x00002bec        0x8
 i.ll_get_next_available_fifo_for_data_pdu
                0x00002bec        0x8 C:\Program Files (x86)\Cypress\PSoC Creator\3.1\PSoC Creator\psoc\content\cycomponentlibrary\CyComponentLibrary.cylib\BLE_v1_20\Library\gccCyBLEStack_BLE_SOC_PERIPHERAL.a(ll.o)
                0x00002bec                ll_get_next_available_fifo_for_data_pdu

i.ll_get_next_available_fifo_for_ll_pdu
                0x00002bf4       0x24
 i.ll_get_next_available_fifo_for_ll_pdu
                0x00002bf4       0x24 C:\Program Files (x86)\Cypress\PSoC Creator\3.1\PSoC Creator\psoc\content\cycomponentlibrary\CyComponentLibrary.cylib\BLE_v1_20\Library\gccCyBLEStack_BLE_SOC_PERIPHERAL.a(ll.o)
                0x00002bf4                ll_get_next_available_fifo_for_ll_pdu

i.ll_get_rssi_value
                0x00002c18       0x26
 i.ll_get_rssi_value
                0x00002c18       0x26 C:\Program Files (x86)\Cypress\PSoC Creator\3.1\PSoC Creator\psoc\content\cycomponentlibrary\CyComponentLibrary.cylib\BLE_v1_20\Library\gccCyBLEStack_BLE_SOC_PERIPHERAL.a(ll.o)
                0x00002c18                ll_get_rssi_value

i.ll_get_transmit_power_level
                0x00002c40       0x2c
 i.ll_get_transmit_power_level
                0x00002c40       0x2c C:\Program Files (x86)\Cypress\PSoC Creator\3.1\PSoC Creator\psoc\content\cycomponentlibrary\CyComponentLibrary.cylib\BLE_v1_20\Library\gccCyBLEStack_BLE_SOC_PERIPHERAL.a(ll.o)
                0x00002c40                ll_get_transmit_power_level

i.ll_handle_ack_received
                0x00002c6c       0x74
 i.ll_handle_ack_received
                0x00002c6c       0x74 C:\Program Files (x86)\Cypress\PSoC Creator\3.1\PSoC Creator\psoc\content\cycomponentlibrary\CyComponentLibrary.cylib\BLE_v1_20\Library\gccCyBLEStack_BLE_SOC_PERIPHERAL.a(ll.o)
                0x00002c6c                ll_handle_ack_received

i.ll_handle_add_device_in_whitelist
                0x00002ce0       0x3a
 i.ll_handle_add_device_in_whitelist
                0x00002ce0       0x3a C:\Program Files (x86)\Cypress\PSoC Creator\3.1\PSoC Creator\psoc\content\cycomponentlibrary\CyComponentLibrary.cylib\BLE_v1_20\Library\gccCyBLEStack_BLE_SOC_PERIPHERAL.a(ll.o)
                0x00002ce0                ll_handle_add_device_in_whitelist

i.ll_handle_clear_whitelist
                0x00002d1a       0x16
 i.ll_handle_clear_whitelist
                0x00002d1a       0x16 C:\Program Files (x86)\Cypress\PSoC Creator\3.1\PSoC Creator\psoc\content\cycomponentlibrary\CyComponentLibrary.cylib\BLE_v1_20\Library\gccCyBLEStack_BLE_SOC_PERIPHERAL.a(ll.o)
                0x00002d1a                ll_handle_clear_whitelist

i.ll_handle_encrypt_host_data
                0x00002d30       0x36
 i.ll_handle_encrypt_host_data
                0x00002d30       0x36 C:\Program Files (x86)\Cypress\PSoC Creator\3.1\PSoC Creator\psoc\content\cycomponentlibrary\CyComponentLibrary.cylib\BLE_v1_20\Library\gccCyBLEStack_BLE_SOC_PERIPHERAL.a(ll.o)
                0x00002d30                ll_handle_encrypt_host_data

i.ll_handle_host_data_packet
                0x00002d66       0x54
 i.ll_handle_host_data_packet
                0x00002d66       0x54 C:\Program Files (x86)\Cypress\PSoC Creator\3.1\PSoC Creator\psoc\content\cycomponentlibrary\CyComponentLibrary.cylib\BLE_v1_20\Library\gccCyBLEStack_BLE_SOC_PERIPHERAL.a(ll.o)
                0x00002d66                ll_handle_host_data_packet

i.ll_handle_read_host_channel_map
                0x00002dba        0x4
 i.ll_handle_read_host_channel_map
                0x00002dba        0x4 C:\Program Files (x86)\Cypress\PSoC Creator\3.1\PSoC Creator\psoc\content\cycomponentlibrary\CyComponentLibrary.cylib\BLE_v1_20\Library\gccCyBLEStack_BLE_SOC_PERIPHERAL.a(ll.o)
                0x00002dba                ll_handle_read_host_channel_map

i.ll_handle_remove_device_in_whitelist
                0x00002dbe       0x2a
 i.ll_handle_remove_device_in_whitelist
                0x00002dbe       0x2a C:\Program Files (x86)\Cypress\PSoC Creator\3.1\PSoC Creator\psoc\content\cycomponentlibrary\CyComponentLibrary.cylib\BLE_v1_20\Library\gccCyBLEStack_BLE_SOC_PERIPHERAL.a(ll.o)
                0x00002dbe                ll_handle_remove_device_in_whitelist

i.ll_handle_reset
                0x00002de8        0xe
 i.ll_handle_reset
                0x00002de8        0xe C:\Program Files (x86)\Cypress\PSoC Creator\3.1\PSoC Creator\psoc\content\cycomponentlibrary\CyComponentLibrary.cylib\BLE_v1_20\Library\gccCyBLEStack_BLE_SOC_PERIPHERAL.a(ll.o)
                0x00002de8                ll_handle_reset

i.ll_handle_set_random_address
                0x00002df6       0x36
 i.ll_handle_set_random_address
                0x00002df6       0x36 C:\Program Files (x86)\Cypress\PSoC Creator\3.1\PSoC Creator\psoc\content\cycomponentlibrary\CyComponentLibrary.cylib\BLE_v1_20\Library\gccCyBLEStack_BLE_SOC_PERIPHERAL.a(ll.o)
                0x00002df6                ll_handle_set_random_address

i.ll_init       0x00002e2c       0x18
 i.ll_init      0x00002e2c       0x18 C:\Program Files (x86)\Cypress\PSoC Creator\3.1\PSoC Creator\psoc\content\cycomponentlibrary\CyComponentLibrary.cylib\BLE_v1_20\Library\gccCyBLEStack_BLE_SOC_PERIPHERAL.a(ll.o)
                0x00002e2c                ll_init

i.ll_initialize_device_attributes
                0x00002e44       0x4c
 i.ll_initialize_device_attributes
                0x00002e44       0x4c C:\Program Files (x86)\Cypress\PSoC Creator\3.1\PSoC Creator\psoc\content\cycomponentlibrary\CyComponentLibrary.cylib\BLE_v1_20\Library\gccCyBLEStack_BLE_SOC_PERIPHERAL.a(ll.o)
                0x00002e44                ll_initialize_device_attributes

i.ll_is_pkt_pending
                0x00002e90       0x2a
 i.ll_is_pkt_pending
                0x00002e90       0x2a C:\Program Files (x86)\Cypress\PSoC Creator\3.1\PSoC Creator\psoc\content\cycomponentlibrary\CyComponentLibrary.cylib\BLE_v1_20\Library\gccCyBLEStack_BLE_SOC_PERIPHERAL.a(ll.o)
                0x00002e90                ll_is_pkt_pending

i.ll_is_sent_pkt_pending
                0x00002eba       0x1a
 i.ll_is_sent_pkt_pending
                0x00002eba       0x1a C:\Program Files (x86)\Cypress\PSoC Creator\3.1\PSoC Creator\psoc\content\cycomponentlibrary\CyComponentLibrary.cylib\BLE_v1_20\Library\gccCyBLEStack_BLE_SOC_PERIPHERAL.a(ll.o)
                0x00002eba                ll_is_sent_pkt_pending

i.ll_isr_exit_low_power_mode
                0x00002ed4       0x16
 i.ll_isr_exit_low_power_mode
                0x00002ed4       0x16 C:\Program Files (x86)\Cypress\PSoC Creator\3.1\PSoC Creator\psoc\content\cycomponentlibrary\CyComponentLibrary.cylib\BLE_v1_20\Library\gccCyBLEStack_BLE_SOC_PERIPHERAL.a(ll.o)
                0x00002ed4                ll_isr_exit_low_power_mode

i.ll_load_host_data_packet
                0x00002eea       0x4a
 i.ll_load_host_data_packet
                0x00002eea       0x4a C:\Program Files (x86)\Cypress\PSoC Creator\3.1\PSoC Creator\psoc\content\cycomponentlibrary\CyComponentLibrary.cylib\BLE_v1_20\Library\gccCyBLEStack_BLE_SOC_PERIPHERAL.a(ll.o)
                0x00002eea                ll_load_host_data_packet

i.ll_load_packet_to_fifo
                0x00002f34       0x6e
 i.ll_load_packet_to_fifo
                0x00002f34       0x6e C:\Program Files (x86)\Cypress\PSoC Creator\3.1\PSoC Creator\psoc\content\cycomponentlibrary\CyComponentLibrary.cylib\BLE_v1_20\Library\gccCyBLEStack_BLE_SOC_PERIPHERAL.a(ll.o)
                0x00002f34                ll_load_packet_to_fifo

i.ll_process_acks
                0x00002fa2       0x3c
 i.ll_process_acks
                0x00002fa2       0x3c C:\Program Files (x86)\Cypress\PSoC Creator\3.1\PSoC Creator\psoc\content\cycomponentlibrary\CyComponentLibrary.cylib\BLE_v1_20\Library\gccCyBLEStack_BLE_SOC_PERIPHERAL.a(ll.o)
                0x00002fa2                ll_process_acks

i.ll_reset      0x00002fde       0x12
 i.ll_reset     0x00002fde       0x12 C:\Program Files (x86)\Cypress\PSoC Creator\3.1\PSoC Creator\psoc\content\cycomponentlibrary\CyComponentLibrary.cylib\BLE_v1_20\Library\gccCyBLEStack_BLE_SOC_PERIPHERAL.a(ll.o)
                0x00002fde                ll_reset

i.ll_update_active_features
                0x00002ff0       0x58
 i.ll_update_active_features
                0x00002ff0       0x58 C:\Program Files (x86)\Cypress\PSoC Creator\3.1\PSoC Creator\psoc\content\cycomponentlibrary\CyComponentLibrary.cylib\BLE_v1_20\Library\gccCyBLEStack_BLE_SOC_PERIPHERAL.a(ll.o)
                0x00002ff0                ll_update_active_features

i.ll_update_device_fsm
                0x00003048        0x8
 i.ll_update_device_fsm
                0x00003048        0x8 C:\Program Files (x86)\Cypress\PSoC Creator\3.1\PSoC Creator\psoc\content\cycomponentlibrary\CyComponentLibrary.cylib\BLE_v1_20\Library\gccCyBLEStack_BLE_SOC_PERIPHERAL.a(ll.o)
                0x00003048                ll_update_device_fsm

i.pf_le_start_timer
                0x00003050       0x16
 i.pf_le_start_timer
                0x00003050       0x16 C:\Program Files (x86)\Cypress\PSoC Creator\3.1\PSoC Creator\psoc\content\cycomponentlibrary\CyComponentLibrary.cylib\BLE_v1_20\Library\gccCyBLEStack_BLE_SOC_PERIPHERAL.a(ll.o)
                0x00003050                pf_le_start_timer

i.pf_le_stop_timer
                0x00003066       0x12
 i.pf_le_stop_timer
                0x00003066       0x12 C:\Program Files (x86)\Cypress\PSoC Creator\3.1\PSoC Creator\psoc\content\cycomponentlibrary\CyComponentLibrary.cylib\BLE_v1_20\Library\gccCyBLEStack_BLE_SOC_PERIPHERAL.a(ll.o)
                0x00003066                pf_le_stop_timer

i.CyBleControllerIP_TuneAdvEventInterPktSlots
                0x00003078       0x44
 i.CyBleControllerIP_TuneAdvEventInterPktSlots
                0x00003078       0x44 C:\Program Files (x86)\Cypress\PSoC Creator\3.1\PSoC Creator\psoc\content\cycomponentlibrary\CyComponentLibrary.cylib\BLE_v1_20\Library\gccCyBLEStack_BLE_SOC_PERIPHERAL.a(ll_advertiser.o)
                0x00003078                CyBleControllerIP_TuneAdvEventInterPktSlots

i.ll_adv_is_configured_connection_adv
                0x000030bc       0x1e
 i.ll_adv_is_configured_connection_adv
                0x000030bc       0x1e C:\Program Files (x86)\Cypress\PSoC Creator\3.1\PSoC Creator\psoc\content\cycomponentlibrary\CyComponentLibrary.cylib\BLE_v1_20\Library\gccCyBLEStack_BLE_SOC_PERIPHERAL.a(ll_advertiser.o)
                0x000030bc                ll_adv_is_configured_connection_adv

i.ll_check_random_address_in_use_by_advertiser
                0x000030da       0x10
 i.ll_check_random_address_in_use_by_advertiser
                0x000030da       0x10 C:\Program Files (x86)\Cypress\PSoC Creator\3.1\PSoC Creator\psoc\content\cycomponentlibrary\CyComponentLibrary.cylib\BLE_v1_20\Library\gccCyBLEStack_BLE_SOC_PERIPHERAL.a(ll_advertiser.o)
                0x000030da                ll_check_random_address_in_use_by_advertiser

i.ll_check_whitelist_in_use_by_advertiser
                0x000030ea       0x10
 i.ll_check_whitelist_in_use_by_advertiser
                0x000030ea       0x10 C:\Program Files (x86)\Cypress\PSoC Creator\3.1\PSoC Creator\psoc\content\cycomponentlibrary\CyComponentLibrary.cylib\BLE_v1_20\Library\gccCyBLEStack_BLE_SOC_PERIPHERAL.a(ll_advertiser.o)
                0x000030ea                ll_check_whitelist_in_use_by_advertiser

i.ll_get_adv_status
                0x000030fa        0xc
 i.ll_get_adv_status
                0x000030fa        0xc C:\Program Files (x86)\Cypress\PSoC Creator\3.1\PSoC Creator\psoc\content\cycomponentlibrary\CyComponentLibrary.cylib\BLE_v1_20\Library\gccCyBLEStack_BLE_SOC_PERIPHERAL.a(ll_advertiser.o)
                0x000030fa                ll_get_adv_status

i.ll_get_adv_type
                0x00003106       0x16
 i.ll_get_adv_type
                0x00003106       0x16 C:\Program Files (x86)\Cypress\PSoC Creator\3.1\PSoC Creator\psoc\content\cycomponentlibrary\CyComponentLibrary.cylib\BLE_v1_20\Library\gccCyBLEStack_BLE_SOC_PERIPHERAL.a(ll_advertiser.o)
                0x00003106                ll_get_adv_type

i.ll_handle_adv_intr
                0x0000311c       0x50
 i.ll_handle_adv_intr
                0x0000311c       0x50 C:\Program Files (x86)\Cypress\PSoC Creator\3.1\PSoC Creator\psoc\content\cycomponentlibrary\CyComponentLibrary.cylib\BLE_v1_20\Library\gccCyBLEStack_BLE_SOC_PERIPHERAL.a(ll_advertiser.o)
                0x0000311c                ll_handle_adv_intr

i.ll_handle_set_adv_data
                0x0000316c       0x14
 i.ll_handle_set_adv_data
                0x0000316c       0x14 C:\Program Files (x86)\Cypress\PSoC Creator\3.1\PSoC Creator\psoc\content\cycomponentlibrary\CyComponentLibrary.cylib\BLE_v1_20\Library\gccCyBLEStack_BLE_SOC_PERIPHERAL.a(ll_advertiser.o)
                0x0000316c                ll_handle_set_adv_data

i.ll_handle_set_adv_parameters
                0x00003180       0x84
 i.ll_handle_set_adv_parameters
                0x00003180       0x84 C:\Program Files (x86)\Cypress\PSoC Creator\3.1\PSoC Creator\psoc\content\cycomponentlibrary\CyComponentLibrary.cylib\BLE_v1_20\Library\gccCyBLEStack_BLE_SOC_PERIPHERAL.a(ll_advertiser.o)
                0x00003180                ll_handle_set_adv_parameters

i.ll_handle_set_advertise_enable
                0x00003204       0x70
 i.ll_handle_set_advertise_enable
                0x00003204       0x70 C:\Program Files (x86)\Cypress\PSoC Creator\3.1\PSoC Creator\psoc\content\cycomponentlibrary\CyComponentLibrary.cylib\BLE_v1_20\Library\gccCyBLEStack_BLE_SOC_PERIPHERAL.a(ll_advertiser.o)
                0x00003204                ll_handle_set_advertise_enable

i.ll_handle_set_scan_resp_data
                0x00003274       0x14
 i.ll_handle_set_scan_resp_data
                0x00003274       0x14 C:\Program Files (x86)\Cypress\PSoC Creator\3.1\PSoC Creator\psoc\content\cycomponentlibrary\CyComponentLibrary.cylib\BLE_v1_20\Library\gccCyBLEStack_BLE_SOC_PERIPHERAL.a(ll_advertiser.o)
                0x00003274                ll_handle_set_scan_resp_data

i.ll_init_advertiser
                0x00003288       0x68
 i.ll_init_advertiser
                0x00003288       0x68 C:\Program Files (x86)\Cypress\PSoC Creator\3.1\PSoC Creator\psoc\content\cycomponentlibrary\CyComponentLibrary.cylib\BLE_v1_20\Library\gccCyBLEStack_BLE_SOC_PERIPHERAL.a(ll_advertiser.o)
                0x00003288                ll_init_advertiser

i.is_le_connection_handle
                0x000032f0       0x28
 i.is_le_connection_handle
                0x000032f0       0x28 C:\Program Files (x86)\Cypress\PSoC Creator\3.1\PSoC Creator\psoc\content\cycomponentlibrary\CyComponentLibrary.cylib\BLE_v1_20\Library\gccCyBLEStack_BLE_SOC_PERIPHERAL.a(ll_connection.o)
                0x000032f0                is_le_connection_handle

i.le_assign_connection_handle
                0x00003318       0x28
 i.le_assign_connection_handle
                0x00003318       0x28 C:\Program Files (x86)\Cypress\PSoC Creator\3.1\PSoC Creator\psoc\content\cycomponentlibrary\CyComponentLibrary.cylib\BLE_v1_20\Library\gccCyBLEStack_BLE_SOC_PERIPHERAL.a(ll_connection.o)
                0x00003318                le_assign_connection_handle

i.le_get_connection_index
                0x00003340        0x6
 i.le_get_connection_index
                0x00003340        0x6 C:\Program Files (x86)\Cypress\PSoC Creator\3.1\PSoC Creator\psoc\content\cycomponentlibrary\CyComponentLibrary.cylib\BLE_v1_20\Library\gccCyBLEStack_BLE_SOC_PERIPHERAL.a(ll_connection.o)
                0x00003340                le_get_connection_index

i.ll_allocate_connection
                0x00003348       0x44
 i.ll_allocate_connection
                0x00003348       0x44 C:\Program Files (x86)\Cypress\PSoC Creator\3.1\PSoC Creator\psoc\content\cycomponentlibrary\CyComponentLibrary.cylib\BLE_v1_20\Library\gccCyBLEStack_BLE_SOC_PERIPHERAL.a(ll_connection.o)
                0x00003348                ll_allocate_connection

i.ll_calculate_and_program_def_win_widen_drift
                0x0000338c       0x14
 i.ll_calculate_and_program_def_win_widen_drift
                0x0000338c       0x14 C:\Program Files (x86)\Cypress\PSoC Creator\3.1\PSoC Creator\psoc\content\cycomponentlibrary\CyComponentLibrary.cylib\BLE_v1_20\Library\gccCyBLEStack_BLE_SOC_PERIPHERAL.a(ll_connection.o)
                0x0000338c                ll_calculate_and_program_def_win_widen_drift

i.ll_calculate_drift
                0x000033a0       0x2c
 i.ll_calculate_drift
                0x000033a0       0x2c C:\Program Files (x86)\Cypress\PSoC Creator\3.1\PSoC Creator\psoc\content\cycomponentlibrary\CyComponentLibrary.cylib\BLE_v1_20\Library\gccCyBLEStack_BLE_SOC_PERIPHERAL.a(ll_connection.o)
                0x000033a0                ll_calculate_drift

i.ll_check_and_decrypt_ll_pdu
                0x000033cc       0x68
 i.ll_check_and_decrypt_ll_pdu
                0x000033cc       0x68 C:\Program Files (x86)\Cypress\PSoC Creator\3.1\PSoC Creator\psoc\content\cycomponentlibrary\CyComponentLibrary.cylib\BLE_v1_20\Library\gccCyBLEStack_BLE_SOC_PERIPHERAL.a(ll_connection.o)
                0x000033cc                ll_check_and_decrypt_ll_pdu

i.ll_check_and_decrypt_packet
                0x00003434       0x6a
 i.ll_check_and_decrypt_packet
                0x00003434       0x6a C:\Program Files (x86)\Cypress\PSoC Creator\3.1\PSoC Creator\psoc\content\cycomponentlibrary\CyComponentLibrary.cylib\BLE_v1_20\Library\gccCyBLEStack_BLE_SOC_PERIPHERAL.a(ll_connection.o)
                0x00003434                ll_check_and_decrypt_packet

i.ll_check_and_encrypt_ll_pdu
                0x0000349e       0x72
 i.ll_check_and_encrypt_ll_pdu
                0x0000349e       0x72 C:\Program Files (x86)\Cypress\PSoC Creator\3.1\PSoC Creator\psoc\content\cycomponentlibrary\CyComponentLibrary.cylib\BLE_v1_20\Library\gccCyBLEStack_BLE_SOC_PERIPHERAL.a(ll_connection.o)
                0x0000349e                ll_check_and_encrypt_ll_pdu

i.ll_check_and_encrypt_packet
                0x00003510       0x8a
 i.ll_check_and_encrypt_packet
                0x00003510       0x8a C:\Program Files (x86)\Cypress\PSoC Creator\3.1\PSoC Creator\psoc\content\cycomponentlibrary\CyComponentLibrary.cylib\BLE_v1_20\Library\gccCyBLEStack_BLE_SOC_PERIPHERAL.a(ll_connection.o)
                0x00003510                ll_check_and_encrypt_packet

i.ll_check_for_allowing_incoming_connection_update
                0x0000359a       0x42
 i.ll_check_for_allowing_incoming_connection_update
                0x0000359a       0x42 C:\Program Files (x86)\Cypress\PSoC Creator\3.1\PSoC Creator\psoc\content\cycomponentlibrary\CyComponentLibrary.cylib\BLE_v1_20\Library\gccCyBLEStack_BLE_SOC_PERIPHERAL.a(ll_connection.o)
                0x0000359a                ll_check_for_allowing_incoming_connection_update

i.ll_check_if_pdu_is_loaded_to_hardware
                0x000035dc       0x1c
 i.ll_check_if_pdu_is_loaded_to_hardware
                0x000035dc       0x1c C:\Program Files (x86)\Cypress\PSoC Creator\3.1\PSoC Creator\psoc\content\cycomponentlibrary\CyComponentLibrary.cylib\BLE_v1_20\Library\gccCyBLEStack_BLE_SOC_PERIPHERAL.a(ll_connection.o)
                0x000035dc                ll_check_if_pdu_is_loaded_to_hardware

i.ll_check_random_address_in_use_by_initiator
                0x000035f8       0x30
 i.ll_check_random_address_in_use_by_initiator
                0x000035f8       0x30 C:\Program Files (x86)\Cypress\PSoC Creator\3.1\PSoC Creator\psoc\content\cycomponentlibrary\CyComponentLibrary.cylib\BLE_v1_20\Library\gccCyBLEStack_BLE_SOC_PERIPHERAL.a(ll_connection.o)
                0x000035f8                ll_check_random_address_in_use_by_initiator

i.ll_check_white_list_in_use_by_initiator
                0x00003628       0x30
 i.ll_check_white_list_in_use_by_initiator
                0x00003628       0x30 C:\Program Files (x86)\Cypress\PSoC Creator\3.1\PSoC Creator\psoc\content\cycomponentlibrary\CyComponentLibrary.cylib\BLE_v1_20\Library\gccCyBLEStack_BLE_SOC_PERIPHERAL.a(ll_connection.o)
                0x00003628                ll_check_white_list_in_use_by_initiator

i.ll_conn_free_enc_txn_buffer
                0x00003658       0x16
 i.ll_conn_free_enc_txn_buffer
                0x00003658       0x16 C:\Program Files (x86)\Cypress\PSoC Creator\3.1\PSoC Creator\psoc\content\cycomponentlibrary\CyComponentLibrary.cylib\BLE_v1_20\Library\gccCyBLEStack_BLE_SOC_PERIPHERAL.a(ll_connection.o)
                0x00003658                ll_conn_free_enc_txn_buffer

i.ll_conn_fsm_update_channel_state
                0x0000366e        0x6
 i.ll_conn_fsm_update_channel_state
                0x0000366e        0x6 C:\Program Files (x86)\Cypress\PSoC Creator\3.1\PSoC Creator\psoc\content\cycomponentlibrary\CyComponentLibrary.cylib\BLE_v1_20\Library\gccCyBLEStack_BLE_SOC_PERIPHERAL.a(ll_connection.o)
                0x0000366e                ll_conn_fsm_update_channel_state

i.ll_conn_fsm_update_conn_update_state
                0x00003674        0x6
 i.ll_conn_fsm_update_conn_update_state
                0x00003674        0x6 C:\Program Files (x86)\Cypress\PSoC Creator\3.1\PSoC Creator\psoc\content\cycomponentlibrary\CyComponentLibrary.cylib\BLE_v1_20\Library\gccCyBLEStack_BLE_SOC_PERIPHERAL.a(ll_connection.o)
                0x00003674                ll_conn_fsm_update_conn_update_state

i.ll_conn_fsm_update_enc_state
                0x0000367a        0x6
 i.ll_conn_fsm_update_enc_state
                0x0000367a        0x6 C:\Program Files (x86)\Cypress\PSoC Creator\3.1\PSoC Creator\psoc\content\cycomponentlibrary\CyComponentLibrary.cylib\BLE_v1_20\Library\gccCyBLEStack_BLE_SOC_PERIPHERAL.a(ll_connection.o)
                0x0000367a                ll_conn_fsm_update_enc_state

i.ll_conn_fsm_update_state
                0x00003680        0x4
 i.ll_conn_fsm_update_state
                0x00003680        0x4 C:\Program Files (x86)\Cypress\PSoC Creator\3.1\PSoC Creator\psoc\content\cycomponentlibrary\CyComponentLibrary.cylib\BLE_v1_20\Library\gccCyBLEStack_BLE_SOC_PERIPHERAL.a(ll_connection.o)
                0x00003680                ll_conn_fsm_update_state

i.ll_conn_handle_data_pdu_from_host_when_data_paused
                0x00003684        0x8
 i.ll_conn_handle_data_pdu_from_host_when_data_paused
                0x00003684        0x8 C:\Program Files (x86)\Cypress\PSoC Creator\3.1\PSoC Creator\psoc\content\cycomponentlibrary\CyComponentLibrary.cylib\BLE_v1_20\Library\gccCyBLEStack_BLE_SOC_PERIPHERAL.a(ll_connection.o)
                0x00003684                ll_conn_handle_data_pdu_from_host_when_data_paused

i.ll_conn_handle_direct_adv_timeout
                0x0000368c       0x2a
 i.ll_conn_handle_direct_adv_timeout
                0x0000368c       0x2a C:\Program Files (x86)\Cypress\PSoC Creator\3.1\PSoC Creator\psoc\content\cycomponentlibrary\CyComponentLibrary.cylib\BLE_v1_20\Library\gccCyBLEStack_BLE_SOC_PERIPHERAL.a(ll_connection.o)
                0x0000368c                ll_conn_handle_direct_adv_timeout

i.ll_conn_handle_ping_timer_expired_interrupt
                0x000036b8       0x1c
 i.ll_conn_handle_ping_timer_expired_interrupt
                0x000036b8       0x1c C:\Program Files (x86)\Cypress\PSoC Creator\3.1\PSoC Creator\psoc\content\cycomponentlibrary\CyComponentLibrary.cylib\BLE_v1_20\Library\gccCyBLEStack_BLE_SOC_PERIPHERAL.a(ll_connection.o)
                0x000036b8                ll_conn_handle_ping_timer_expired_interrupt

i.ll_conn_handle_ping_timer_nearly_expired_interrupt
                0x000036d4       0x20
 i.ll_conn_handle_ping_timer_nearly_expired_interrupt
                0x000036d4       0x20 C:\Program Files (x86)\Cypress\PSoC Creator\3.1\PSoC Creator\psoc\content\cycomponentlibrary\CyComponentLibrary.cylib\BLE_v1_20\Library\gccCyBLEStack_BLE_SOC_PERIPHERAL.a(ll_connection.o)
                0x000036d4                ll_conn_handle_ping_timer_nearly_expired_interrupt

i.ll_conn_handle_stop_connectable_adv
                0x000036f4       0x12
 i.ll_conn_handle_stop_connectable_adv
                0x000036f4       0x12 C:\Program Files (x86)\Cypress\PSoC Creator\3.1\PSoC Creator\psoc\content\cycomponentlibrary\CyComponentLibrary.cylib\BLE_v1_20\Library\gccCyBLEStack_BLE_SOC_PERIPHERAL.a(ll_connection.o)
                0x000036f4                ll_conn_handle_stop_connectable_adv

i.ll_conn_process_pending_transactions
                0x00003706        0x4
 i.ll_conn_process_pending_transactions
                0x00003706        0x4 C:\Program Files (x86)\Cypress\PSoC Creator\3.1\PSoC Creator\psoc\content\cycomponentlibrary\CyComponentLibrary.cylib\BLE_v1_20\Library\gccCyBLEStack_BLE_SOC_PERIPHERAL.a(ll_connection.o)
                0x00003706                ll_conn_process_pending_transactions

i.ll_conn_program_authenticated_payload_timer
                0x0000370c       0x50
 i.ll_conn_program_authenticated_payload_timer
                0x0000370c       0x50 C:\Program Files (x86)\Cypress\PSoC Creator\3.1\PSoC Creator\psoc\content\cycomponentlibrary\CyComponentLibrary.cylib\BLE_v1_20\Library\gccCyBLEStack_BLE_SOC_PERIPHERAL.a(ll_connection.o)
                0x0000370c                ll_conn_program_authenticated_payload_timer

i.ll_conn_read_data_pdu_from_hardware
                0x0000375c       0x14
 i.ll_conn_read_data_pdu_from_hardware
                0x0000375c       0x14 C:\Program Files (x86)\Cypress\PSoC Creator\3.1\PSoC Creator\psoc\content\cycomponentlibrary\CyComponentLibrary.cylib\BLE_v1_20\Library\gccCyBLEStack_BLE_SOC_PERIPHERAL.a(ll_connection.o)
                0x0000375c                ll_conn_read_data_pdu_from_hardware

i.ll_conn_send_ping_req_pdu
                0x00003770       0x40
 i.ll_conn_send_ping_req_pdu
                0x00003770       0x40 C:\Program Files (x86)\Cypress\PSoC Creator\3.1\PSoC Creator\psoc\content\cycomponentlibrary\CyComponentLibrary.cylib\BLE_v1_20\Library\gccCyBLEStack_BLE_SOC_PERIPHERAL.a(ll_connection.o)
                0x00003770                ll_conn_send_ping_req_pdu

i.ll_conn_store_pending_tx_pdu
                0x000037b0       0x1a
 i.ll_conn_store_pending_tx_pdu
                0x000037b0       0x1a C:\Program Files (x86)\Cypress\PSoC Creator\3.1\PSoC Creator\psoc\content\cycomponentlibrary\CyComponentLibrary.cylib\BLE_v1_20\Library\gccCyBLEStack_BLE_SOC_PERIPHERAL.a(ll_connection.o)
                0x000037b0                ll_conn_store_pending_tx_pdu

i.ll_conn_update_rssi
                0x000037ca       0x16
 i.ll_conn_update_rssi
                0x000037ca       0x16 C:\Program Files (x86)\Cypress\PSoC Creator\3.1\PSoC Creator\psoc\content\cycomponentlibrary\CyComponentLibrary.cylib\BLE_v1_20\Library\gccCyBLEStack_BLE_SOC_PERIPHERAL.a(ll_connection.o)
                0x000037ca                ll_conn_update_rssi

i.ll_convert_hci_llid_to_ll_llid_host_to_controller
                0x000037e0        0x8
 i.ll_convert_hci_llid_to_ll_llid_host_to_controller
                0x000037e0        0x8 C:\Program Files (x86)\Cypress\PSoC Creator\3.1\PSoC Creator\psoc\content\cycomponentlibrary\CyComponentLibrary.cylib\BLE_v1_20\Library\gccCyBLEStack_BLE_SOC_PERIPHERAL.a(ll_connection.o)
                0x000037e0                ll_convert_hci_llid_to_ll_llid_host_to_controller

i.ll_convert_ll_llid_to_hci_llid_controller_to_host
                0x000037e8        0x2
 i.ll_convert_ll_llid_to_hci_llid_controller_to_host
                0x000037e8        0x2 C:\Program Files (x86)\Cypress\PSoC Creator\3.1\PSoC Creator\psoc\content\cycomponentlibrary\CyComponentLibrary.cylib\BLE_v1_20\Library\gccCyBLEStack_BLE_SOC_PERIPHERAL.a(ll_connection.o)
                0x000037e8                ll_convert_ll_llid_to_hci_llid_controller_to_host

i.ll_decode_and_program_connect_req
                0x000037ec       0xec
 i.ll_decode_and_program_connect_req
                0x000037ec       0xec C:\Program Files (x86)\Cypress\PSoC Creator\3.1\PSoC Creator\psoc\content\cycomponentlibrary\CyComponentLibrary.cylib\BLE_v1_20\Library\gccCyBLEStack_BLE_SOC_PERIPHERAL.a(ll_connection.o)
                0x000037ec                ll_decode_and_program_connect_req

i.ll_enc_fsm_derive_session_key
                0x000038d8       0x46
 i.ll_enc_fsm_derive_session_key
                0x000038d8       0x46 C:\Program Files (x86)\Cypress\PSoC Creator\3.1\PSoC Creator\psoc\content\cycomponentlibrary\CyComponentLibrary.cylib\BLE_v1_20\Library\gccCyBLEStack_BLE_SOC_PERIPHERAL.a(ll_connection.o)
                0x000038d8                ll_enc_fsm_derive_session_key

i.ll_enc_handle_enc_complete
                0x0000391e       0x68
 i.ll_enc_handle_enc_complete
                0x0000391e       0x68 C:\Program Files (x86)\Cypress\PSoC Creator\3.1\PSoC Creator\psoc\content\cycomponentlibrary\CyComponentLibrary.cylib\BLE_v1_20\Library\gccCyBLEStack_BLE_SOC_PERIPHERAL.a(ll_connection.o)
                0x0000391e                ll_enc_handle_enc_complete

i.ll_enc_handle_enc_failure
                0x00003988       0xa4
 i.ll_enc_handle_enc_failure
                0x00003988       0xa4 C:\Program Files (x86)\Cypress\PSoC Creator\3.1\PSoC Creator\psoc\content\cycomponentlibrary\CyComponentLibrary.cylib\BLE_v1_20\Library\gccCyBLEStack_BLE_SOC_PERIPHERAL.a(ll_connection.o)
                0x00003988                ll_enc_handle_enc_failure

i.ll_enc_handle_ll_reject_pdu_cb
                0x00003a2c       0x24
 i.ll_enc_handle_ll_reject_pdu_cb
                0x00003a2c       0x24 C:\Program Files (x86)\Cypress\PSoC Creator\3.1\PSoC Creator\psoc\content\cycomponentlibrary\CyComponentLibrary.cylib\BLE_v1_20\Library\gccCyBLEStack_BLE_SOC_PERIPHERAL.a(ll_connection.o)
                0x00003a2c                ll_enc_handle_ll_reject_pdu_cb

i.ll_enc_handle_ll_terminate_pdu
                0x00003a50       0x16
 i.ll_enc_handle_ll_terminate_pdu
                0x00003a50       0x16 C:\Program Files (x86)\Cypress\PSoC Creator\3.1\PSoC Creator\psoc\content\cycomponentlibrary\CyComponentLibrary.cylib\BLE_v1_20\Library\gccCyBLEStack_BLE_SOC_PERIPHERAL.a(ll_connection.o)
                0x00003a50                ll_enc_handle_ll_terminate_pdu

i.ll_enc_handle_ll_unknown_resp_pdu_cb
                0x00003a66       0x24
 i.ll_enc_handle_ll_unknown_resp_pdu_cb
                0x00003a66       0x24 C:\Program Files (x86)\Cypress\PSoC Creator\3.1\PSoC Creator\psoc\content\cycomponentlibrary\CyComponentLibrary.cylib\BLE_v1_20\Library\gccCyBLEStack_BLE_SOC_PERIPHERAL.a(ll_connection.o)
                0x00003a66                ll_enc_handle_ll_unknown_resp_pdu_cb

i.ll_enc_handle_slave_await_to_start_cb
                0x00003a8c       0x80
 i.ll_enc_handle_slave_await_to_start_cb
                0x00003a8c       0x80 C:\Program Files (x86)\Cypress\PSoC Creator\3.1\PSoC Creator\psoc\content\cycomponentlibrary\CyComponentLibrary.cylib\BLE_v1_20\Library\gccCyBLEStack_BLE_SOC_PERIPHERAL.a(ll_connection.o)
                0x00003a8c                ll_enc_handle_slave_await_to_start_cb

i.ll_enc_handle_slave_enc_resp_ack_cb
                0x00003b0c       0x28
 i.ll_enc_handle_slave_enc_resp_ack_cb
                0x00003b0c       0x28 C:\Program Files (x86)\Cypress\PSoC Creator\3.1\PSoC Creator\psoc\content\cycomponentlibrary\CyComponentLibrary.cylib\BLE_v1_20\Library\gccCyBLEStack_BLE_SOC_PERIPHERAL.a(ll_connection.o)
                0x00003b0c                ll_enc_handle_slave_enc_resp_ack_cb

i.ll_enc_handle_slave_ltk_neg_reply_cb
                0x00003b34       0x60
 i.ll_enc_handle_slave_ltk_neg_reply_cb
                0x00003b34       0x60 C:\Program Files (x86)\Cypress\PSoC Creator\3.1\PSoC Creator\psoc\content\cycomponentlibrary\CyComponentLibrary.cylib\BLE_v1_20\Library\gccCyBLEStack_BLE_SOC_PERIPHERAL.a(ll_connection.o)
                0x00003b34                ll_enc_handle_slave_ltk_neg_reply_cb

i.ll_enc_handle_slave_pause_enc_req_cb
                0x00003b94       0x46
 i.ll_enc_handle_slave_pause_enc_req_cb
                0x00003b94       0x46 C:\Program Files (x86)\Cypress\PSoC Creator\3.1\PSoC Creator\psoc\content\cycomponentlibrary\CyComponentLibrary.cylib\BLE_v1_20\Library\gccCyBLEStack_BLE_SOC_PERIPHERAL.a(ll_connection.o)
                0x00003b94                ll_enc_handle_slave_pause_enc_req_cb

i.ll_enc_handle_slave_pause_enc_resp_cb
                0x00003bda       0x10
 i.ll_enc_handle_slave_pause_enc_resp_cb
                0x00003bda       0x10 C:\Program Files (x86)\Cypress\PSoC Creator\3.1\PSoC Creator\psoc\content\cycomponentlibrary\CyComponentLibrary.cylib\BLE_v1_20\Library\gccCyBLEStack_BLE_SOC_PERIPHERAL.a(ll_connection.o)
                0x00003bda                ll_enc_handle_slave_pause_enc_resp_cb

i.ll_enc_handle_slave_reject_ind_ack_cb
                0x00003bea       0x22
 i.ll_enc_handle_slave_reject_ind_ack_cb
                0x00003bea       0x22 C:\Program Files (x86)\Cypress\PSoC Creator\3.1\PSoC Creator\psoc\content\cycomponentlibrary\CyComponentLibrary.cylib\BLE_v1_20\Library\gccCyBLEStack_BLE_SOC_PERIPHERAL.a(ll_connection.o)
                0x00003bea                ll_enc_handle_slave_reject_ind_ack_cb

i.ll_enc_handle_slave_start_enc_resp_ack_cb
                0x00003c0c        0x8
 i.ll_enc_handle_slave_start_enc_resp_ack_cb
                0x00003c0c        0x8 C:\Program Files (x86)\Cypress\PSoC Creator\3.1\PSoC Creator\psoc\content\cycomponentlibrary\CyComponentLibrary.cylib\BLE_v1_20\Library\gccCyBLEStack_BLE_SOC_PERIPHERAL.a(ll_connection.o)
                0x00003c0c                ll_enc_handle_slave_start_enc_resp_ack_cb

i.ll_enc_handle_slave_start_enc_resp_cb
                0x00003c14       0x34
 i.ll_enc_handle_slave_start_enc_resp_cb
                0x00003c14       0x34 C:\Program Files (x86)\Cypress\PSoC Creator\3.1\PSoC Creator\psoc\content\cycomponentlibrary\CyComponentLibrary.cylib\BLE_v1_20\Library\gccCyBLEStack_BLE_SOC_PERIPHERAL.a(ll_connection.o)
                0x00003c14                ll_enc_handle_slave_start_enc_resp_cb

i.ll_enc_send_start_encryption_request
                0x00003c48       0x38
 i.ll_enc_send_start_encryption_request
                0x00003c48       0x38 C:\Program Files (x86)\Cypress\PSoC Creator\3.1\PSoC Creator\psoc\content\cycomponentlibrary\CyComponentLibrary.cylib\BLE_v1_20\Library\gccCyBLEStack_BLE_SOC_PERIPHERAL.a(ll_connection.o)
                0x00003c48                ll_enc_send_start_encryption_request

i.ll_extract_pdu_opcode
                0x00003c80        0x4
 i.ll_extract_pdu_opcode
                0x00003c80        0x4 C:\Program Files (x86)\Cypress\PSoC Creator\3.1\PSoC Creator\psoc\content\cycomponentlibrary\CyComponentLibrary.cylib\BLE_v1_20\Library\gccCyBLEStack_BLE_SOC_PERIPHERAL.a(ll_connection.o)
                0x00003c80                ll_extract_pdu_opcode

i.ll_fsm_handle_conn_established_ind
                0x00003c84       0x7c
 i.ll_fsm_handle_conn_established_ind
                0x00003c84       0x7c C:\Program Files (x86)\Cypress\PSoC Creator\3.1\PSoC Creator\psoc\content\cycomponentlibrary\CyComponentLibrary.cylib\BLE_v1_20\Library\gccCyBLEStack_BLE_SOC_PERIPHERAL.a(ll_connection.o)
                0x00003c84                ll_fsm_handle_conn_established_ind

i.ll_fsm_handle_conn_failure_ind
                0x00003d00        0xc
 i.ll_fsm_handle_conn_failure_ind
                0x00003d00        0xc C:\Program Files (x86)\Cypress\PSoC Creator\3.1\PSoC Creator\psoc\content\cycomponentlibrary\CyComponentLibrary.cylib\BLE_v1_20\Library\gccCyBLEStack_BLE_SOC_PERIPHERAL.a(ll_connection.o)
                0x00003d00                ll_fsm_handle_conn_failure_ind

i.ll_fsm_handle_disconnecting_state
                0x00003d0c       0x16
 i.ll_fsm_handle_disconnecting_state
                0x00003d0c       0x16 C:\Program Files (x86)\Cypress\PSoC Creator\3.1\PSoC Creator\psoc\content\cycomponentlibrary\CyComponentLibrary.cylib\BLE_v1_20\Library\gccCyBLEStack_BLE_SOC_PERIPHERAL.a(ll_connection.o)
                0x00003d0c                ll_fsm_handle_disconnecting_state

i.ll_fsm_handle_end_of_conn_interval
                0x00003d24       0x30
 i.ll_fsm_handle_end_of_conn_interval
                0x00003d24       0x30 C:\Program Files (x86)\Cypress\PSoC Creator\3.1\PSoC Creator\psoc\content\cycomponentlibrary\CyComponentLibrary.cylib\BLE_v1_20\Library\gccCyBLEStack_BLE_SOC_PERIPHERAL.a(ll_connection.o)
                0x00003d24                ll_fsm_handle_end_of_conn_interval

i.ll_fsm_handle_pdu_response_timeout
                0x00003d54       0x20
 i.ll_fsm_handle_pdu_response_timeout
                0x00003d54       0x20 C:\Program Files (x86)\Cypress\PSoC Creator\3.1\PSoC Creator\psoc\content\cycomponentlibrary\CyComponentLibrary.cylib\BLE_v1_20\Library\gccCyBLEStack_BLE_SOC_PERIPHERAL.a(ll_connection.o)
                0x00003d54                ll_fsm_handle_pdu_response_timeout

i.ll_fsm_handle_sup_timeout_ind
                0x00003d74       0x22
 i.ll_fsm_handle_sup_timeout_ind
                0x00003d74       0x22 C:\Program Files (x86)\Cypress\PSoC Creator\3.1\PSoC Creator\psoc\content\cycomponentlibrary\CyComponentLibrary.cylib\BLE_v1_20\Library\gccCyBLEStack_BLE_SOC_PERIPHERAL.a(ll_connection.o)