Archive member included because of file (symbol)

.\CortexM0\ARM_GCC_484\Debug\BLE Lab 2.a(cyfitter_cfg.o)
                              .\CortexM0\ARM_GCC_484\Debug\Cm0Start.o (cyfitter_cfg)
.\CortexM0\ARM_GCC_484\Debug\BLE Lab 2.a(PWM.o)
                              .\CortexM0\ARM_GCC_484\Debug\main.o (PWM_WriteCompare)
.\CortexM0\ARM_GCC_484\Debug\BLE Lab 2.a(BLE_1.o)
                              .\CortexM0\ARM_GCC_484\Debug\main.o (CyBle_Start)
.\CortexM0\ARM_GCC_484\Debug\BLE Lab 2.a(BLE_1_gatt.o)
                              .\CortexM0\ARM_GCC_484\Debug\BLE Lab 2.a(BLE_1.o) (cyBle_state)
.\CortexM0\ARM_GCC_484\Debug\BLE Lab 2.a(BLE_1_ias.o)
                              .\CortexM0\ARM_GCC_484\Debug\BLE Lab 2.a(BLE_1.o) (CyBle_IasInit)
.\CortexM0\ARM_GCC_484\Debug\BLE Lab 2.a(BLE_1_eventHandler.o)
                              .\CortexM0\ARM_GCC_484\Debug\BLE Lab 2.a(BLE_1.o) (cyBle_eventHandlerFlag)
.\CortexM0\ARM_GCC_484\Debug\BLE Lab 2.a(CyBootAsmGnu.o)
                              .\CortexM0\ARM_GCC_484\Debug\BLE Lab 2.a(PWM.o) (CyEnterCriticalSection)
.\CortexM0\ARM_GCC_484\Debug\BLE Lab 2.a(CyLib.o)
                              .\CortexM0\ARM_GCC_484\Debug\BLE Lab 2.a(cyfitter_cfg.o) (CyDelayUs)
C:\Program Files (x86)\Cypress\PSoC Creator\3.1\PSoC Creator\psoc\content\cycomponentlibrary\CyComponentLibrary.cylib\BLE_v1_20\Library\gccCyBLEStack_BLE_SOC_PERIPHERAL.a(CyBle.o)
                              .\CortexM0\ARM_GCC_484\Debug\main.o (CyBle_ProcessEvents)
C:\Program Files (x86)\Cypress\PSoC Creator\3.1\PSoC Creator\psoc\content\cycomponentlibrary\CyComponentLibrary.cylib\BLE_v1_20\Library\gccCyBLEStack_BLE_SOC_PERIPHERAL.a(CyBleStackMgrIP_Interface.o)
                              C:\Program Files (x86)\Cypress\PSoC Creator\3.1\PSoC Creator\psoc\content\cycomponentlibrary\CyComponentLibrary.cylib\BLE_v1_20\Library\gccCyBLEStack_BLE_SOC_PERIPHERAL.a(CyBle.o) (CyBleStackMgr_BleGetConfigData)
C:\Program Files (x86)\Cypress\PSoC Creator\3.1\PSoC Creator\psoc\content\cycomponentlibrary\CyComponentLibrary.cylib\BLE_v1_20\Library\gccCyBLEStack_BLE_SOC_PERIPHERAL.a(BT_os.o)
                              C:\Program Files (x86)\Cypress\PSoC Creator\3.1\PSoC Creator\psoc\content\cycomponentlibrary\CyComponentLibrary.cylib\BLE_v1_20\Library\gccCyBLEStack_BLE_SOC_PERIPHERAL.a(CyBleStackMgrIP_Interface.o) (bt_stack_init_os)
C:\Program Files (x86)\Cypress\PSoC Creator\3.1\PSoC Creator\psoc\content\cycomponentlibrary\CyComponentLibrary.cylib\BLE_v1_20\Library\gccCyBLEStack_BLE_SOC_PERIPHERAL.a(CyBleStackMgr_StackTaskHandler.o)
                              C:\Program Files (x86)\Cypress\PSoC Creator\3.1\PSoC Creator\psoc\content\cycomponentlibrary\CyComponentLibrary.cylib\BLE_v1_20\Library\gccCyBLEStack_BLE_SOC_PERIPHERAL.a(CyBleStackMgrIP_Interface.o) (CyBle_CreateBleStackTask)
C:\Program Files (x86)\Cypress\PSoC Creator\3.1\PSoC Creator\psoc\content\cycomponentlibrary\CyComponentLibrary.cylib\BLE_v1_20\Library\gccCyBLEStack_BLE_SOC_PERIPHERAL.a(transport_sf.o)
                              C:\Program Files (x86)\Cypress\PSoC Creator\3.1\PSoC Creator\psoc\content\cycomponentlibrary\CyComponentLibrary.cylib\BLE_v1_20\Library\gccCyBLEStack_BLE_SOC_PERIPHERAL.a(CyBleStackMgr_StackTaskHandler.o) (hci_soft_transport_notify_data_received)
C:\Program Files (x86)\Cypress\PSoC Creator\3.1\PSoC Creator\psoc\content\cycomponentlibrary\CyComponentLibrary.cylib\BLE_v1_20\Library\gccCyBLEStack_BLE_SOC_PERIPHERAL.a(CyBleStackMgr_PSoCHal.o)
                              C:\Program Files (x86)\Cypress\PSoC Creator\3.1\PSoC Creator\psoc\content\cycomponentlibrary\CyComponentLibrary.cylib\BLE_v1_20\Library\gccCyBLEStack_BLE_SOC_PERIPHERAL.a(CyBleStackMgrIP_Interface.o) (CyBleStackMgr_HalInit)
C:\Program Files (x86)\Cypress\PSoC Creator\3.1\PSoC Creator\psoc\content\cycomponentlibrary\CyComponentLibrary.cylib\BLE_v1_20\Library\gccCyBLEStack_BLE_SOC_PERIPHERAL.a(CyBleStackMgr_BleSSDriver.o)
                              C:\Program Files (x86)\Cypress\PSoC Creator\3.1\PSoC Creator\psoc\content\cycomponentlibrary\CyComponentLibrary.cylib\BLE_v1_20\Library\gccCyBLEStack_BLE_SOC_PERIPHERAL.a(CyBleStackMgrIP_Interface.o) (CyBleStackMgr_BleSSInit)
C:\Program Files (x86)\Cypress\PSoC Creator\3.1\PSoC Creator\psoc\content\cycomponentlibrary\CyComponentLibrary.cylib\BLE_v1_20\Library\gccCyBLEStack_BLE_SOC_PERIPHERAL.a(config_bin.o)
                              C:\Program Files (x86)\Cypress\PSoC Creator\3.1\PSoC Creator\psoc\content\cycomponentlibrary\CyComponentLibrary.cylib\BLE_v1_20\Library\gccCyBLEStack_BLE_SOC_PERIPHERAL.a(CyBleStackMgr_PSoCHal.o) (bt_cfg_pdata)
C:\Program Files (x86)\Cypress\PSoC Creator\3.1\PSoC Creator\psoc\content\cycomponentlibrary\CyComponentLibrary.cylib\BLE_v1_20\Library\gccCyBLEStack_BLE_SOC_PERIPHERAL.a(mint_os.o)
[...]
Memory Configuration

Name             Origin             Length             Attributes
rom              0x00000000         0x00020000         xr
ram              0x20000000         0x00004000         xrw
*default*        0x00000000         0xffffffff

Linker script and memory map

LOAD c:/program files (x86)/cypress/psoc creator/3.1/psoc creator/import/gnu_cs/arm/4.8.4/bin/../lib/gcc/arm-none-eabi/4.8.4/armv6-m/crti.o
LOAD c:/program files (x86)/cypress/psoc creator/3.1/psoc creator/import/gnu_cs/arm/4.8.4/bin/../lib/gcc/arm-none-eabi/4.8.4/armv6-m/crtbegin.o
LOAD c:/program files (x86)/cypress/psoc creator/3.1/psoc creator/import/gnu_cs/arm/4.8.4/bin/../lib/gcc/arm-none-eabi/4.8.4/../../../../arm-none-eabi/lib/armv6-m/crt0.o
START GROUP
LOAD .\CortexM0\ARM_GCC_484\Debug\main.o
LOAD .\CortexM0\ARM_GCC_484\Debug\cymetadata.o
LOAD .\CortexM0\ARM_GCC_484\Debug\Cm0Start.o
LOAD .\CortexM0\ARM_GCC_484\Debug\BLE Lab 2.a
LOAD C:\Program Files (x86)\Cypress\PSoC Creator\3.1\PSoC Creator\psoc\content\cycomponentlibrary\CyComponentLibrary.cylib\BLE_v1_20\Library\gccCyBLEStack_BLE_SOC_PERIPHERAL.a
LOAD C:\Program Files (x86)\Cypress\PSoC Creator\3.1\PSoC Creator\psoc\content\cycomponentlibrary\CyComponentLibrary.cylib\CortexM0\ARM_GCC_484\Debug\CyComponentLibrary.a
END GROUP
START GROUP
LOAD c:/program files (x86)/cypress/psoc creator/3.1/psoc creator/import/gnu_cs/arm/4.8.4/bin/../lib/gcc/arm-none-eabi/4.8.4/armv6-m\libgcc.a
LOAD c:/program files (x86)/cypress/psoc creator/3.1/psoc creator/import/gnu_cs/arm/4.8.4/bin/../lib/gcc/arm-none-eabi/4.8.4/../../../../arm-none-eabi/lib/armv6-m\libg_s.a
LOAD c:/program files (x86)/cypress/psoc creator/3.1/psoc creator/import/gnu_cs/arm/4.8.4/bin/../lib/gcc/arm-none-eabi/4.8.4/../../../../arm-none-eabi/lib/armv6-m\libc_s.a
END GROUP
START GROUP
LOAD c:/program files (x86)/cypress/psoc creator/3.1/psoc creator/import/gnu_cs/arm/4.8.4/bin/../lib/gcc/arm-none-eabi/4.8.4/armv6-m\libgcc.a
LOAD c:/program files (x86)/cypress/psoc creator/3.1/psoc creator/import/gnu_cs/arm/4.8.4/bin/../lib/gcc/arm-none-eabi/4.8.4/../../../../arm-none-eabi/lib/armv6-m\libc_s.a
END GROUP
LOAD c:/program files (x86)/cypress/psoc creator/3.1/psoc creator/import/gnu_cs/arm/4.8.4/bin/../lib/gcc/arm-none-eabi/4.8.4/armv6-m/crtend.o
LOAD c:/program files (x86)/cypress/psoc creator/3.1/psoc creator/import/gnu_cs/arm/4.8.4/bin/../lib/gcc/arm-none-eabi/4.8.4/armv6-m/crtn.o
START GROUP
LOAD c:/program files (x86)/cypress/psoc creator/3.1/psoc creator/import/gnu_cs/arm/4.8.4/bin/../lib/gcc/arm-none-eabi/4.8.4/armv6-m\libgcc.a
LOAD c:/program files (x86)/cypress/psoc creator/3.1/psoc creator/import/gnu_cs/arm/4.8.4/bin/../lib/gcc/arm-none-eabi/4.8.4/../../../../arm-none-eabi/lib/armv6-m\libc.a
LOAD c:/program files (x86)/cypress/psoc creator/3.1/psoc creator/import/gnu_cs/arm/4.8.4/bin/../lib/gcc/arm-none-eabi/4.8.4/../../../../arm-none-eabi/lib/armv6-m\libnosys.a
END GROUP
                0x00000000                CY_APPL_ORIGIN = 0x0
                0x00000080                CY_FLASH_ROW_SIZE = 0x80
                0x00000001                CY_APPL_NUM = 0x1
                0x00000040                CY_METADATA_SIZE = 0x40
                0x200024b0                PROVIDE (__cy_heap_start, _end)
                0x00000001                PROVIDE (__cy_region_num, ((__cy_regions_end - __cy_regions) / 0x10))
                0x20004000                PROVIDE (__cy_stack, (ORIGIN (ram) + 0x4000))
                0x20003800                PROVIDE (__cy_heap_end, (__cy_stack - 0x800))

.cybootloader   0x00000000        0x0
 *(.cybootloader)
                0x00000000                appl1_start = CY_APPL_ORIGIN?CY_APPL_ORIGIN:ALIGN (CY_FLASH_ROW_SIZE)
                0x0000ff80                appl2_start = (appl1_start + ALIGN ((((0x20000 - appl1_start) - (0x2 * CY_FLASH_ROW_SIZE)) / 0x2), CY_FLASH_ROW_SIZE))
                0x00000000                appl_start = (CY_APPL_NUM == 0x1)?appl1_start:appl2_start

.text           0x00000000     0x14c4
 CREATE_OBJECT_SYMBOLS
                0x00000000                PROVIDE (__cy_interrupt_vector, RomVectors)
 *(.romvectors)
 .romvectors    0x00000000       0x10 .\CortexM0\ARM_GCC_484\Debug\Cm0Start.o
                0x00000000                RomVectors
                0x00000001                ASSERT ((. != __cy_interrupt_vector), No interrupt vector)
                0x00000001                ASSERT (CY_APPL_ORIGIN?(SIZEOF (.cybootloader) <= CY_APPL_ORIGIN):0x1, Wrong image location)
                0x00000010                PROVIDE (__cy_reset, Reset)
 *(.text.Reset)
 .text.Reset    0x00000010        0x8 .\CortexM0\ARM_GCC_484\Debug\Cm0Start.o
                0x00000010                Reset
                0x00000001                ASSERT ((. != __cy_reset), No reset code)
 *(.psocinit)
 .psocinit      0x00000018      0x2ac .\CortexM0\ARM_GCC_484\Debug\BLE Lab 2.a(cyfitter_cfg.o)
                0x00000198                cyfitter_cfg
                0x000002c4                . = MAX (., 0x100)
 *(.text .text.* .gnu.linkonce.t.*)
 .text          0x000002c4       0x60 c:/program files (x86)/cypress/psoc creator/3.1/psoc creator/import/gnu_cs/arm/4.8.4/bin/../lib/gcc/arm-none-eabi/4.8.4/armv6-m/crtbegin.o
 .text.main     0x00000324       0x28 .\CortexM0\ARM_GCC_484\Debug\main.o
                0x00000324                main
 .text.StackEventHandler
                0x0000034c       0x24 .\CortexM0\ARM_GCC_484\Debug\main.o
                0x0000034c                StackEventHandler
 .text.IasEventHandler
                0x00000370       0x34 .\CortexM0\ARM_GCC_484\Debug\main.o
                0x00000370                IasEventHandler
 .text.HandleAlertLEDs
                0x000003a4       0x40 .\CortexM0\ARM_GCC_484\Debug\main.o
                0x000003a4                HandleAlertLEDs
 .text.IntDefaultHandler
                0x000003e4        0x8 .\CortexM0\ARM_GCC_484\Debug\Cm0Start.o
                0x000003e4                IntDefaultHandler
 .text.Start_c  0x000003ec       0x98 .\CortexM0\ARM_GCC_484\Debug\Cm0Start.o
                0x000003ec                Start_c
 .text.initialize_psoc
                0x00000484       0x70 .\CortexM0\ARM_GCC_484\Debug\Cm0Start.o
                0x00000484                initialize_psoc
 .text.CYMEMZERO
                0x000004f4       0x20 .\CortexM0\ARM_GCC_484\Debug\BLE Lab 2.a(cyfitter_cfg.o)
 .text.cfg_write_bytes32
                0x00000514       0x80 .\CortexM0\ARM_GCC_484\Debug\BLE Lab 2.a(cyfitter_cfg.o)
 .text.AnalogSetDefault
                0x00000594       0x28 .\CortexM0\ARM_GCC_484\Debug\BLE Lab 2.a(cyfitter_cfg.o)
 .text.PWM_Init
                0x000005bc       0x54 .\CortexM0\ARM_GCC_484\Debug\BLE Lab 2.a(PWM.o)
                0x000005bc                PWM_Init
 .text.PWM_Enable
                0x00000610       0x38 .\CortexM0\ARM_GCC_484\Debug\BLE Lab 2.a(PWM.o)
                0x00000610                PWM_Enable
 .text.PWM_Start
                0x00000648       0x24 .\CortexM0\ARM_GCC_484\Debug\BLE Lab 2.a(PWM.o)
                0x00000648                PWM_Start
 .text.PWM_WriteCounter
                0x0000066c       0x1c .\CortexM0\ARM_GCC_484\Debug\BLE Lab 2.a(PWM.o)
                0x0000066c                PWM_WriteCounter
 .text.PWM_WritePeriod
                0x00000688       0x1c .\CortexM0\ARM_GCC_484\Debug\BLE Lab 2.a(PWM.o)
                0x00000688                PWM_WritePeriod
 .text.PWM_WriteCompare
                0x000006a4       0x1c .\CortexM0\ARM_GCC_484\Debug\BLE Lab 2.a(PWM.o)
                0x000006a4                PWM_WriteCompare
 .text.PWM_TriggerCommand
                0x000006c0       0x3c .\CortexM0\ARM_GCC_484\Debug\BLE Lab 2.a(PWM.o)
                0x000006c0                PWM_TriggerCommand
 .text.PWM_SetInterruptMode
                0x000006fc       0x18 .\CortexM0\ARM_GCC_484\Debug\BLE Lab 2.a(PWM.o)
                0x000006fc                PWM_SetInterruptMode
 .text.CyBle_Init
                0x00000714       0x2c .\CortexM0\ARM_GCC_484\Debug\BLE Lab 2.a(BLE_1.o)
                0x00000714                CyBle_Init
 .text.CyBle_ServiceInit
                0x00000740        0xc .\CortexM0\ARM_GCC_484\Debug\BLE Lab 2.a(BLE_1.o)
                0x00000740                CyBle_ServiceInit
 .text.CyBle_Start
                0x0000074c       0x90 .\CortexM0\ARM_GCC_484\Debug\BLE Lab 2.a(BLE_1.o)
                0x0000074c                CyBle_Start
 .text.CyBle_GappStartAdvertisement
                0x000007dc       0xc4 .\CortexM0\ARM_GCC_484\Debug\BLE Lab 2.a(BLE_1.o)
                0x000007dc                CyBle_GappStartAdvertisement
 .text.CyBle_ChangeAdDeviceAddress
                0x000008a0       0x60 .\CortexM0\ARM_GCC_484\Debug\BLE Lab 2.a(BLE_1.o)
                0x000008a0                CyBle_ChangeAdDeviceAddress
 .text.CyBle_Get16ByPtr
                0x00000900       0x24 .\CortexM0\ARM_GCC_484\Debug\BLE Lab 2.a(BLE_1.o)
                0x00000900                CyBle_Get16ByPtr
 .text.CyBle_GattsWriteEventHandler
                0x00000924       0xa0 .\CortexM0\ARM_GCC_484\Debug\BLE Lab 2.a(BLE_1_gatt.o)
                0x00000924                CyBle_GattsWriteEventHandler
 .text.CyBle_IasInit
                0x000009c4        0x8 .\CortexM0\ARM_GCC_484\Debug\BLE Lab 2.a(BLE_1_ias.o)
                0x000009c4                CyBle_IasInit
 .text.CyBle_IasRegisterAttrCallback
                0x000009cc       0x18 .\CortexM0\ARM_GCC_484\Debug\BLE Lab 2.a(BLE_1_ias.o)
                0x000009cc                CyBle_IasRegisterAttrCallback
 .text.CyBle_IassDisconnectEventHandler
                0x000009e4       0x38 .\CortexM0\ARM_GCC_484\Debug\BLE Lab 2.a(BLE_1_ias.o)
                0x000009e4                CyBle_IassDisconnectEventHandler
 .text.CyBle_IassWriteCmdEventHandler
                0x00000a1c       0x90 .\CortexM0\ARM_GCC_484\Debug\BLE Lab 2.a(BLE_1_ias.o)
                0x00000a1c                CyBle_IassWriteCmdEventHandler
 .text.CyBle_IassGetCharacteristicValue
                0x00000aac       0x78 .\CortexM0\ARM_GCC_484\Debug\BLE Lab 2.a(BLE_1_ias.o)
                0x00000aac                CyBle_IassGetCharacteristicValue
 .text.CyBle_WriteReqHandler
                0x00000b24       0x70 .\CortexM0\ARM_GCC_484\Debug\BLE Lab 2.a(BLE_1_eventHandler.o)
 .text.CyBle_ValueConfirmation
                0x00000b94       0x10 .\CortexM0\ARM_GCC_484\Debug\BLE Lab 2.a(BLE_1_eventHandler.o)
 .text.CyBle_GattDisconnectEventHandler
                0x00000ba4       0x1c .\CortexM0\ARM_GCC_484\Debug\BLE Lab 2.a(BLE_1_eventHandler.o)
 .text.CyBle_TimeOutEventHandler
                0x00000bc0       0x10 .\CortexM0\ARM_GCC_484\Debug\BLE Lab 2.a(BLE_1_eventHandler.o)
 .text.CyBle_GattConnectReqHandler
                0x00000bd0        0x8 .\CortexM0\ARM_GCC_484\Debug\BLE Lab 2.a(BLE_1_eventHandler.o)
 .text.CyBle_IsDeviceAddressValid
                0x00000bd8       0x60 .\CortexM0\ARM_GCC_484\Debug\BLE Lab 2.a(BLE_1_eventHandler.o)
 .text.CyBle_L2Cap_ConnParamUpdateRspEventHandler
                0x00000c38       0x14 .\CortexM0\ARM_GCC_484\Debug\BLE Lab 2.a(BLE_1_eventHandler.o)
 .text.CyBle_GapConnUpdateCompleteEventHandler
                0x00000c4c       0x10 .\CortexM0\ARM_GCC_484\Debug\BLE Lab 2.a(BLE_1_eventHandler.o)
 .text.CyBle_EventHandler
                0x00000c5c      0x2d4 .\CortexM0\ARM_GCC_484\Debug\BLE Lab 2.a(BLE_1_eventHandler.o)
                0x00000c5c                CyBle_EventHandler
 .text          0x00000f30       0x20 .\CortexM0\ARM_GCC_484\Debug\BLE Lab 2.a(CyBootAsmGnu.o)
                0x00000f30                CyDelayCycles
                0x00000f42                CyEnterCriticalSection
                0x00000f4a                CyExitCriticalSection
 .text.CySysClkWcoSetHighPowerMode
                0x00000f50       0x3c .\CortexM0\ARM_GCC_484\Debug\BLE Lab 2.a(CyLib.o)
 .text.CySysClkWcoSetLowPowerMode
                0x00000f8c       0x48 .\CortexM0\ARM_GCC_484\Debug\BLE Lab 2.a(CyLib.o)
 .text.CySysClkEcoStart
                0x00000fd4       0x74 .\CortexM0\ARM_GCC_484\Debug\BLE Lab 2.a(CyLib.o)
                0x00000fd4                CySysClkEcoStart
 .text.CySysClkEcoReadStatus
                0x00001048       0x18 .\CortexM0\ARM_GCC_484\Debug\BLE Lab 2.a(CyLib.o)
                0x00001048                CySysClkEcoReadStatus
 .text.CySysClkWcoStart
                0x00001060       0x20 .\CortexM0\ARM_GCC_484\Debug\BLE Lab 2.a(CyLib.o)
                0x00001060                CySysClkWcoStart
 .text.CySysClkWcoSetPowerMode
                0x00001080       0x40 .\CortexM0\ARM_GCC_484\Debug\BLE Lab 2.a(CyLib.o)
                0x00001080                CySysClkWcoSetPowerMode
 .text.CyHalt   0x000010c0       0x14 .\CortexM0\ARM_GCC_484\Debug\BLE Lab 2.a(CyLib.o)
                0x000010c0                CyHalt
 .text.CyDelay  0x000010d4       0x48 .\CortexM0\ARM_GCC_484\Debug\BLE Lab 2.a(CyLib.o)
                0x000010d4                CyDelay
 .text.CyDelayUs
                0x0000111c       0x28 .\CortexM0\ARM_GCC_484\Debug\BLE Lab 2.a(CyLib.o)
                0x0000111c                CyDelayUs
 .text.CyBLE_Bless_LlRegWrite
                0x00001144       0x1c .\CortexM0\ARM_GCC_484\Debug\BLE Lab 2.a(BLE_1_HAL_PVT.o)
                0x00001144                CyBLE_Bless_LlRegWrite
 .text.CyBLE_Bless_RfRegWrite
                0x00001160       0x1c .\CortexM0\ARM_GCC_484\Debug\BLE Lab 2.a(BLE_1_HAL_PVT.o)
                0x00001160                CyBLE_Bless_RfRegWrite
 .text.CyBleHal_DelayUs
                0x0000117c       0x1c .\CortexM0\ARM_GCC_484\Debug\BLE Lab 2.a(BLE_1_HAL_PVT.o)
                0x0000117c                CyBleHal_DelayUs
 .text.CyBleHal_EnableGlobalInterrupts
                0x00001198        0xc .\CortexM0\ARM_GCC_484\Debug\BLE Lab 2.a(BLE_1_HAL_PVT.o)
                0x00001198                CyBleHal_EnableGlobalInterrupts
 .text.CyBleHal_DisableGlobalInterrupts
                0x000011a4        0xc .\CortexM0\ARM_GCC_484\Debug\BLE Lab 2.a(BLE_1_HAL_PVT.o)
                0x000011a4                CyBleHal_DisableGlobalInterrupts
 .text.CyBle_HalInit
                0x000011b0       0x20 .\CortexM0\ARM_GCC_484\Debug\BLE Lab 2.a(BLE_1_HAL_PVT.o)
                0x000011b0                CyBle_HalInit
 .text.CYBLE_BlessStart
                0x000011d0       0x14 .\CortexM0\ARM_GCC_484\Debug\BLE Lab 2.a(BLE_1_HAL_PVT.o)
                0x000011d0                CYBLE_BlessStart
 .text.BLE_1_bless_isr_StartEx
                0x000011e4       0x24 .\CortexM0\ARM_GCC_484\Debug\BLE Lab 2.a(BLE_1_bless_isr.o)
                0x000011e4                BLE_1_bless_isr_StartEx
 .text.BLE_1_bless_isr_SetVector
                0x00001208       0x18 .\CortexM0\ARM_GCC_484\Debug\BLE Lab 2.a(BLE_1_bless_isr.o)
                0x00001208                BLE_1_bless_isr_SetVector
 .text.BLE_1_bless_isr_SetPriority
                0x00001220       0x50 .\CortexM0\ARM_GCC_484\Debug\BLE Lab 2.a(BLE_1_bless_isr.o)
                0x00001220                BLE_1_bless_isr_SetPriority
 .text.BLE_1_bless_isr_Enable
                0x00001270       0x14 .\CortexM0\ARM_GCC_484\Debug\BLE Lab 2.a(BLE_1_bless_isr.o)
                0x00001270                BLE_1_bless_isr_Enable
 .text.BLE_1_bless_isr_Disable
                0x00001284       0x14 .\CortexM0\ARM_GCC_484\Debug\BLE Lab 2.a(BLE_1_bless_isr.o)
                0x00001284                BLE_1_bless_isr_Disable
 .text.CySysPmSleep
                0x00001298       0x34 .\CortexM0\ARM_GCC_484\Debug\BLE Lab 2.a(cyPm.o)
                0x00001298                CySysPmSleep
 .text.CyBLE_Bless_Interrupt
                0x000012cc        0xc .\CortexM0\ARM_GCC_484\Debug\BLE Lab 2.a(BLE_1_HAL_INT.o)
                0x000012cc                CyBLE_Bless_Interrupt
 .text          0x000012d8       0x9c c:/program files (x86)/cypress/psoc creator/3.1/psoc creator/import/gnu_cs/arm/4.8.4/bin/../lib/gcc/arm-none-eabi/4.8.4/armv6-m\libgcc.a(_udivsi3.o)
                0x000012d8                __aeabi_uidiv
                0x000012d8                __udivsi3
                0x00001360                __aeabi_uidivmod
 .text          0x00001374       0xc0 c:/program files (x86)/cypress/psoc creator/3.1/psoc creator/import/gnu_cs/arm/4.8.4/bin/../lib/gcc/arm-none-eabi/4.8.4/armv6-m\libgcc.a(_divsi3.o)
                0x00001374                __divsi3
                0x00001374                __aeabi_idiv
                0x00001420                __aeabi_idivmod
 .text          0x00001434        0x4 c:/program files (x86)/cypress/psoc creator/3.1/psoc creator/import/gnu_cs/arm/4.8.4/bin/../lib/gcc/arm-none-eabi/4.8.4/armv6-m\libgcc.a(_dvmd_tls.o)
                0x00001434                __aeabi_idiv0
                0x00001434                __aeabi_ldiv0
 .text.__libc_init_array
                0x00001438       0x4c c:/program files (x86)/cypress/psoc creator/3.1/psoc creator/import/gnu_cs/arm/4.8.4/bin/../lib/gcc/arm-none-eabi/4.8.4/../../../../arm-none-eabi/lib/armv6-m\libg_s.a(lib_a-init.o)
                0x00001438                __libc_init_array
 .text.memcmp   0x00001484       0x1e c:/program files (x86)/cypress/psoc creator/3.1/psoc creator/import/gnu_cs/arm/4.8.4/bin/../lib/gcc/arm-none-eabi/4.8.4/../../../../arm-none-eabi/lib/armv6-m\libg_s.a(lib_a-memcmp.o)
                0x00001484                memcmp
 .text.memcpy   0x000014a2       0x12 c:/program files (x86)/cypress/psoc creator/3.1/psoc creator/import/gnu_cs/arm/4.8.4/bin/../lib/gcc/arm-none-eabi/4.8.4/../../../../arm-none-eabi/lib/armv6-m\libg_s.a(lib_a-memcpy-stub.o)
                0x000014a2                memcpy
 .text.memset   0x000014b4       0x10 c:/program files (x86)/cypress/psoc creator/3.1/psoc creator/import/gnu_cs/arm/4.8.4/bin/../lib/gcc/arm-none-eabi/4.8.4/../../../../arm-none-eabi/lib/armv6-m\libg_s.a(lib_a-memset.o)
                0x000014b4                memset
 *(.plt)
 *(.gnu.warning)
 *(.glue_7t)
 .glue_7t       0x00000000        0x0 linker stubs
 *(.glue_7)
 .glue_7        0x00000000        0x0 linker stubs
 *(.vfp11_veneer)
 .vfp11_veneer  0x00000000        0x0 linker stubs
 *(.bootloader)
 *(.ARM.extab* .gnu.linkonce.armextab.*)
 *(.gcc_except_table)

.v4_bx          0x000014c4        0x0
 .v4_bx         0x00000000        0x0 linker stubs

.iplt           0x000014c4        0x0
 .iplt          0x00000000        0x0 c:/program files (x86)/cypress/psoc creator/3.1/psoc creator/import/gnu_cs/arm/4.8.4/bin/../lib/gcc/arm-none-eabi/4.8.4/armv6-m/crtbegin.o

i.CyBle_ExitLPM
                0x000014c4        0x8
 i.CyBle_ExitLPM
                0x000014c4        0x8 C:\Program Files (x86)\Cypress\PSoC Creator\3.1\PSoC Creator\psoc\content\cycomponentlibrary\CyComponentLibrary.cylib\BLE_v1_20\Library\gccCyBLEStack_BLE_SOC_PERIPHERAL.a(CyBle.o)
                0x000014c4                CyBle_ExitLPM

i.CyBle_ProcessEvents
                0x000014cc        0x8
 i.CyBle_ProcessEvents
                0x000014cc        0x8 C:\Program Files (x86)\Cypress\PSoC Creator\3.1\PSoC Creator\psoc\content\cycomponentlibrary\CyComponentLibrary.cylib\BLE_v1_20\Library\gccCyBLEStack_BLE_SOC_PERIPHERAL.a(CyBle.o)
                0x000014cc                CyBle_ProcessEvents

i.CyBle_SetDeviceAddress
                0x000014d4       0x24
 i.CyBle_SetDeviceAddress
                0x000014d4       0x24 C:\Program Files (x86)\Cypress\PSoC Creator\3.1\PSoC Creator\psoc\content\cycomponentlibrary\CyComponentLibrary.cylib\BLE_v1_20\Library\gccCyBLEStack_BLE_SOC_PERIPHERAL.a(CyBle.o)
                0x000014d4                CyBle_SetDeviceAddress

i.CyBle_StackInit
                0x000014f8       0x84
 i.CyBle_StackInit
                0x000014f8       0x84 C:\Program Files (x86)\Cypress\PSoC Creator\3.1\PSoC Creator\psoc\content\cycomponentlibrary\CyComponentLibrary.cylib\BLE_v1_20\Library\gccCyBLEStack_BLE_SOC_PERIPHERAL.a(CyBle.o)
                0x000014f8                CyBle_StackInit

i.CyBleStackMgr_BleGetConfigData
                0x0000157c        0x4
 i.CyBleStackMgr_BleGetConfigData
                0x0000157c        0x4 C:\Program Files (x86)\Cypress\PSoC Creator\3.1\PSoC Creator\psoc\content\cycomponentlibrary\CyComponentLibrary.cylib\BLE_v1_20\Library\gccCyBLEStack_BLE_SOC_PERIPHERAL.a(CyBleStackMgrIP_Interface.o)
                0x0000157c                CyBleStackMgr_BleGetConfigData

i.CyBleStackMgr_BleSetConfigData
                0x00001580        0x4
 i.CyBleStackMgr_BleSetConfigData
                0x00001580        0x4 C:\Program Files (x86)\Cypress\PSoC Creator\3.1\PSoC Creator\psoc\content\cycomponentlibrary\CyComponentLibrary.cylib\BLE_v1_20\Library\gccCyBLEStack_BLE_SOC_PERIPHERAL.a(CyBleStackMgrIP_Interface.o)
                0x00001580                CyBleStackMgr_BleSetConfigData

i.CyBleStackMgr_Init
                0x00001584      0x104
 i.CyBleStackMgr_Init
                0x00001584      0x104 C:\Program Files (x86)\Cypress\PSoC Creator\3.1\PSoC Creator\psoc\content\cycomponentlibrary\CyComponentLibrary.cylib\BLE_v1_20\Library\gccCyBLEStack_BLE_SOC_PERIPHERAL.a(CyBleStackMgrIP_Interface.o)
                0x00001584                CyBleStackMgr_Init

i.CyBleStackMgr_ProcessBleEvents
                0x00001688       0x14
 i.CyBleStackMgr_ProcessBleEvents
                0x00001688       0x14 C:\Program Files (x86)\Cypress\PSoC Creator\3.1\PSoC Creator\psoc\content\cycomponentlibrary\CyComponentLibrary.cylib\BLE_v1_20\Library\gccCyBLEStack_BLE_SOC_PERIPHERAL.a(CyBleStackMgrIP_Interface.o)
                0x00001688                CyBleStackMgr_ProcessBleEvents

i.ble_stack_idle_task_callback
                0x0000169c        0x2
 i.ble_stack_idle_task_callback
                0x0000169c        0x2 C:\Program Files (x86)\Cypress\PSoC Creator\3.1\PSoC Creator\psoc\content\cycomponentlibrary\CyComponentLibrary.cylib\BLE_v1_20\Library\gccCyBLEStack_BLE_SOC_PERIPHERAL.a(CyBleStackMgrIP_Interface.o)
                0x0000169c                ble_stack_idle_task_callback

i.BT_OSFreeBuf  0x000016a0       0x18
 i.BT_OSFreeBuf
                0x000016a0       0x18 C:\Program Files (x86)\Cypress\PSoC Creator\3.1\PSoC Creator\psoc\content\cycomponentlibrary\CyComponentLibrary.cylib\BLE_v1_20\Library\gccCyBLEStack_BLE_SOC_PERIPHERAL.a(BT_os.o)
                0x000016a0                BT_OSFreeBuf

i.BT_OSGetBuF   0x000016b8       0x1c
 i.BT_OSGetBuF  0x000016b8       0x1c C:\Program Files (x86)\Cypress\PSoC Creator\3.1\PSoC Creator\psoc\content\cycomponentlibrary\CyComponentLibrary.cylib\BLE_v1_20\Library\gccCyBLEStack_BLE_SOC_PERIPHERAL.a(BT_os.o)
                0x000016b8                BT_OSGetBuF

i.BT_OSMemCreate
                0x000016d4       0x1c
 i.BT_OSMemCreate
                0x000016d4       0x1c C:\Program Files (x86)\Cypress\PSoC Creator\3.1\PSoC Creator\psoc\content\cycomponentlibrary\CyComponentLibrary.cylib\BLE_v1_20\Library\gccCyBLEStack_BLE_SOC_PERIPHERAL.a(BT_os.o)
                0x000016d4                BT_OSMemCreate

i.BT_alloc_mem_ext
                0x000016f0       0x34
 i.BT_alloc_mem_ext
                0x000016f0       0x34 C:\Program Files (x86)\Cypress\PSoC Creator\3.1\PSoC Creator\psoc\content\cycomponentlibrary\CyComponentLibrary.cylib\BLE_v1_20\Library\gccCyBLEStack_BLE_SOC_PERIPHERAL.a(BT_os.o)
                0x000016f0                BT_alloc_mem_ext

i.BT_free_mem   0x00001724        0xc
 i.BT_free_mem  0x00001724        0xc C:\Program Files (x86)\Cypress\PSoC Creator\3.1\PSoC Creator\psoc\content\cycomponentlibrary\CyComponentLibrary.cylib\BLE_v1_20\Library\gccCyBLEStack_BLE_SOC_PERIPHERAL.a(BT_os.o)
                0x00001724                BT_free_mem

i.bt_stack_init_os
                0x00001730       0x34
 i.bt_stack_init_os
                0x00001730       0x34 C:\Program Files (x86)\Cypress\PSoC Creator\3.1\PSoC Creator\psoc\content\cycomponentlibrary\CyComponentLibrary.cylib\BLE_v1_20\Library\gccCyBLEStack_BLE_SOC_PERIPHERAL.a(BT_os.o)
                0x00001730                bt_stack_init_os

i.CyBle_CheckBleStackTaskStatus
                0x00001764        0x4
 i.CyBle_CheckBleStackTaskStatus
                0x00001764        0x4 C:\Program Files (x86)\Cypress\PSoC Creator\3.1\PSoC Creator\psoc\content\cycomponentlibrary\CyComponentLibrary.cylib\BLE_v1_20\Library\gccCyBLEStack_BLE_SOC_PERIPHERAL.a(CyBleStackMgr_StackTaskHandler.o)
                0x00001764                CyBle_CheckBleStackTaskStatus

i.CyBle_CreateBleStackTask
                0x00001768       0x2c
 i.CyBle_CreateBleStackTask
                0x00001768       0x2c C:\Program Files (x86)\Cypress\PSoC Creator\3.1\PSoC Creator\psoc\content\cycomponentlibrary\CyComponentLibrary.cylib\BLE_v1_20\Library\gccCyBLEStack_BLE_SOC_PERIPHERAL.a(CyBleStackMgr_StackTaskHandler.o)
                0x00001768                CyBle_CreateBleStackTask

i.CyBle_SignalBleStackTask
                0x00001794       0x50
 i.CyBle_SignalBleStackTask
                0x00001794       0x50 C:\Program Files (x86)\Cypress\PSoC Creator\3.1\PSoC Creator\psoc\content\cycomponentlibrary\CyComponentLibrary.cylib\BLE_v1_20\Library\gccCyBLEStack_BLE_SOC_PERIPHERAL.a(CyBleStackMgr_StackTaskHandler.o)
                0x00001794                CyBle_SignalBleStackTask

i.CyBle_StackTaskHandler
                0x000017e4       0x5c
 i.CyBle_StackTaskHandler
                0x000017e4       0x5c C:\Program Files (x86)\Cypress\PSoC Creator\3.1\PSoC Creator\psoc\content\cycomponentlibrary\CyComponentLibrary.cylib\BLE_v1_20\Library\gccCyBLEStack_BLE_SOC_PERIPHERAL.a(CyBleStackMgr_StackTaskHandler.o)
                0x000017e4                CyBle_StackTaskHandler

i.__ARM_common_switch8
                0x00001840       0x1a
 i.__ARM_common_switch8
                0x00001840       0x1a C:\Program Files (x86)\Cypress\PSoC Creator\3.1\PSoC Creator\psoc\content\cycomponentlibrary\CyComponentLibrary.cylib\BLE_v1_20\Library\gccCyBLEStack_BLE_SOC_PERIPHERAL.a(CyBleStackMgr_StackTaskHandler.o)
                0x00001840                __ARM_common_switch8

i.hci_soft_transport_notify_data_received
                0x0000185c        0xc
 i.hci_soft_transport_notify_data_received
                0x0000185c        0xc C:\Program Files (x86)\Cypress\PSoC Creator\3.1\PSoC Creator\psoc\content\cycomponentlibrary\CyComponentLibrary.cylib\BLE_v1_20\Library\gccCyBLEStack_BLE_SOC_PERIPHERAL.a(transport_sf.o)
                0x0000185c                hci_soft_transport_notify_data_received

i.hci_soft_transport_rx_data
                0x00001868       0x40
 i.hci_soft_transport_rx_data
                0x00001868       0x40 C:\Program Files (x86)\Cypress\PSoC Creator\3.1\PSoC Creator\psoc\content\cycomponentlibrary\CyComponentLibrary.cylib\BLE_v1_20\Library\gccCyBLEStack_BLE_SOC_PERIPHERAL.a(transport_sf.o)
                0x00001868                hci_soft_transport_rx_data

i.hci_transport_bt_init
                0x000018a8        0x2
 i.hci_transport_bt_init
                0x000018a8        0x2 C:\Program Files (x86)\Cypress\PSoC Creator\3.1\PSoC Creator\psoc\content\cycomponentlibrary\CyComponentLibrary.cylib\BLE_v1_20\Library\gccCyBLEStack_BLE_SOC_PERIPHERAL.a(transport_sf.o)
                0x000018a8                hci_transport_bt_init

i.hci_transport_init
                0x000018ac       0x10
 i.hci_transport_init
                0x000018ac       0x10 C:\Program Files (x86)\Cypress\PSoC Creator\3.1\PSoC Creator\psoc\content\cycomponentlibrary\CyComponentLibrary.cylib\BLE_v1_20\Library\gccCyBLEStack_BLE_SOC_PERIPHERAL.a(transport_sf.o)
                0x000018ac                hci_transport_init

i.hci_transport_write_data
                0x000018bc       0xd4
 i.hci_transport_write_data
                0x000018bc       0xd4 C:\Program Files (x86)\Cypress\PSoC Creator\3.1\PSoC Creator\psoc\content\cycomponentlibrary\CyComponentLibrary.cylib\BLE_v1_20\Library\gccCyBLEStack_BLE_SOC_PERIPHERAL.a(transport_sf.o)
                0x000018bc                hci_transport_write_data

i.pf_hci_soft_transport_write
                0x00001990       0x44
 i.pf_hci_soft_transport_write
                0x00001990       0x44 C:\Program Files (x86)\Cypress\PSoC Creator\3.1\PSoC Creator\psoc\content\cycomponentlibrary\CyComponentLibrary.cylib\BLE_v1_20\Library\gccCyBLEStack_BLE_SOC_PERIPHERAL.a(transport_sf.o)
                0x00001990                pf_hci_soft_transport_write

i.pf_soft_hci_transport_init
                0x000019d4        0xc
 i.pf_soft_hci_transport_init
                0x000019d4        0xc C:\Program Files (x86)\Cypress\PSoC Creator\3.1\PSoC Creator\psoc\content\cycomponentlibrary\CyComponentLibrary.cylib\BLE_v1_20\Library\gccCyBLEStack_BLE_SOC_PERIPHERAL.a(transport_sf.o)
                0x000019d4                pf_soft_hci_transport_init

i.CyBleStackMgr_GetTime
                0x000019e0       0x14
 i.CyBleStackMgr_GetTime
                0x000019e0       0x14 C:\Program Files (x86)\Cypress\PSoC Creator\3.1\PSoC Creator\psoc\content\cycomponentlibrary\CyComponentLibrary.cylib\BLE_v1_20\Library\gccCyBLEStack_BLE_SOC_PERIPHERAL.a(CyBleStackMgr_PSoCHal.o)
                0x000019e0                CyBleStackMgr_GetTime

i.CyBleStackMgr_HalInit
                0x000019f4       0x24
 i.CyBleStackMgr_HalInit
                0x000019f4       0x24 C:\Program Files (x86)\Cypress\PSoC Creator\3.1\PSoC Creator\psoc\content\cycomponentlibrary\CyComponentLibrary.cylib\BLE_v1_20\Library\gccCyBLEStack_BLE_SOC_PERIPHERAL.a(CyBleStackMgr_PSoCHal.o)
                0x000019f4                CyBleStackMgr_HalInit

i.CyBleStackMgr_HalIntrEnable
                0x00001a18        0x8
 i.CyBleStackMgr_HalIntrEnable
                0x00001a18        0x8 C:\Program Files (x86)\Cypress\PSoC Creator\3.1\PSoC Creator\psoc\content\cycomponentlibrary\CyComponentLibrary.cylib\BLE_v1_20\Library\gccCyBLEStack_BLE_SOC_PERIPHERAL.a(CyBleStackMgr_PSoCHal.o)
                0x00001a18                CyBleStackMgr_HalIntrEnable

i.CyBleStackMgr_HandleLinkLayerTick
                0x00001a20       0x5c
 i.CyBleStackMgr_HandleLinkLayerTick
                0x00001a20       0x5c C:\Program Files (x86)\Cypress\PSoC Creator\3.1\PSoC Creator\psoc\content\cycomponentlibrary\CyComponentLibrary.cylib\BLE_v1_20\Library\gccCyBLEStack_BLE_SOC_PERIPHERAL.a(CyBleStackMgr_PSoCHal.o)
                0x00001a20                CyBleStackMgr_HandleLinkLayerTick

i.CyBleStackMgr_HciPortInit
                0x00001a7c        0xc
 i.CyBleStackMgr_HciPortInit
                0x00001a7c        0xc C:\Program Files (x86)\Cypress\PSoC Creator\3.1\PSoC Creator\psoc\content\cycomponentlibrary\CyComponentLibrary.cylib\BLE_v1_20\Library\gccCyBLEStack_BLE_SOC_PERIPHERAL.a(CyBleStackMgr_PSoCHal.o)
                0x00001a7c                CyBleStackMgr_HciPortInit

i.CyBleStackMgr_HciPortReset
                0x00001a88        0x2
 i.CyBleStackMgr_HciPortReset
                0x00001a88        0x2 C:\Program Files (x86)\Cypress\PSoC Creator\3.1\PSoC Creator\psoc\content\cycomponentlibrary\CyComponentLibrary.cylib\BLE_v1_20\Library\gccCyBLEStack_BLE_SOC_PERIPHERAL.a(CyBleStackMgr_PSoCHal.o)
                0x00001a88                CyBleStackMgr_HciPortReset

i.CyBleStackMgr_HciPortWrite
                0x00001a8a        0x8
 i.CyBleStackMgr_HciPortWrite
                0x00001a8a        0x8 C:\Program Files (x86)\Cypress\PSoC Creator\3.1\PSoC Creator\psoc\content\cycomponentlibrary\CyComponentLibrary.cylib\BLE_v1_20\Library\gccCyBLEStack_BLE_SOC_PERIPHERAL.a(CyBleStackMgr_PSoCHal.o)
                0x00001a8a                CyBleStackMgr_HciPortWrite

i.CyBleStackMgr_ResetLinkLayerTimerEntity
                0x00001a94       0x14
 i.CyBleStackMgr_ResetLinkLayerTimerEntity
                0x00001a94       0x14 C:\Program Files (x86)\Cypress\PSoC Creator\3.1\PSoC Creator\psoc\content\cycomponentlibrary\CyComponentLibrary.cylib\BLE_v1_20\Library\gccCyBLEStack_BLE_SOC_PERIPHERAL.a(CyBleStackMgr_PSoCHal.o)
                0x00001a94                CyBleStackMgr_ResetLinkLayerTimerEntity

i.CyBleStackMgr_TimerStart
                0x00001aa8       0x2c
 i.CyBleStackMgr_TimerStart
                0x00001aa8       0x2c C:\Program Files (x86)\Cypress\PSoC Creator\3.1\PSoC Creator\psoc\content\cycomponentlibrary\CyComponentLibrary.cylib\BLE_v1_20\Library\gccCyBLEStack_BLE_SOC_PERIPHERAL.a(CyBleStackMgr_PSoCHal.o)
                0x00001aa8                CyBleStackMgr_TimerStart

i.CyBleStackMgr_TimerStop
                0x00001ad4       0x18
 i.CyBleStackMgr_TimerStop
                0x00001ad4       0x18 C:\Program Files (x86)\Cypress\PSoC Creator\3.1\PSoC Creator\psoc\content\cycomponentlibrary\CyComponentLibrary.cylib\BLE_v1_20\Library\gccCyBLEStack_BLE_SOC_PERIPHERAL.a(CyBleStackMgr_PSoCHal.o)
                0x00001ad4                CyBleStackMgr_TimerStop

i.CyBleStackMgr_isTimerRunning
                0x00001aec       0x10
 i.CyBleStackMgr_isTimerRunning
                0x00001aec       0x10 C:\Program Files (x86)\Cypress\PSoC Creator\3.1\PSoC Creator\psoc\content\cycomponentlibrary\CyComponentLibrary.cylib\BLE_v1_20\Library\gccCyBLEStack_BLE_SOC_PERIPHERAL.a(CyBleStackMgr_PSoCHal.o)
                0x00001aec                CyBleStackMgr_isTimerRunning

i.CyBleAtlantisRadioInit
                0x00001afc      0x1ac
 i.CyBleAtlantisRadioInit
                0x00001afc      0x1ac C:\Program Files (x86)\Cypress\PSoC Creator\3.1\PSoC Creator\psoc\content\cycomponentlibrary\CyComponentLibrary.cylib\BLE_v1_20\Library\gccCyBLEStack_BLE_SOC_PERIPHERAL.a(CyBleStackMgr_BleSSDriver.o)

i.CyBleStackMgr_BleSSFifoRead
                0x00001ca8       0x38
 i.CyBleStackMgr_BleSSFifoRead
                0x00001ca8       0x38 C:\Program Files (x86)\Cypress\PSoC Creator\3.1\PSoC Creator\psoc\content\cycomponentlibrary\CyComponentLibrary.cylib\BLE_v1_20\Library\gccCyBLEStack_BLE_SOC_PERIPHERAL.a(CyBleStackMgr_BleSSDriver.o)
                0x00001ca8                CyBleStackMgr_BleSSFifoRead

i.CyBleStackMgr_BleSSFifoWrite
                0x00001ce0       0x30
 i.CyBleStackMgr_BleSSFifoWrite
                0x00001ce0       0x30 C:\Program Files (x86)\Cypress\PSoC Creator\3.1\PSoC Creator\psoc\content\cycomponentlibrary\CyComponentLibrary.cylib\BLE_v1_20\Library\gccCyBLEStack_BLE_SOC_PERIPHERAL.a(CyBleStackMgr_BleSSDriver.o)
                0x00001ce0                CyBleStackMgr_BleSSFifoWrite

i.CyBleStackMgr_BleSSInit
                0x00001d10       0x50
 i.CyBleStackMgr_BleSSInit
                0x00001d10       0x50 C:\Program Files (x86)\Cypress\PSoC Creator\3.1\PSoC Creator\psoc\content\cycomponentlibrary\CyComponentLibrary.cylib\BLE_v1_20\Library\gccCyBLEStack_BLE_SOC_PERIPHERAL.a(CyBleStackMgr_BleSSDriver.o)
                0x00001d10                CyBleStackMgr_BleSSInit

i.CyBleStackMgr_BleSSMemRead
                0x00001d60       0x26
 i.CyBleStackMgr_BleSSMemRead
                0x00001d60       0x26 C:\Program Files (x86)\Cypress\PSoC Creator\3.1\PSoC Creator\psoc\content\cycomponentlibrary\CyComponentLibrary.cylib\BLE_v1_20\Library\gccCyBLEStack_BLE_SOC_PERIPHERAL.a(CyBleStackMgr_BleSSDriver.o)
                0x00001d60                CyBleStackMgr_BleSSMemRead

i.CyBleStackMgr_BleSSMemWrite
                0x00001d88       0x34
 i.CyBleStackMgr_BleSSMemWrite
                0x00001d88       0x34 C:\Program Files (x86)\Cypress\PSoC Creator\3.1\PSoC Creator\psoc\content\cycomponentlibrary\CyComponentLibrary.cylib\BLE_v1_20\Library\gccCyBLEStack_BLE_SOC_PERIPHERAL.a(CyBleStackMgr_BleSSDriver.o)
                0x00001d88                CyBleStackMgr_BleSSMemWrite

i.CyBleStackMgr_BleSSRegRead
                0x00001dbc        0xc
 i.CyBleStackMgr_BleSSRegRead
                0x00001dbc        0xc C:\Program Files (x86)\Cypress\PSoC Creator\3.1\PSoC Creator\psoc\content\cycomponentlibrary\CyComponentLibrary.cylib\BLE_v1_20\Library\gccCyBLEStack_BLE_SOC_PERIPHERAL.a(CyBleStackMgr_BleSSDriver.o)
                0x00001dbc                CyBleStackMgr_BleSSRegRead

i.CyBleStackMgr_BleSSRegWrite
                0x00001dc8        0xc
 i.CyBleStackMgr_BleSSRegWrite
                0x00001dc8        0xc C:\Program Files (x86)\Cypress\PSoC Creator\3.1\PSoC Creator\psoc\content\cycomponentlibrary\CyComponentLibrary.cylib\BLE_v1_20\Library\gccCyBLEStack_BLE_SOC_PERIPHERAL.a(CyBleStackMgr_BleSSDriver.o)
                0x00001dc8                CyBleStackMgr_BleSSRegWrite

i.CyBleStackMgr_BleSSReset
                0x00001dd4       0x38
 i.CyBleStackMgr_BleSSReset
                0x00001dd4       0x38 C:\Program Files (x86)\Cypress\PSoC Creator\3.1\PSoC Creator\psoc\content\cycomponentlibrary\CyComponentLibrary.cylib\BLE_v1_20\Library\gccCyBLEStack_BLE_SOC_PERIPHERAL.a(CyBleStackMgr_BleSSDriver.o)
                0x00001dd4                CyBleStackMgr_BleSSReset

i.CyBleStackMgr_GenericIface
                0x00001e0c       0x3c
 i.CyBleStackMgr_GenericIface
                0x00001e0c       0x3c C:\Program Files (x86)\Cypress\PSoC Creator\3.1\PSoC Creator\psoc\content\cycomponentlibrary\CyComponentLibrary.cylib\BLE_v1_20\Library\gccCyBLEStack_BLE_SOC_PERIPHERAL.a(CyBleStackMgr_BleSSDriver.o)
                0x00001e0c                CyBleStackMgr_GenericIface

i.CyBleStackMgr_HandleBleSSIntr
                0x00001e48       0x90
 i.CyBleStackMgr_HandleBleSSIntr
                0x00001e48       0x90 C:\Program Files (x86)\Cypress\PSoC Creator\3.1\PSoC Creator\psoc\content\cycomponentlibrary\CyComponentLibrary.cylib\BLE_v1_20\Library\gccCyBLEStack_BLE_SOC_PERIPHERAL.a(CyBleStackMgr_BleSSDriver.o)
                0x00001e48                CyBleStackMgr_HandleBleSSIntr

i.CyBleStackMgr_SetClockParam
                0x00001ed8       0xb4
 i.CyBleStackMgr_SetClockParam
                0x00001ed8       0xb4 C:\Program Files (x86)\Cypress\PSoC Creator\3.1\PSoC Creator\psoc\content\cycomponentlibrary\CyComponentLibrary.cylib\BLE_v1_20\Library\gccCyBLEStack_BLE_SOC_PERIPHERAL.a(CyBleStackMgr_BleSSDriver.o)

i.CyBle_ExitDsmMode
                0x00001f8c       0x2c
 i.CyBle_ExitDsmMode
                0x00001f8c       0x2c C:\Program Files (x86)\Cypress\PSoC Creator\3.1\PSoC Creator\psoc\content\cycomponentlibrary\CyComponentLibrary.cylib\BLE_v1_20\Library\gccCyBLEStack_BLE_SOC_PERIPHERAL.a(CyBleStackMgr_BleSSDriver.o)
                0x00001f8c                CyBle_ExitDsmMode

i.CyBle_GetBleSsOperationalMode
                0x00001fb8        0xc
 i.CyBle_GetBleSsOperationalMode
                0x00001fb8        0xc C:\Program Files (x86)\Cypress\PSoC Creator\3.1\PSoC Creator\psoc\content\cycomponentlibrary\CyComponentLibrary.cylib\BLE_v1_20\Library\gccCyBLEStack_BLE_SOC_PERIPHERAL.a(CyBleStackMgr_BleSSDriver.o)
                0x00001fb8                CyBle_GetBleSsOperationalMode

i.CyBle_GetLpMode
                0x00001fc4       0x26
 i.CyBle_GetLpMode
                0x00001fc4       0x26 C:\Program Files (x86)\Cypress\PSoC Creator\3.1\PSoC Creator\psoc\content\cycomponentlibrary\CyComponentLibrary.cylib\BLE_v1_20\Library\gccCyBLEStack_BLE_SOC_PERIPHERAL.a(CyBleStackMgr_BleSSDriver.o)
                0x00001fc4                CyBle_GetLpMode

i.CyBle_GetTxGainMode
                0x00001fec       0x2c
 i.CyBle_GetTxGainMode
                0x00001fec       0x2c C:\Program Files (x86)\Cypress\PSoC Creator\3.1\PSoC Creator\psoc\content\cycomponentlibrary\CyComponentLibrary.cylib\BLE_v1_20\Library\gccCyBLEStack_BLE_SOC_PERIPHERAL.a(CyBleStackMgr_BleSSDriver.o)
                0x00001fec                CyBle_GetTxGainMode

i.CyBle_SetBleSsOperationalMode
                0x00002018       0x20
 i.CyBle_SetBleSsOperationalMode
                0x00002018       0x20 C:\Program Files (x86)\Cypress\PSoC Creator\3.1\PSoC Creator\psoc\content\cycomponentlibrary\CyComponentLibrary.cylib\BLE_v1_20\Library\gccCyBLEStack_BLE_SOC_PERIPHERAL.a(CyBleStackMgr_BleSSDriver.o)
                0x00002018                CyBle_SetBleSsOperationalMode

i.CyBle_SetEventCloseState
                0x00002038        0xc
 i.CyBle_SetEventCloseState
                0x00002038        0xc C:\Program Files (x86)\Cypress\PSoC Creator\3.1\PSoC Creator\psoc\content\cycomponentlibrary\CyComponentLibrary.cylib\BLE_v1_20\Library\gccCyBLEStack_BLE_SOC_PERIPHERAL.a(CyBleStackMgr_BleSSDriver.o)
                0x00002038                CyBle_SetEventCloseState

i.CyBle_SetRxGainMode
                0x00002044       0x20
 i.CyBle_SetRxGainMode
                0x00002044       0x20 C:\Program Files (x86)\Cypress\PSoC Creator\3.1\PSoC Creator\psoc\content\cycomponentlibrary\CyComponentLibrary.cylib\BLE_v1_20\Library\gccCyBLEStack_BLE_SOC_PERIPHERAL.a(CyBleStackMgr_BleSSDriver.o)
                0x00002044                CyBle_SetRxGainMode

i.CyBle_SetTxGainMode
                0x00002064       0x38
 i.CyBle_SetTxGainMode
                0x00002064       0x38 C:\Program Files (x86)\Cypress\PSoC Creator\3.1\PSoC Creator\psoc\content\cycomponentlibrary\CyComponentLibrary.cylib\BLE_v1_20\Library\gccCyBLEStack_BLE_SOC_PERIPHERAL.a(CyBleStackMgr_BleSSDriver.o)
                0x00002064                CyBle_SetTxGainMode

i.pf_rf_get_abs_rssi
                0x0000209c       0x24
 i.pf_rf_get_abs_rssi
                0x0000209c       0x24 C:\Program Files (x86)\Cypress\PSoC Creator\3.1\PSoC Creator\psoc\content\cycomponentlibrary\CyComponentLibrary.cylib\BLE_v1_20\Library\gccCyBLEStack_BLE_SOC_PERIPHERAL.a(CyBleStackMgr_BleSSDriver.o)
                0x0000209c                pf_rf_get_abs_rssi

i.OS_init       0x000020c0       0x64
 i.OS_init      0x000020c0       0x64 C:\Program Files (x86)\Cypress\PSoC Creator\3.1\PSoC Creator\psoc\content\cycomponentlibrary\CyComponentLibrary.cylib\BLE_v1_20\Library\gccCyBLEStack_BLE_SOC_PERIPHERAL.a(mint_os.o)
                0x000020c0                OS_init

i.mintos_malloc
                0x00002124       0x34
 i.mintos_malloc
                0x00002124       0x34 C:\Program Files (x86)\Cypress\PSoC Creator\3.1\PSoC Creator\psoc\content\cycomponentlibrary\CyComponentLibrary.cylib\BLE_v1_20\Library\gccCyBLEStack_BLE_SOC_PERIPHERAL.a(mint_os.o)
                0x00002124                mintos_malloc

i.OS_create_queue
                0x00002158       0x64
 i.OS_create_queue
                0x00002158       0x64 C:\Program Files (x86)\Cypress\PSoC Creator\3.1\PSoC Creator\psoc\content\cycomponentlibrary\CyComponentLibrary.cylib\BLE_v1_20\Library\gccCyBLEStack_BLE_SOC_PERIPHERAL.a(mint_os_queue.o)
                0x00002158                OS_create_queue

i.OS_enqueue_item
                0x000021bc       0x8c
 i.OS_enqueue_item
                0x000021bc       0x8c C:\Program Files (x86)\Cypress\PSoC Creator\3.1\PSoC Creator\psoc\content\cycomponentlibrary\CyComponentLibrary.cylib\BLE_v1_20\Library\gccCyBLEStack_BLE_SOC_PERIPHERAL.a(mint_os_queue.o)
                0x000021bc                OS_enqueue_item

i.OS_queue_get_num_of_items
                0x00002248       0x28
 i.OS_queue_get_num_of_items
                0x00002248       0x28 C:\Program Files (x86)\Cypress\PSoC Creator\3.1\PSoC Creator\psoc\content\cycomponentlibrary\CyComponentLibrary.cylib\BLE_v1_20\Library\gccCyBLEStack_BLE_SOC_PERIPHERAL.a(mint_os_queue.o)
                0x00002248                OS_queue_get_num_of_items

i.OS_queue_mgmt_init
                0x00002270       0x40
 i.OS_queue_mgmt_init
                0x00002270       0x40 C:\Program Files (x86)\Cypress\PSoC Creator\3.1\PSoC Creator\psoc\content\cycomponentlibrary\CyComponentLibrary.cylib\BLE_v1_20\Library\gccCyBLEStack_BLE_SOC_PERIPHERAL.a(mint_os_queue.o)
                0x00002270                OS_queue_mgmt_init

i.OS_remove_item
                0x000022b0       0xa0
 i.OS_remove_item
                0x000022b0       0xa0 C:\Program Files (x86)\Cypress\PSoC Creator\3.1\PSoC Creator\psoc\content\cycomponentlibrary\CyComponentLibrary.cylib\BLE_v1_20\Library\gccCyBLEStack_BLE_SOC_PERIPHERAL.a(mint_os_queue.o)
                0x000022b0                OS_remove_item

i.OS_create_task
                0x00002350       0x88
 i.OS_create_task
                0x00002350       0x88 C:\Program Files (x86)\Cypress\PSoC Creator\3.1\PSoC Creator\psoc\content\cycomponentlibrary\CyComponentLibrary.cylib\BLE_v1_20\Library\gccCyBLEStack_BLE_SOC_PERIPHERAL.a(mint_os_task.o)
                0x00002350                OS_create_task

i.OS_isr_send_signal_to_task
                0x000023d8        0xc
 i.OS_isr_send_signal_to_task
                0x000023d8        0xc C:\Program Files (x86)\Cypress\PSoC Creator\3.1\PSoC Creator\psoc\content\cycomponentlibrary\CyComponentLibrary.cylib\BLE_v1_20\Library\gccCyBLEStack_BLE_SOC_PERIPHERAL.a(mint_os_task.o)
                0x000023d8                OS_isr_send_signal_to_task

i.OS_scheduler  0x000023e4       0x64
 i.OS_scheduler
                0x000023e4       0x64 C:\Program Files (x86)\Cypress\PSoC Creator\3.1\PSoC Creator\psoc\content\cycomponentlibrary\CyComponentLibrary.cylib\BLE_v1_20\Library\gccCyBLEStack_BLE_SOC_PERIPHERAL.a(mint_os_task.o)
                0x000023e4                OS_scheduler

i.OS_send_signal_to_task
                0x00002448        0xc
 i.OS_send_signal_to_task
                0x00002448        0xc C:\Program Files (x86)\Cypress\PSoC Creator\3.1\PSoC Creator\psoc\content\cycomponentlibrary\CyComponentLibrary.cylib\BLE_v1_20\Library\gccCyBLEStack_BLE_SOC_PERIPHERAL.a(mint_os_task.o)
                0x00002448                OS_send_signal_to_task

i.OS_send_signal_to_task_context
                0x00002454       0x3c
 i.OS_send_signal_to_task_context
                0x00002454       0x3c C:\Program Files (x86)\Cypress\PSoC Creator\3.1\PSoC Creator\psoc\content\cycomponentlibrary\CyComponentLibrary.cylib\BLE_v1_20\Library\gccCyBLEStack_BLE_SOC_PERIPHERAL.a(mint_os_task.o)

i.OS_task_mgmt_init
                0x00002490       0x50
 i.OS_task_mgmt_init
                0x00002490       0x50 C:\Program Files (x86)\Cypress\PSoC Creator\3.1\PSoC Creator\psoc\content\cycomponentlibrary\CyComponentLibrary.cylib\BLE_v1_20\Library\gccCyBLEStack_BLE_SOC_PERIPHERAL.a(mint_os_task.o)
                0x00002490                OS_task_mgmt_init

i.mint_buf_mgmt_allocate_buffer
                0x000024e0       0x4c
 i.mint_buf_mgmt_allocate_buffer
                0x000024e0       0x4c C:\Program Files (x86)\Cypress\PSoC Creator\3.1\PSoC Creator\psoc\content\cycomponentlibrary\CyComponentLibrary.cylib\BLE_v1_20\Library\gccCyBLEStack_BLE_SOC_PERIPHERAL.a(mint_buf_mgmt.o)
                0x000024e0                mint_buf_mgmt_allocate_buffer

i.mint_buf_mgmt_create_pool
                0x0000252c       0xd8
 i.mint_buf_mgmt_create_pool
                0x0000252c       0xd8 C:\Program Files (x86)\Cypress\PSoC Creator\3.1\PSoC Creator\psoc\content\cycomponentlibrary\CyComponentLibrary.cylib\BLE_v1_20\Library\gccCyBLEStack_BLE_SOC_PERIPHERAL.a(mint_buf_mgmt.o)
                0x0000252c                mint_buf_mgmt_create_pool

i.mint_buf_mgmt_free_buffer
                0x00002604       0xa4
 i.mint_buf_mgmt_free_buffer
                0x00002604       0xa4 C:\Program Files (x86)\Cypress\PSoC Creator\3.1\PSoC Creator\psoc\content\cycomponentlibrary\CyComponentLibrary.cylib\BLE_v1_20\Library\gccCyBLEStack_BLE_SOC_PERIPHERAL.a(mint_buf_mgmt.o)
                0x00002604                mint_buf_mgmt_free_buffer

i.mint_buf_mgmt_get_free_heap
                0x000026a8       0x1c
 i.mint_buf_mgmt_get_free_heap
                0x000026a8       0x1c C:\Program Files (x86)\Cypress\PSoC Creator\3.1\PSoC Creator\psoc\content\cycomponentlibrary\CyComponentLibrary.cylib\BLE_v1_20\Library\gccCyBLEStack_BLE_SOC_PERIPHERAL.a(mint_buf_mgmt.o)
                0x000026a8                mint_buf_mgmt_get_free_heap

i.mint_buf_mgmt_init
                0x000026c4       0x44
 i.mint_buf_mgmt_init
                0x000026c4       0x44 C:\Program Files (x86)\Cypress\PSoC Creator\3.1\PSoC Creator\psoc\content\cycomponentlibrary\CyComponentLibrary.cylib\BLE_v1_20\Library\gccCyBLEStack_BLE_SOC_PERIPHERAL.a(mint_buf_mgmt.o)
                0x000026c4                mint_buf_mgmt_init

i.mint_buf_mgmt_malloc
                0x00002708       0x2c
 i.mint_buf_mgmt_malloc
                0x00002708       0x2c C:\Program Files (x86)\Cypress\PSoC Creator\3.1\PSoC Creator\psoc\content\cycomponentlibrary\CyComponentLibrary.cylib\BLE_v1_20\Library\gccCyBLEStack_BLE_SOC_PERIPHERAL.a(mint_buf_mgmt.o)
                0x00002708                mint_buf_mgmt_malloc

i.mint_buf_mgmt_reset_pool
                0x00002734       0x70
 i.mint_buf_mgmt_reset_pool
                0x00002734       0x70 C:\Program Files (x86)\Cypress\PSoC Creator\3.1\PSoC Creator\psoc\content\cycomponentlibrary\CyComponentLibrary.cylib\BLE_v1_20\Library\gccCyBLEStack_BLE_SOC_PERIPHERAL.a(mint_buf_mgmt.o)
                0x00002734                mint_buf_mgmt_reset_pool

i.mint_buf_mgmt_stack_init
                0x000027a4       0x24
 i.mint_buf_mgmt_stack_init
                0x000027a4       0x24 C:\Program Files (x86)\Cypress\PSoC Creator\3.1\PSoC Creator\psoc\content\cycomponentlibrary\CyComponentLibrary.cylib\BLE_v1_20\Library\gccCyBLEStack_BLE_SOC_PERIPHERAL.a(mint_buf_mgmt.o)
                0x000027a4                mint_buf_mgmt_stack_init

i.mint_buf_mgmt_stack_pop
                0x000027c8       0x36
 i.mint_buf_mgmt_stack_pop
                0x000027c8       0x36 C:\Program Files (x86)\Cypress\PSoC Creator\3.1\PSoC Creator\psoc\content\cycomponentlibrary\CyComponentLibrary.cylib\BLE_v1_20\Library\gccCyBLEStack_BLE_SOC_PERIPHERAL.a(mint_buf_mgmt.o)
                0x000027c8                mint_buf_mgmt_stack_pop

i.mint_buf_mgmt_stack_push
                0x000027fe       0x36
 i.mint_buf_mgmt_stack_push
                0x000027fe       0x36 C:\Program Files (x86)\Cypress\PSoC Creator\3.1\PSoC Creator\psoc\content\cycomponentlibrary\CyComponentLibrary.cylib\BLE_v1_20\Library\gccCyBLEStack_BLE_SOC_PERIPHERAL.a(mint_buf_mgmt.o)
                0x000027fe                mint_buf_mgmt_stack_push

i.mint_buf_mgmt_stack_reset
                0x00002834       0x1e
 i.mint_buf_mgmt_stack_reset
                0x00002834       0x1e C:\Program Files (x86)\Cypress\PSoC Creator\3.1\PSoC Creator\psoc\content\cycomponentlibrary\CyComponentLibrary.cylib\BLE_v1_20\Library\gccCyBLEStack_BLE_SOC_PERIPHERAL.a(mint_buf_mgmt.o)
                0x00002834                mint_buf_mgmt_stack_reset

i.mint_buf_mgmt_stack_search_item
                0x00002852       0x30
 i.mint_buf_mgmt_stack_search_item
                0x00002852       0x30 C:\Program Files (x86)\Cypress\PSoC Creator\3.1\PSoC Creator\psoc\content\cycomponentlibrary\CyComponentLibrary.cylib\BLE_v1_20\Library\gccCyBLEStack_BLE_SOC_PERIPHERAL.a(mint_buf_mgmt.o)
                0x00002852                mint_buf_mgmt_stack_search_item

i.mint_buf_mgmt_pl_init
                0x00002884       0x2c
 i.mint_buf_mgmt_pl_init
                0x00002884       0x2c C:\Program Files (x86)\Cypress\PSoC Creator\3.1\PSoC Creator\psoc\content\cycomponentlibrary\CyComponentLibrary.cylib\BLE_v1_20\Library\gccCyBLEStack_BLE_SOC_PERIPHERAL.a(mint_buf_mgmt_pl.o)
                0x00002884                mint_buf_mgmt_pl_init

i.CyBleControllerIP_GetPingState
                0x000028b0        0xc
 i.CyBleControllerIP_GetPingState
                0x000028b0        0xc C:\Program Files (x86)\Cypress\PSoC Creator\3.1\PSoC Creator\psoc\content\cycomponentlibrary\CyComponentLibrary.cylib\BLE_v1_20\Library\gccCyBLEStack_BLE_SOC_PERIPHERAL.a(CyBleControllerIP_Interface.o)
                0x000028b0                CyBleControllerIP_GetPingState

i.CyBleController_AddDeviceToWhiteList
                0x000028bc       0x40
 i.CyBleController_AddDeviceToWhiteList
                0x000028bc       0x40 C:\Program Files (x86)\Cypress\PSoC Creator\3.1\PSoC Creator\psoc\content\cycomponentlibrary\CyComponentLibrary.cylib\BLE_v1_20\Library\gccCyBLEStack_BLE_SOC_PERIPHERAL.a(CyBleControllerIP_Interface.o)
                0x000028bc                CyBleController_AddDeviceToWhiteList

i.CyBleController_ExitLowPowerMode
                0x000028fc       0x10
 i.CyBleController_ExitLowPowerMode
                0x000028fc       0x10 C:\Program Files (x86)\Cypress\PSoC Creator\3.1\PSoC Creator\psoc\content\cycomponentlibrary\CyComponentLibrary.cylib\BLE_v1_20\Library\gccCyBLEStack_BLE_SOC_PERIPHERAL.a(CyBleControllerIP_Interface.o)
                0x000028fc                CyBleController_ExitLowPowerMode

i.CyBleController_Init
                0x0000290c       0x3c
 i.CyBleController_Init
                0x0000290c       0x3c C:\Program Files (x86)\Cypress\PSoC Creator\3.1\PSoC Creator\psoc\content\cycomponentlibrary\CyComponentLibrary.cylib\BLE_v1_20\Library\gccCyBLEStack_BLE_SOC_PERIPHERAL.a(CyBleControllerIP_Interface.o)
                0x0000290c                CyBleController_Init

i.CyBleController_SetDeviceAddress
                0x00002948       0x2e
 i.CyBleController_SetDeviceAddress
                0x00002948       0x2e C:\Program Files (x86)\Cypress\PSoC Creator\3.1\PSoC Creator\psoc\content\cycomponentlibrary\CyComponentLibrary.cylib\BLE_v1_20\Library\gccCyBLEStack_BLE_SOC_PERIPHERAL.a(CyBleControllerIP_Interface.o)
                0x00002948                CyBleController_SetDeviceAddress

i.CyBle_GetTxPowerLevel
                0x00002976       0x4e
 i.CyBle_GetTxPowerLevel
                0x00002976       0x4e C:\Program Files (x86)\Cypress\PSoC Creator\3.1\PSoC Creator\psoc\content\cycomponentlibrary\CyComponentLibrary.cylib\BLE_v1_20\Library\gccCyBLEStack_BLE_SOC_PERIPHERAL.a(CyBleControllerIP_Interface.o)
                0x00002976                CyBle_GetTxPowerLevel

i.CyBle_SetTxPowerLevel
                0x000029c4       0x56
 i.CyBle_SetTxPowerLevel
                0x000029c4       0x56 C:\Program Files (x86)\Cypress\PSoC Creator\3.1\PSoC Creator\psoc\content\cycomponentlibrary\CyComponentLibrary.cylib\BLE_v1_20\Library\gccCyBLEStack_BLE_SOC_PERIPHERAL.a(CyBleControllerIP_Interface.o)
                0x000029c4                CyBle_SetTxPowerLevel

i.ll_check_and_mark_packet_ready_for_transmission
                0x00002a1c       0x28
 i.ll_check_and_mark_packet_ready_for_transmission
                0x00002a1c       0x28 C:\Program Files (x86)\Cypress\PSoC Creator\3.1\PSoC Creator\psoc\content\cycomponentlibrary\CyComponentLibrary.cylib\BLE_v1_20\Library\gccCyBLEStack_BLE_SOC_PERIPHERAL.a(ll.o)
                0x00002a1c                ll_check_and_mark_packet_ready_for_transmission

i.ll_cleanup_pending_data_pdu
                0x00002a44       0x38
 i.ll_cleanup_pending_data_pdu
                0x00002a44       0x38 C:\Program Files (x86)\Cypress\PSoC Creator\3.1\PSoC Creator\psoc\content\cycomponentlibrary\CyComponentLibrary.cylib\BLE_v1_20\Library\gccCyBLEStack_BLE_SOC_PERIPHERAL.a(ll.o)
                0x00002a44                ll_cleanup_pending_data_pdu

i.ll_exit_low_power_mode
                0x00002a7c       0xac
 i.ll_exit_low_power_mode
                0x00002a7c       0xac C:\Program Files (x86)\Cypress\PSoC Creator\3.1\PSoC Creator\psoc\content\cycomponentlibrary\CyComponentLibrary.cylib\BLE_v1_20\Library\gccCyBLEStack_BLE_SOC_PERIPHERAL.a(ll.o)
                0x00002a7c                ll_exit_low_power_mode

i.ll_get_ack_status
                0x00002b28       0x3c
 i.ll_get_ack_status
                0x00002b28       0x3c C:\Program Files (x86)\Cypress\PSoC Creator\3.1\PSoC Creator\psoc\content\cycomponentlibrary\CyComponentLibrary.cylib\BLE_v1_20\Library\gccCyBLEStack_BLE_SOC_PERIPHERAL.a(ll.o)
                0x00002b28                ll_get_ack_status

i.ll_get_adv_ch_tx_power
                0x00002b64       0x20
 i.ll_get_adv_ch_tx_power
                0x00002b64       0x20 C:\Program Files (x86)\Cypress\PSoC Creator\3.1\PSoC Creator\psoc\content\cycomponentlibrary\CyComponentLibrary.cylib\BLE_v1_20\Library\gccCyBLEStack_BLE_SOC_PERIPHERAL.a(ll.o)
                0x00002b64                ll_get_adv_ch_tx_power

i.ll_get_data_channel_map
                0x00002b84       0x24
 i.ll_get_data_channel_map
                0x00002b84       0x24 C:\Program Files (x86)\Cypress\PSoC Creator\3.1\PSoC Creator\psoc\content\cycomponentlibrary\CyComponentLibrary.cylib\BLE_v1_20\Library\gccCyBLEStack_BLE_SOC_PERIPHERAL.a(ll.o)
                0x00002b84                ll_get_data_channel_map

i.ll_get_max_white_list_size
                0x00002ba8        0xc
 i.ll_get_max_white_list_size
                0x00002ba8        0xc C:\Program Files (x86)\Cypress\PSoC Creator\3.1\PSoC Creator\psoc\content\cycomponentlibrary\CyComponentLibrary.cylib\BLE_v1_20\Library\gccCyBLEStack_BLE_SOC_PERIPHERAL.a(ll.o)
                0x00002ba8                ll_get_max_white_list_size

i.ll_get_my_role
                0x00002bb4        0xc
 i.ll_get_my_role
                0x00002bb4        0xc C:\Program Files (x86)\Cypress\PSoC Creator\3.1\PSoC Creator\psoc\content\cycomponentlibrary\CyComponentLibrary.cylib\BLE_v1_20\Library\gccCyBLEStack_BLE_SOC_PERIPHERAL.a(ll.o)
                0x00002bb4                ll_get_my_role

i.ll_get_next_available_fifo_for_data_pdu
                0x00002bc0        0x8
 i.ll_get_next_available_fifo_for_data_pdu
                0x00002bc0        0x8 C:\Program Files (x86)\Cypress\PSoC Creator\3.1\PSoC Creator\psoc\content\cycomponentlibrary\CyComponentLibrary.cylib\BLE_v1_20\Library\gccCyBLEStack_BLE_SOC_PERIPHERAL.a(ll.o)
                0x00002bc0                ll_get_next_available_fifo_for_data_pdu

i.ll_get_next_available_fifo_for_ll_pdu
                0x00002bc8       0x24
 i.ll_get_next_available_fifo_for_ll_pdu
                0x00002bc8       0x24 C:\Program Files (x86)\Cypress\PSoC Creator\3.1\PSoC Creator\psoc\content\cycomponentlibrary\CyComponentLibrary.cylib\BLE_v1_20\Library\gccCyBLEStack_BLE_SOC_PERIPHERAL.a(ll.o)
                0x00002bc8                ll_get_next_available_fifo_for_ll_pdu

i.ll_get_rssi_value
                0x00002bec       0x26
 i.ll_get_rssi_value
                0x00002bec       0x26 C:\Program Files (x86)\Cypress\PSoC Creator\3.1\PSoC Creator\psoc\content\cycomponentlibrary\CyComponentLibrary.cylib\BLE_v1_20\Library\gccCyBLEStack_BLE_SOC_PERIPHERAL.a(ll.o)
                0x00002bec                ll_get_rssi_value

i.ll_get_transmit_power_level
                0x00002c14       0x2c
 i.ll_get_transmit_power_level
                0x00002c14       0x2c C:\Program Files (x86)\Cypress\PSoC Creator\3.1\PSoC Creator\psoc\content\cycomponentlibrary\CyComponentLibrary.cylib\BLE_v1_20\Library\gccCyBLEStack_BLE_SOC_PERIPHERAL.a(ll.o)
                0x00002c14                ll_get_transmit_power_level

i.ll_handle_ack_received
                0x00002c40       0x74
 i.ll_handle_ack_received
                0x00002c40       0x74 C:\Program Files (x86)\Cypress\PSoC Creator\3.1\PSoC Creator\psoc\content\cycomponentlibrary\CyComponentLibrary.cylib\BLE_v1_20\Library\gccCyBLEStack_BLE_SOC_PERIPHERAL.a(ll.o)
                0x00002c40                ll_handle_ack_received

i.ll_handle_add_device_in_whitelist
                0x00002cb4       0x3a
 i.ll_handle_add_device_in_whitelist
                0x00002cb4       0x3a C:\Program Files (x86)\Cypress\PSoC Creator\3.1\PSoC Creator\psoc\content\cycomponentlibrary\CyComponentLibrary.cylib\BLE_v1_20\Library\gccCyBLEStack_BLE_SOC_PERIPHERAL.a(ll.o)
                0x00002cb4                ll_handle_add_device_in_whitelist

i.ll_handle_clear_whitelist
                0x00002cee       0x16
 i.ll_handle_clear_whitelist
                0x00002cee       0x16 C:\Program Files (x86)\Cypress\PSoC Creator\3.1\PSoC Creator\psoc\content\cycomponentlibrary\CyComponentLibrary.cylib\BLE_v1_20\Library\gccCyBLEStack_BLE_SOC_PERIPHERAL.a(ll.o)
                0x00002cee                ll_handle_clear_whitelist

i.ll_handle_encrypt_host_data
                0x00002d04       0x36
 i.ll_handle_encrypt_host_data
                0x00002d04       0x36 C:\Program Files (x86)\Cypress\PSoC Creator\3.1\PSoC Creator\psoc\content\cycomponentlibrary\CyComponentLibrary.cylib\BLE_v1_20\Library\gccCyBLEStack_BLE_SOC_PERIPHERAL.a(ll.o)
                0x00002d04                ll_handle_encrypt_host_data

i.ll_handle_host_data_packet
                0x00002d3a       0x54
 i.ll_handle_host_data_packet
                0x00002d3a       0x54 C:\Program Files (x86)\Cypress\PSoC Creator\3.1\PSoC Creator\psoc\content\cycomponentlibrary\CyComponentLibrary.cylib\BLE_v1_20\Library\gccCyBLEStack_BLE_SOC_PERIPHERAL.a(ll.o)
                0x00002d3a                ll_handle_host_data_packet

i.ll_handle_read_host_channel_map
                0x00002d8e        0x4
 i.ll_handle_read_host_channel_map
                0x00002d8e        0x4 C:\Program Files (x86)\Cypress\PSoC Creator\3.1\PSoC Creator\psoc\content\cycomponentlibrary\CyComponentLibrary.cylib\BLE_v1_20\Library\gccCyBLEStack_BLE_SOC_PERIPHERAL.a(ll.o)
                0x00002d8e                ll_handle_read_host_channel_map

i.ll_handle_remove_device_in_whitelist
                0x00002d92       0x2a
 i.ll_handle_remove_device_in_whitelist
                0x00002d92       0x2a C:\Program Files (x86)\Cypress\PSoC Creator\3.1\PSoC Creator\psoc\content\cycomponentlibrary\CyComponentLibrary.cylib\BLE_v1_20\Library\gccCyBLEStack_BLE_SOC_PERIPHERAL.a(ll.o)
                0x00002d92                ll_handle_remove_device_in_whitelist

i.ll_handle_reset
                0x00002dbc        0xe
 i.ll_handle_reset
                0x00002dbc        0xe C:\Program Files (x86)\Cypress\PSoC Creator\3.1\PSoC Creator\psoc\content\cycomponentlibrary\CyComponentLibrary.cylib\BLE_v1_20\Library\gccCyBLEStack_BLE_SOC_PERIPHERAL.a(ll.o)
                0x00002dbc                ll_handle_reset

i.ll_handle_set_random_address
                0x00002dca       0x36
 i.ll_handle_set_random_address
                0x00002dca       0x36 C:\Program Files (x86)\Cypress\PSoC Creator\3.1\PSoC Creator\psoc\content\cycomponentlibrary\CyComponentLibrary.cylib\BLE_v1_20\Library\gccCyBLEStack_BLE_SOC_PERIPHERAL.a(ll.o)
                0x00002dca                ll_handle_set_random_address

i.ll_init       0x00002e00       0x18
 i.ll_init      0x00002e00       0x18 C:\Program Files (x86)\Cypress\PSoC Creator\3.1\PSoC Creator\psoc\content\cycomponentlibrary\CyComponentLibrary.cylib\BLE_v1_20\Library\gccCyBLEStack_BLE_SOC_PERIPHERAL.a(ll.o)
                0x00002e00                ll_init

i.ll_initialize_device_attributes
                0x00002e18       0x4c
 i.ll_initialize_device_attributes
                0x00002e18       0x4c C:\Program Files (x86)\Cypress\PSoC Creator\3.1\PSoC Creator\psoc\content\cycomponentlibrary\CyComponentLibrary.cylib\BLE_v1_20\Library\gccCyBLEStack_BLE_SOC_PERIPHERAL.a(ll.o)
                0x00002e18                ll_initialize_device_attributes

i.ll_is_pkt_pending
                0x00002e64       0x2a
 i.ll_is_pkt_pending
                0x00002e64       0x2a C:\Program Files (x86)\Cypress\PSoC Creator\3.1\PSoC Creator\psoc\content\cycomponentlibrary\CyComponentLibrary.cylib\BLE_v1_20\Library\gccCyBLEStack_BLE_SOC_PERIPHERAL.a(ll.o)
                0x00002e64                ll_is_pkt_pending

i.ll_is_sent_pkt_pending
                0x00002e8e       0x1a
 i.ll_is_sent_pkt_pending
                0x00002e8e       0x1a C:\Program Files (x86)\Cypress\PSoC Creator\3.1\PSoC Creator\psoc\content\cycomponentlibrary\CyComponentLibrary.cylib\BLE_v1_20\Library\gccCyBLEStack_BLE_SOC_PERIPHERAL.a(ll.o)
                0x00002e8e                ll_is_sent_pkt_pending

i.ll_isr_exit_low_power_mode
                0x00002ea8       0x16
 i.ll_isr_exit_low_power_mode
                0x00002ea8       0x16 C:\Program Files (x86)\Cypress\PSoC Creator\3.1\PSoC Creator\psoc\content\cycomponentlibrary\CyComponentLibrary.cylib\BLE_v1_20\Library\gccCyBLEStack_BLE_SOC_PERIPHERAL.a(ll.o)
                0x00002ea8                ll_isr_exit_low_power_mode

i.ll_load_host_data_packet
                0x00002ebe       0x4a
 i.ll_load_host_data_packet
                0x00002ebe       0x4a C:\Program Files (x86)\Cypress\PSoC Creator\3.1\PSoC Creator\psoc\content\cycomponentlibrary\CyComponentLibrary.cylib\BLE_v1_20\Library\gccCyBLEStack_BLE_SOC_PERIPHERAL.a(ll.o)
                0x00002ebe                ll_load_host_data_packet

i.ll_load_packet_to_fifo
                0x00002f08       0x6e
 i.ll_load_packet_to_fifo
                0x00002f08       0x6e C:\Program Files (x86)\Cypress\PSoC Creator\3.1\PSoC Creator\psoc\content\cycomponentlibrary\CyComponentLibrary.cylib\BLE_v1_20\Library\gccCyBLEStack_BLE_SOC_PERIPHERAL.a(ll.o)
                0x00002f08                ll_load_packet_to_fifo

i.ll_process_acks
                0x00002f76       0x3c
 i.ll_process_acks
                0x00002f76       0x3c C:\Program Files (x86)\Cypress\PSoC Creator\3.1\PSoC Creator\psoc\content\cycomponentlibrary\CyComponentLibrary.cylib\BLE_v1_20\Library\gccCyBLEStack_BLE_SOC_PERIPHERAL.a(ll.o)
                0x00002f76                ll_process_acks

i.ll_reset      0x00002fb2       0x12
 i.ll_reset     0x00002fb2       0x12 C:\Program Files (x86)\Cypress\PSoC Creator\3.1\PSoC Creator\psoc\content\cycomponentlibrary\CyComponentLibrary.cylib\BLE_v1_20\Library\gccCyBLEStack_BLE_SOC_PERIPHERAL.a(ll.o)
                0x00002fb2                ll_reset

i.ll_update_active_features
                0x00002fc4       0x58
 i.ll_update_active_features
                0x00002fc4       0x58 C:\Program Files (x86)\Cypress\PSoC Creator\3.1\PSoC Creator\psoc\content\cycomponentlibrary\CyComponentLibrary.cylib\BLE_v1_20\Library\gccCyBLEStack_BLE_SOC_PERIPHERAL.a(ll.o)
                0x00002fc4                ll_update_active_features

i.ll_update_device_fsm
                0x0000301c        0x8
 i.ll_update_device_fsm
                0x0000301c        0x8 C:\Program Files (x86)\Cypress\PSoC Creator\3.1\PSoC Creator\psoc\content\cycomponentlibrary\CyComponentLibrary.cylib\BLE_v1_20\Library\gccCyBLEStack_BLE_SOC_PERIPHERAL.a(ll.o)
                0x0000301c                ll_update_device_fsm

i.pf_le_start_timer
                0x00003024       0x16
 i.pf_le_start_timer
                0x00003024       0x16 C:\Program Files (x86)\Cypress\PSoC Creator\3.1\PSoC Creator\psoc\content\cycomponentlibrary\CyComponentLibrary.cylib\BLE_v1_20\Library\gccCyBLEStack_BLE_SOC_PERIPHERAL.a(ll.o)
                0x00003024                pf_le_start_timer

i.pf_le_stop_timer
                0x0000303a       0x12
 i.pf_le_stop_timer
                0x0000303a       0x12 C:\Program Files (x86)\Cypress\PSoC Creator\3.1\PSoC Creator\psoc\content\cycomponentlibrary\CyComponentLibrary.cylib\BLE_v1_20\Library\gccCyBLEStack_BLE_SOC_PERIPHERAL.a(ll.o)
                0x0000303a                pf_le_stop_timer

i.CyBleControllerIP_TuneAdvEventInterPktSlots
                0x0000304c       0x44
 i.CyBleControllerIP_TuneAdvEventInterPktSlots
                0x0000304c       0x44 C:\Program Files (x86)\Cypress\PSoC Creator\3.1\PSoC Creator\psoc\content\cycomponentlibrary\CyComponentLibrary.cylib\BLE_v1_20\Library\gccCyBLEStack_BLE_SOC_PERIPHERAL.a(ll_advertiser.o)
                0x0000304c                CyBleControllerIP_TuneAdvEventInterPktSlots

i.ll_adv_is_configured_connection_adv
                0x00003090       0x1e
 i.ll_adv_is_configured_connection_adv
                0x00003090       0x1e C:\Program Files (x86)\Cypress\PSoC Creator\3.1\PSoC Creator\psoc\content\cycomponentlibrary\CyComponentLibrary.cylib\BLE_v1_20\Library\gccCyBLEStack_BLE_SOC_PERIPHERAL.a(ll_advertiser.o)
                0x00003090                ll_adv_is_configured_connection_adv

i.ll_check_random_address_in_use_by_advertiser
                0x000030ae       0x10
 i.ll_check_random_address_in_use_by_advertiser
                0x000030ae       0x10 C:\Program Files (x86)\Cypress\PSoC Creator\3.1\PSoC Creator\psoc\content\cycomponentlibrary\CyComponentLibrary.cylib\BLE_v1_20\Library\gccCyBLEStack_BLE_SOC_PERIPHERAL.a(ll_advertiser.o)
                0x000030ae                ll_check_random_address_in_use_by_advertiser

i.ll_check_whitelist_in_use_by_advertiser
                0x000030be       0x10
 i.ll_check_whitelist_in_use_by_advertiser
                0x000030be       0x10 C:\Program Files (x86)\Cypress\PSoC Creator\3.1\PSoC Creator\psoc\content\cycomponentlibrary\CyComponentLibrary.cylib\BLE_v1_20\Library\gccCyBLEStack_BLE_SOC_PERIPHERAL.a(ll_advertiser.o)
                0x000030be                ll_check_whitelist_in_use_by_advertiser

i.ll_get_adv_status
                0x000030ce        0xc
 i.ll_get_adv_status
                0x000030ce        0xc C:\Program Files (x86)\Cypress\PSoC Creator\3.1\PSoC Creator\psoc\content\cycomponentlibrary\CyComponentLibrary.cylib\BLE_v1_20\Library\gccCyBLEStack_BLE_SOC_PERIPHERAL.a(ll_advertiser.o)
                0x000030ce                ll_get_adv_status

i.ll_get_adv_type
                0x000030da       0x16
 i.ll_get_adv_type
                0x000030da       0x16 C:\Program Files (x86)\Cypress\PSoC Creator\3.1\PSoC Creator\psoc\content\cycomponentlibrary\CyComponentLibrary.cylib\BLE_v1_20\Library\gccCyBLEStack_BLE_SOC_PERIPHERAL.a(ll_advertiser.o)
                0x000030da                ll_get_adv_type

i.ll_handle_adv_intr
                0x000030f0       0x50
 i.ll_handle_adv_intr
                0x000030f0       0x50 C:\Program Files (x86)\Cypress\PSoC Creator\3.1\PSoC Creator\psoc\content\cycomponentlibrary\CyComponentLibrary.cylib\BLE_v1_20\Library\gccCyBLEStack_BLE_SOC_PERIPHERAL.a(ll_advertiser.o)
                0x000030f0                ll_handle_adv_intr

i.ll_handle_set_adv_data
                0x00003140       0x14
 i.ll_handle_set_adv_data
                0x00003140       0x14 C:\Program Files (x86)\Cypress\PSoC Creator\3.1\PSoC Creator\psoc\content\cycomponentlibrary\CyComponentLibrary.cylib\BLE_v1_20\Library\gccCyBLEStack_BLE_SOC_PERIPHERAL.a(ll_advertiser.o)
                0x00003140                ll_handle_set_adv_data

i.ll_handle_set_adv_parameters
                0x00003154       0x84
 i.ll_handle_set_adv_parameters
                0x00003154       0x84 C:\Program Files (x86)\Cypress\PSoC Creator\3.1\PSoC Creator\psoc\content\cycomponentlibrary\CyComponentLibrary.cylib\BLE_v1_20\Library\gccCyBLEStack_BLE_SOC_PERIPHERAL.a(ll_advertiser.o)
                0x00003154                ll_handle_set_adv_parameters

i.ll_handle_set_advertise_enable
                0x000031d8       0x70
 i.ll_handle_set_advertise_enable
                0x000031d8       0x70 C:\Program Files (x86)\Cypress\PSoC Creator\3.1\PSoC Creator\psoc\content\cycomponentlibrary\CyComponentLibrary.cylib\BLE_v1_20\Library\gccCyBLEStack_BLE_SOC_PERIPHERAL.a(ll_advertiser.o)
                0x000031d8                ll_handle_set_advertise_enable

i.ll_handle_set_scan_resp_data
                0x00003248       0x14
 i.ll_handle_set_scan_resp_data
                0x00003248       0x14 C:\Program Files (x86)\Cypress\PSoC Creator\3.1\PSoC Creator\psoc\content\cycomponentlibrary\CyComponentLibrary.cylib\BLE_v1_20\Library\gccCyBLEStack_BLE_SOC_PERIPHERAL.a(ll_advertiser.o)
                0x00003248                ll_handle_set_scan_resp_data

i.ll_init_advertiser
                0x0000325c       0x68
 i.ll_init_advertiser
                0x0000325c       0x68 C:\Program Files (x86)\Cypress\PSoC Creator\3.1\PSoC Creator\psoc\content\cycomponentlibrary\CyComponentLibrary.cylib\BLE_v1_20\Library\gccCyBLEStack_BLE_SOC_PERIPHERAL.a(ll_advertiser.o)
                0x0000325c                ll_init_advertiser

i.is_le_connection_handle
                0x000032c4       0x28
 i.is_le_connection_handle
                0x000032c4       0x28 C:\Program Files (x86)\Cypress\PSoC Creator\3.1\PSoC Creator\psoc\content\cycomponentlibrary\CyComponentLibrary.cylib\BLE_v1_20\Library\gccCyBLEStack_BLE_SOC_PERIPHERAL.a(ll_connection.o)
                0x000032c4                is_le_connection_handle

i.le_assign_connection_handle
                0x000032ec       0x28
 i.le_assign_connection_handle
                0x000032ec       0x28 C:\Program Files (x86)\Cypress\PSoC Creator\3.1\PSoC Creator\psoc\content\cycomponentlibrary\CyComponentLibrary.cylib\BLE_v1_20\Library\gccCyBLEStack_BLE_SOC_PERIPHERAL.a(ll_connection.o)
                0x000032ec                le_assign_connection_handle

i.le_get_connection_index
                0x00003314        0x6
 i.le_get_connection_index
                0x00003314        0x6 C:\Program Files (x86)\Cypress\PSoC Creator\3.1\PSoC Creator\psoc\content\cycomponentlibrary\CyComponentLibrary.cylib\BLE_v1_20\Library\gccCyBLEStack_BLE_SOC_PERIPHERAL.a(ll_connection.o)
                0x00003314                le_get_connection_index

i.ll_allocate_connection
                0x0000331c       0x44
 i.ll_allocate_connection
                0x0000331c       0x44 C:\Program Files (x86)\Cypress\PSoC Creator\3.1\PSoC Creator\psoc\content\cycomponentlibrary\CyComponentLibrary.cylib\BLE_v1_20\Library\gccCyBLEStack_BLE_SOC_PERIPHERAL.a(ll_connection.o)
                0x0000331c                ll_allocate_connection

i.ll_calculate_and_program_def_win_widen_drift
                0x00003360       0x14
 i.ll_calculate_and_program_def_win_widen_drift
                0x00003360       0x14 C:\Program Files (x86)\Cypress\PSoC Creator\3.1\PSoC Creator\psoc\content\cycomponentlibrary\CyComponentLibrary.cylib\BLE_v1_20\Library\gccCyBLEStack_BLE_SOC_PERIPHERAL.a(ll_connection.o)
                0x00003360                ll_calculate_and_program_def_win_widen_drift

i.ll_calculate_drift
                0x00003374       0x2c
 i.ll_calculate_drift
                0x00003374       0x2c C:\Program Files (x86)\Cypress\PSoC Creator\3.1\PSoC Creator\psoc\content\cycomponentlibrary\CyComponentLibrary.cylib\BLE_v1_20\Library\gccCyBLEStack_BLE_SOC_PERIPHERAL.a(ll_connection.o)
                0x00003374                ll_calculate_drift

i.ll_check_and_decrypt_ll_pdu
                0x000033a0       0x68
 i.ll_check_and_decrypt_ll_pdu
                0x000033a0       0x68 C:\Program Files (x86)\Cypress\PSoC Creator\3.1\PSoC Creator\psoc\content\cycomponentlibrary\CyComponentLibrary.cylib\BLE_v1_20\Library\gccCyBLEStack_BLE_SOC_PERIPHERAL.a(ll_connection.o)
                0x000033a0                ll_check_and_decrypt_ll_pdu

i.ll_check_and_decrypt_packet
                0x00003408       0x6a
 i.ll_check_and_decrypt_packet
                0x00003408       0x6a C:\Program Files (x86)\Cypress\PSoC Creator\3.1\PSoC Creator\psoc\content\cycomponentlibrary\CyComponentLibrary.cylib\BLE_v1_20\Library\gccCyBLEStack_BLE_SOC_PERIPHERAL.a(ll_connection.o)
                0x00003408                ll_check_and_decrypt_packet

i.ll_check_and_encrypt_ll_pdu
                0x00003472       0x72
 i.ll_check_and_encrypt_ll_pdu
                0x00003472       0x72 C:\Program Files (x86)\Cypress\PSoC Creator\3.1\PSoC Creator\psoc\content\cycomponentlibrary\CyComponentLibrary.cylib\BLE_v1_20\Library\gccCyBLEStack_BLE_SOC_PERIPHERAL.a(ll_connection.o)
                0x00003472                ll_check_and_encrypt_ll_pdu

i.ll_check_and_encrypt_packet
                0x000034e4       0x8a
 i.ll_check_and_encrypt_packet
                0x000034e4       0x8a C:\Program Files (x86)\Cypress\PSoC Creator\3.1\PSoC Creator\psoc\content\cycomponentlibrary\CyComponentLibrary.cylib\BLE_v1_20\Library\gccCyBLEStack_BLE_SOC_PERIPHERAL.a(ll_connection.o)
                0x000034e4                ll_check_and_encrypt_packet

i.ll_check_for_allowing_incoming_connection_update
                0x0000356e       0x42
 i.ll_check_for_allowing_incoming_connection_update
                0x0000356e       0x42 C:\Program Files (x86)\Cypress\PSoC Creator\3.1\PSoC Creator\psoc\content\cycomponentlibrary\CyComponentLibrary.cylib\BLE_v1_20\Library\gccCyBLEStack_BLE_SOC_PERIPHERAL.a(ll_connection.o)
                0x0000356e                ll_check_for_allowing_incoming_connection_update

i.ll_check_if_pdu_is_loaded_to_hardware
                0x000035b0       0x1c
 i.ll_check_if_pdu_is_loaded_to_hardware
                0x000035b0       0x1c C:\Program Files (x86)\Cypress\PSoC Creator\3.1\PSoC Creator\psoc\content\cycomponentlibrary\CyComponentLibrary.cylib\BLE_v1_20\Library\gccCyBLEStack_BLE_SOC_PERIPHERAL.a(ll_connection.o)
                0x000035b0                ll_check_if_pdu_is_loaded_to_hardware

i.ll_check_random_address_in_use_by_initiator
                0x000035cc       0x30
 i.ll_check_random_address_in_use_by_initiator
                0x000035cc       0x30 C:\Program Files (x86)\Cypress\PSoC Creator\3.1\PSoC Creator\psoc\content\cycomponentlibrary\CyComponentLibrary.cylib\BLE_v1_20\Library\gccCyBLEStack_BLE_SOC_PERIPHERAL.a(ll_connection.o)
                0x000035cc                ll_check_random_address_in_use_by_initiator

i.ll_check_white_list_in_use_by_initiator
                0x000035fc       0x30
 i.ll_check_white_list_in_use_by_initiator
                0x000035fc       0x30 C:\Program Files (x86)\Cypress\PSoC Creator\3.1\PSoC Creator\psoc\content\cycomponentlibrary\CyComponentLibrary.cylib\BLE_v1_20\Library\gccCyBLEStack_BLE_SOC_PERIPHERAL.a(ll_connection.o)
                0x000035fc                ll_check_white_list_in_use_by_initiator

i.ll_conn_free_enc_txn_buffer
                0x0000362c       0x16
 i.ll_conn_free_enc_txn_buffer
                0x0000362c       0x16 C:\Program Files (x86)\Cypress\PSoC Creator\3.1\PSoC Creator\psoc\content\cycomponentlibrary\CyComponentLibrary.cylib\BLE_v1_20\Library\gccCyBLEStack_BLE_SOC_PERIPHERAL.a(ll_connection.o)
                0x0000362c                ll_conn_free_enc_txn_buffer

i.ll_conn_fsm_update_channel_state
                0x00003642        0x6
 i.ll_conn_fsm_update_channel_state
                0x00003642        0x6 C:\Program Files (x86)\Cypress\PSoC Creator\3.1\PSoC Creator\psoc\content\cycomponentlibrary\CyComponentLibrary.cylib\BLE_v1_20\Library\gccCyBLEStack_BLE_SOC_PERIPHERAL.a(ll_connection.o)
                0x00003642                ll_conn_fsm_update_channel_state

i.ll_conn_fsm_update_conn_update_state
                0x00003648        0x6
 i.ll_conn_fsm_update_conn_update_state
                0x00003648        0x6 C:\Program Files (x86)\Cypress\PSoC Creator\3.1\PSoC Creator\psoc\content\cycomponentlibrary\CyComponentLibrary.cylib\BLE_v1_20\Library\gccCyBLEStack_BLE_SOC_PERIPHERAL.a(ll_connection.o)
                0x00003648                ll_conn_fsm_update_conn_update_state

i.ll_conn_fsm_update_enc_state
                0x0000364e        0x6
 i.ll_conn_fsm_update_enc_state
                0x0000364e        0x6 C:\Program Files (x86)\Cypress\PSoC Creator\3.1\PSoC Creator\psoc\content\cycomponentlibrary\CyComponentLibrary.cylib\BLE_v1_20\Library\gccCyBLEStack_BLE_SOC_PERIPHERAL.a(ll_connection.o)
                0x0000364e                ll_conn_fsm_update_enc_state

i.ll_conn_fsm_update_state
                0x00003654        0x4
 i.ll_conn_fsm_update_state
                0x00003654        0x4 C:\Program Files (x86)\Cypress\PSoC Creator\3.1\PSoC Creator\psoc\content\cycomponentlibrary\CyComponentLibrary.cylib\BLE_v1_20\Library\gccCyBLEStack_BLE_SOC_PERIPHERAL.a(ll_connection.o)
                0x00003654                ll_conn_fsm_update_state

i.ll_conn_handle_data_pdu_from_host_when_data_paused
                0x00003658        0x8
 i.ll_conn_handle_data_pdu_from_host_when_data_paused
                0x00003658        0x8 C:\Program Files (x86)\Cypress\PSoC Creator\3.1\PSoC Creator\psoc\content\cycomponentlibrary\CyComponentLibrary.cylib\BLE_v1_20\Library\gccCyBLEStack_BLE_SOC_PERIPHERAL.a(ll_connection.o)
                0x00003658                ll_conn_handle_data_pdu_from_host_when_data_paused

i.ll_conn_handle_direct_adv_timeout
                0x00003660       0x2a
 i.ll_conn_handle_direct_adv_timeout
                0x00003660       0x2a C:\Program Files (x86)\Cypress\PSoC Creator\3.1\PSoC Creator\psoc\content\cycomponentlibrary\CyComponentLibrary.cylib\BLE_v1_20\Library\gccCyBLEStack_BLE_SOC_PERIPHERAL.a(ll_connection.o)
                0x00003660                ll_conn_handle_direct_adv_timeout

i.ll_conn_handle_ping_timer_expired_interrupt
                0x0000368c       0x1c
 i.ll_conn_handle_ping_timer_expired_interrupt
                0x0000368c       0x1c C:\Program Files (x86)\Cypress\PSoC Creator\3.1\PSoC Creator\psoc\content\cycomponentlibrary\CyComponentLibrary.cylib\BLE_v1_20\Library\gccCyBLEStack_BLE_SOC_PERIPHERAL.a(ll_connection.o)
                0x0000368c                ll_conn_handle_ping_timer_expired_interrupt

i.ll_conn_handle_ping_timer_nearly_expired_interrupt
                0x000036a8       0x20
 i.ll_conn_handle_ping_timer_nearly_expired_interrupt
                0x000036a8       0x20 C:\Program Files (x86)\Cypress\PSoC Creator\3.1\PSoC Creator\psoc\content\cycomponentlibrary\CyComponentLibrary.cylib\BLE_v1_20\Library\gccCyBLEStack_BLE_SOC_PERIPHERAL.a(ll_connection.o)
                0x000036a8                ll_conn_handle_ping_timer_nearly_expired_interrupt

i.ll_conn_handle_stop_connectable_adv
                0x000036c8       0x12
 i.ll_conn_handle_stop_connectable_adv
                0x000036c8       0x12 C:\Program Files (x86)\Cypress\PSoC Creator\3.1\PSoC Creator\psoc\content\cycomponentlibrary\CyComponentLibrary.cylib\BLE_v1_20\Library\gccCyBLEStack_BLE_SOC_PERIPHERAL.a(ll_connection.o)
                0x000036c8                ll_conn_handle_stop_connectable_adv

i.ll_conn_process_pending_transactions
                0x000036da        0x4
 i.ll_conn_process_pending_transactions
                0x000036da        0x4 C:\Program Files (x86)\Cypress\PSoC Creator\3.1\PSoC Creator\psoc\content\cycomponentlibrary\CyComponentLibrary.cylib\BLE_v1_20\Library\gccCyBLEStack_BLE_SOC_PERIPHERAL.a(ll_connection.o)
                0x000036da                ll_conn_process_pending_transactions

i.ll_conn_program_authenticated_payload_timer
                0x000036e0       0x50
 i.ll_conn_program_authenticated_payload_timer
                0x000036e0       0x50 C:\Program Files (x86)\Cypress\PSoC Creator\3.1\PSoC Creator\psoc\content\cycomponentlibrary\CyComponentLibrary.cylib\BLE_v1_20\Library\gccCyBLEStack_BLE_SOC_PERIPHERAL.a(ll_connection.o)
                0x000036e0                ll_conn_program_authenticated_payload_timer

i.ll_conn_read_data_pdu_from_hardware
                0x00003730       0x14
 i.ll_conn_read_data_pdu_from_hardware
                0x00003730       0x14 C:\Program Files (x86)\Cypress\PSoC Creator\3.1\PSoC Creator\psoc\content\cycomponentlibrary\CyComponentLibrary.cylib\BLE_v1_20\Library\gccCyBLEStack_BLE_SOC_PERIPHERAL.a(ll_connection.o)
                0x00003730                ll_conn_read_data_pdu_from_hardware

i.ll_conn_send_ping_req_pdu
                0x00003744       0x40
 i.ll_conn_send_ping_req_pdu
                0x00003744       0x40 C:\Program Files (x86)\Cypress\PSoC Creator\3.1\PSoC Creator\psoc\content\cycomponentlibrary\CyComponentLibrary.cylib\BLE_v1_20\Library\gccCyBLEStack_BLE_SOC_PERIPHERAL.a(ll_connection.o)
                0x00003744                ll_conn_send_ping_req_pdu

i.ll_conn_store_pending_tx_pdu
                0x00003784       0x1a
 i.ll_conn_store_pending_tx_pdu
                0x00003784       0x1a C:\Program Files (x86)\Cypress\PSoC Creator\3.1\PSoC Creator\psoc\content\cycomponentlibrary\CyComponentLibrary.cylib\BLE_v1_20\Library\gccCyBLEStack_BLE_SOC_PERIPHERAL.a(ll_connection.o)
                0x00003784                ll_conn_store_pending_tx_pdu

i.ll_conn_update_rssi
                0x0000379e       0x16
 i.ll_conn_update_rssi
                0x0000379e       0x16 C:\Program Files (x86)\Cypress\PSoC Creator\3.1\PSoC Creator\psoc\content\cycomponentlibrary\CyComponentLibrary.cylib\BLE_v1_20\Library\gccCyBLEStack_BLE_SOC_PERIPHERAL.a(ll_connection.o)
                0x0000379e                ll_conn_update_rssi

i.ll_convert_hci_llid_to_ll_llid_host_to_controller
                0x000037b4        0x8
 i.ll_convert_hci_llid_to_ll_llid_host_to_controller
                0x000037b4        0x8 C:\Program Files (x86)\Cypress\PSoC Creator\3.1\PSoC Creator\psoc\content\cycomponentlibrary\CyComponentLibrary.cylib\BLE_v1_20\Library\gccCyBLEStack_BLE_SOC_PERIPHERAL.a(ll_connection.o)
                0x000037b4                ll_convert_hci_llid_to_ll_llid_host_to_controller

i.ll_convert_ll_llid_to_hci_llid_controller_to_host
                0x000037bc        0x2
 i.ll_convert_ll_llid_to_hci_llid_controller_to_host
                0x000037bc        0x2 C:\Program Files (x86)\Cypress\PSoC Creator\3.1\PSoC Creator\psoc\content\cycomponentlibrary\CyComponentLibrary.cylib\BLE_v1_20\Library\gccCyBLEStack_BLE_SOC_PERIPHERAL.a(ll_connection.o)
                0x000037bc                ll_convert_ll_llid_to_hci_llid_controller_to_host

i.ll_decode_and_program_connect_req
                0x000037c0       0xec
 i.ll_decode_and_program_connect_req
                0x000037c0       0xec C:\Program Files (x86)\Cypress\PSoC Creator\3.1\PSoC Creator\psoc\content\cycomponentlibrary\CyComponentLibrary.cylib\BLE_v1_20\Library\gccCyBLEStack_BLE_SOC_PERIPHERAL.a(ll_connection.o)
                0x000037c0                ll_decode_and_program_connect_req

i.ll_enc_fsm_derive_session_key
                0x000038ac       0x46
 i.ll_enc_fsm_derive_session_key
                0x000038ac       0x46 C:\Program Files (x86)\Cypress\PSoC Creator\3.1\PSoC Creator\psoc\content\cycomponentlibrary\CyComponentLibrary.cylib\BLE_v1_20\Library\gccCyBLEStack_BLE_SOC_PERIPHERAL.a(ll_connection.o)
                0x000038ac                ll_enc_fsm_derive_session_key

i.ll_enc_handle_enc_complete
                0x000038f2       0x68
 i.ll_enc_handle_enc_complete
                0x000038f2       0x68 C:\Program Files (x86)\Cypress\PSoC Creator\3.1\PSoC Creator\psoc\content\cycomponentlibrary\CyComponentLibrary.cylib\BLE_v1_20\Library\gccCyBLEStack_BLE_SOC_PERIPHERAL.a(ll_connection.o)
                0x000038f2                ll_enc_handle_enc_complete

i.ll_enc_handle_enc_failure
                0x0000395c       0xa4
 i.ll_enc_handle_enc_failure
                0x0000395c       0xa4 C:\Program Files (x86)\Cypress\PSoC Creator\3.1\PSoC Creator\psoc\content\cycomponentlibrary\CyComponentLibrary.cylib\BLE_v1_20\Library\gccCyBLEStack_BLE_SOC_PERIPHERAL.a(ll_connection.o)
                0x0000395c                ll_enc_handle_enc_failure

i.ll_enc_handle_ll_reject_pdu_cb
                0x00003a00       0x24
 i.ll_enc_handle_ll_reject_pdu_cb
                0x00003a00       0x24 C:\Program Files (x86)\Cypress\PSoC Creator\3.1\PSoC Creator\psoc\content\cycomponentlibrary\CyComponentLibrary.cylib\BLE_v1_20\Library\gccCyBLEStack_BLE_SOC_PERIPHERAL.a(ll_connection.o)
                0x00003a00                ll_enc_handle_ll_reject_pdu_cb

i.ll_enc_handle_ll_terminate_pdu
                0x00003a24       0x16
 i.ll_enc_handle_ll_terminate_pdu
                0x00003a24       0x16 C:\Program Files (x86)\Cypress\PSoC Creator\3.1\PSoC Creator\psoc\content\cycomponentlibrary\CyComponentLibrary.cylib\BLE_v1_20\Library\gccCyBLEStack_BLE_SOC_PERIPHERAL.a(ll_connection.o)
                0x00003a24                ll_enc_handle_ll_terminate_pdu

i.ll_enc_handle_ll_unknown_resp_pdu_cb
                0x00003a3a       0x24
 i.ll_enc_handle_ll_unknown_resp_pdu_cb
                0x00003a3a       0x24 C:\Program Files (x86)\Cypress\PSoC Creator\3.1\PSoC Creator\psoc\content\cycomponentlibrary\CyComponentLibrary.cylib\BLE_v1_20\Library\gccCyBLEStack_BLE_SOC_PERIPHERAL.a(ll_connection.o)
                0x00003a3a                ll_enc_handle_ll_unknown_resp_pdu_cb

i.ll_enc_handle_slave_await_to_start_cb
                0x00003a60       0x80
 i.ll_enc_handle_slave_await_to_start_cb
                0x00003a60       0x80 C:\Program Files (x86)\Cypress\PSoC Creator\3.1\PSoC Creator\psoc\content\cycomponentlibrary\CyComponentLibrary.cylib\BLE_v1_20\Library\gccCyBLEStack_BLE_SOC_PERIPHERAL.a(ll_connection.o)
                0x00003a60                ll_enc_handle_slave_await_to_start_cb

i.ll_enc_handle_slave_enc_resp_ack_cb
                0x00003ae0       0x28
 i.ll_enc_handle_slave_enc_resp_ack_cb
                0x00003ae0       0x28 C:\Program Files (x86)\Cypress\PSoC Creator\3.1\PSoC Creator\psoc\content\cycomponentlibrary\CyComponentLibrary.cylib\BLE_v1_20\Library\gccCyBLEStack_BLE_SOC_PERIPHERAL.a(ll_connection.o)
                0x00003ae0                ll_enc_handle_slave_enc_resp_ack_cb

i.ll_enc_handle_slave_ltk_neg_reply_cb
                0x00003b08       0x60
 i.ll_enc_handle_slave_ltk_neg_reply_cb
                0x00003b08       0x60 C:\Program Files (x86)\Cypress\PSoC Creator\3.1\PSoC Creator\psoc\content\cycomponentlibrary\CyComponentLibrary.cylib\BLE_v1_20\Library\gccCyBLEStack_BLE_SOC_PERIPHERAL.a(ll_connection.o)
                0x00003b08                ll_enc_handle_slave_ltk_neg_reply_cb

i.ll_enc_handle_slave_pause_enc_req_cb
                0x00003b68       0x46
 i.ll_enc_handle_slave_pause_enc_req_cb
                0x00003b68       0x46 C:\Program Files (x86)\Cypress\PSoC Creator\3.1\PSoC Creator\psoc\content\cycomponentlibrary\CyComponentLibrary.cylib\BLE_v1_20\Library\gccCyBLEStack_BLE_SOC_PERIPHERAL.a(ll_connection.o)
                0x00003b68                ll_enc_handle_slave_pause_enc_req_cb

i.ll_enc_handle_slave_pause_enc_resp_cb
                0x00003bae       0x10
 i.ll_enc_handle_slave_pause_enc_resp_cb
                0x00003bae       0x10 C:\Program Files (x86)\Cypress\PSoC Creator\3.1\PSoC Creator\psoc\content\cycomponentlibrary\CyComponentLibrary.cylib\BLE_v1_20\Library\gccCyBLEStack_BLE_SOC_PERIPHERAL.a(ll_connection.o)
                0x00003bae                ll_enc_handle_slave_pause_enc_resp_cb

i.ll_enc_handle_slave_reject_ind_ack_cb
                0x00003bbe       0x22
 i.ll_enc_handle_slave_reject_ind_ack_cb
                0x00003bbe       0x22 C:\Program Files (x86)\Cypress\PSoC Creator\3.1\PSoC Creator\psoc\content\cycomponentlibrary\CyComponentLibrary.cylib\BLE_v1_20\Library\gccCyBLEStack_BLE_SOC_PERIPHERAL.a(ll_connection.o)
                0x00003bbe                ll_enc_handle_slave_reject_ind_ack_cb

i.ll_enc_handle_slave_start_enc_resp_ack_cb
                0x00003be0        0x8
 i.ll_enc_handle_slave_start_enc_resp_ack_cb
                0x00003be0        0x8 C:\Program Files (x86)\Cypress\PSoC Creator\3.1\PSoC Creator\psoc\content\cycomponentlibrary\CyComponentLibrary.cylib\BLE_v1_20\Library\gccCyBLEStack_BLE_SOC_PERIPHERAL.a(ll_connection.o)
                0x00003be0                ll_enc_handle_slave_start_enc_resp_ack_cb

i.ll_enc_handle_slave_start_enc_resp_cb
                0x00003be8       0x34
 i.ll_enc_handle_slave_start_enc_resp_cb
                0x00003be8       0x34 C:\Program Files (x86)\Cypress\PSoC Creator\3.1\PSoC Creator\psoc\content\cycomponentlibrary\CyComponentLibrary.cylib\BLE_v1_20\Library\gccCyBLEStack_BLE_SOC_PERIPHERAL.a(ll_connection.o)
                0x00003be8                ll_enc_handle_slave_start_enc_resp_cb

i.ll_enc_send_start_encryption_request
                0x00003c1c       0x38
 i.ll_enc_send_start_encryption_request
                0x00003c1c       0x38 C:\Program Files (x86)\Cypress\PSoC Creator\3.1\PSoC Creator\psoc\content\cycomponentlibrary\CyComponentLibrary.cylib\BLE_v1_20\Library\gccCyBLEStack_BLE_SOC_PERIPHERAL.a(ll_connection.o)
                0x00003c1c                ll_enc_send_start_encryption_request

i.ll_extract_pdu_opcode
                0x00003c54        0x4
 i.ll_extract_pdu_opcode
                0x00003c54        0x4 C:\Program Files (x86)\Cypress\PSoC Creator\3.1\PSoC Creator\psoc\content\cycomponentlibrary\CyComponentLibrary.cylib\BLE_v1_20\Library\gccCyBLEStack_BLE_SOC_PERIPHERAL.a(ll_connection.o)
                0x00003c54                ll_extract_pdu_opcode

i.ll_fsm_handle_conn_established_ind
                0x00003c58       0x7c
 i.ll_fsm_handle_conn_established_ind
                0x00003c58       0x7c C:\Program Files (x86)\Cypress\PSoC Creator\3.1\PSoC Creator\psoc\content\cycomponentlibrary\CyComponentLibrary.cylib\BLE_v1_20\Library\gccCyBLEStack_BLE_SOC_PERIPHERAL.a(ll_connection.o)
                0x00003c58                ll_fsm_handle_conn_established_ind

i.ll_fsm_handle_conn_failure_ind
                0x00003cd4        0xc
 i.ll_fsm_handle_conn_failure_ind
                0x00003cd4        0xc C:\Program Files (x86)\Cypress\PSoC Creator\3.1\PSoC Creator\psoc\content\cycomponentlibrary\CyComponentLibrary.cylib\BLE_v1_20\Library\gccCyBLEStack_BLE_SOC_PERIPHERAL.a(ll_connection.o)
                0x00003cd4                ll_fsm_handle_conn_failure_ind

i.ll_fsm_handle_disconnecting_state
                0x00003ce0       0x16
 i.ll_fsm_handle_disconnecting_state
                0x00003ce0       0x16 C:\Program Files (x86)\Cypress\PSoC Creator\3.1\PSoC Creator\psoc\content\cycomponentlibrary\CyComponentLibrary.cylib\BLE_v1_20\Library\gccCyBLEStack_BLE_SOC_PERIPHERAL.a(ll_connection.o)
                0x00003ce0                ll_fsm_handle_disconnecting_state

i.ll_fsm_handle_end_of_conn_interval
                0x00003cf8       0x30
 i.ll_fsm_handle_end_of_conn_interval
                0x00003cf8       0x30 C:\Program Files (x86)\Cypress\PSoC Creator\3.1\PSoC Creator\psoc\content\cycomponentlibrary\CyComponentLibrary.cylib\BLE_v1_20\Library\gccCyBLEStack_BLE_SOC_PERIPHERAL.a(ll_connection.o)
                0x00003cf8                ll_fsm_handle_end_of_conn_interval

i.ll_fsm_handle_pdu_response_timeout
                0x00003d28       0x20
 i.ll_fsm_handle_pdu_response_timeout
                0x00003d28       0x20 C:\Program Files (x86)\Cypress\PSoC Creator\3.1\PSoC Creator\psoc\content\cycomponentlibrary\CyComponentLibrary.cylib\BLE_v1_20\Library\gccCyBLEStack_BLE_SOC_PERIPHERAL.a(ll_connection.o)
                0x00003d28                ll_fsm_handle_pdu_response_timeout

i.ll_fsm_handle_sup_timeout_ind
                0x00003d48       0x22
 i.ll_fsm_handle_sup_timeout_ind
                0x00003d48       0x22 C:\Program Files (x86)\Cypress\PSoC Creator\3.1\PSoC Creator\psoc\content\cycomponentlibrary\CyComponentLibrary.cylib\BLE_v1_20\Library\gccCyBLEStack_BLE_SOC_PERIPHERAL.a(ll_connection.o)
                0x00003d48                ll_fsm_handle_sup_timeout_ind

i.ll_fsm_move_to_disconnected_state
                0x00003d6a       0x94
 i.ll_fsm_move_to_disconnected_state
                0x00003d6a       0x94 C:\Program Files (x86)\Cypress\PSoC Creator\3.1\PSoC Creator\psoc\content\cycomponentlibrary\CyComponentLibrary.cylib\BLE_v1_20\Library\gccCyBLEStack_BLE_SOC_PERIPHERAL.a(ll_connection.o)
                0x00003d6a                ll_fsm_move_to_disconnected_state

i.ll_generate_connection_complete
                0x00003dfe       0x62
 i.ll_generate_connection_complete